pybullet build time: Aug 29 2026 17:03:42
pybullet build time: Aug 29 2026 17:03:42
pybullet build time: Aug 29 2026 17:03:42
pybullet build time: Aug 29 2026 17:03:42
pybullet build time: Aug 29 2026 17:03:42
pybullet build time: Aug 29 2026 17:03:42
pybullet build time: Aug 29 2026 17:03:42
pybullet build time: Aug 29 2026 17:03:42
pybullet build time: Aug 29 2026 17:03:42
pybullet build time: Aug 29 2026 17:03:42
pybullet build time: Aug 29 2026 17:03:42
pybullet build time: Aug 29 2026 17:03:42
### DOE_r01_s0  overrides=['p:W_LEVEL_MATCH=0.0', 'p:USE_UNDER_OVERHANG=0.0', 'p:SUPPORT_MIN_COVER=0.62978', 'p:SUPPORT_CENTROID_TOL=0.45', 'p:WALL_HEIGHT_TOL=0.05', 'p:SEAM_TOL=0.05', 'p:WASTE_CELL=0.03', 'p:TOP_TOL=0.02', 'p:OFFLINE_SEED_SALT=0'] patch=none
  O00              fill= 42.7 cog= 53.5 stab= 34.8 place=100.0 soft= 66.7 | comp= 59.5 packed=58.0% disp=0.105
  O01              fill= 43.1 cog= 52.2 stab= 31.5 place= 87.5 soft=100.0 | comp= 62.9 packed=60.0% disp=0.116
  O02              fill= 45.3 cog= 51.7 stab= 30.0 place= 62.5 soft= 87.5 | comp= 55.4 packed=62.0% disp=0.120
  O03              fill= 46.4 cog= 53.0 stab= 27.1 place= 96.7 soft=100.0 | comp= 64.7 packed=85.0% disp=0.130
  O04              fill= 33.5 cog= 51.3 stab= 30.8 place=100.0 soft= 70.0 | comp= 57.1 packed=66.2% disp=0.118
  O05              fill= 38.3 cog= 49.0 stab= 27.4 place= 83.3 soft=100.0 | comp= 59.6 packed=54.0% disp=0.130
  O06              fill= 32.4 cog= 45.1 stab= 24.6 place=100.0 soft=100.0 | comp= 60.4 packed=60.0% disp=0.140
  O07              fill= 44.3 cog= 51.1 stab= 35.8 place=100.0 soft=100.0 | comp= 66.2 packed=66.0% disp=0.103
  O08              fill= 48.9 cog= 49.4 stab= 35.1 place= 90.9 soft=100.0 | comp= 64.9 packed=68.9% disp=0.105
  O09              fill= 49.0 cog= 49.7 stab= 41.7 place=100.0 soft=100.0 | comp= 68.1 packed=64.0% disp=0.087
  O10              fill= 52.1 cog= 50.4 stab= 34.2 place=100.0 soft= 91.7 | comp= 65.7 packed=95.0% disp=0.107
  O11              fill= 33.8 cog= 46.7 stab= 29.9 place= 80.0 soft= 75.0 | comp= 53.1 packed=52.5% disp=0.121
  O12              fill= 46.0 cog= 51.1 stab= 22.8 place=100.0 soft= 94.4 | comp= 62.9 packed=85.0% disp=0.148
  O13              fill= 31.8 cog= 50.8 stab=  5.1 place=100.0 soft=100.0 | comp= 57.5 packed=55.0% disp=0.297
  O14              fill= 40.9 cog= 50.5 stab= 36.1 place=100.0 soft= 90.0 | comp= 63.5 packed=63.0% disp=0.102
  O15              fill= 38.9 cog= 49.7 stab= 19.9 place=100.0 soft= 87.5 | comp= 59.2 packed=56.0% disp=0.161
  O16              fill= 38.1 cog= 54.3 stab= 19.2 place=100.0 soft= 50.0 | comp= 52.3 packed=56.0% disp=0.165
  O17              fill= 41.8 cog= 53.4 stab= 24.2 place=100.0 soft=100.0 | comp= 63.9 packed=58.0% disp=0.142
  O18              fill= 44.1 cog= 52.3 stab= 24.6 place=100.0 soft= 66.7 | comp= 57.5 packed=71.1% disp=0.140
  O19              fill= 41.4 cog= 50.2 stab= 27.4 place=100.0 soft=100.0 | comp= 63.8 packed=60.0% disp=0.129
  O20              fill= 39.4 cog= 45.1 stab= 34.2 place= 83.3 soft= 80.0 | comp= 56.4 packed=62.5% disp=0.107
  O21              fill= 41.6 cog= 49.3 stab= 31.8 place=100.0 soft=100.0 | comp= 64.6 packed=55.0% disp=0.114
  O22              fill= 44.8 cog= 51.2 stab= 25.7 place=100.0 soft= 90.0 | comp= 62.3 packed=80.0% disp=0.136
  O23              fill= 43.7 cog= 50.8 stab= 21.5 place= 50.0 soft= 83.3 | comp= 49.9 packed=82.5% disp=0.154
  O24              fill= 34.1 cog= 45.9 stab= 23.7 place=100.0 soft=100.0 | comp= 60.7 packed=46.0% disp=0.144
  O25              fill= 46.6 cog= 51.3 stab= 34.0 place=100.0 soft=100.0 | comp= 66.4 packed=60.0% disp=0.108
  O26              fill= 39.1 cog= 49.9 stab= 25.6 place=100.0 soft=100.0 | comp= 62.9 packed=67.5% disp=0.136
  O27              fill= 44.7 cog= 52.5 stab= 29.4 place=100.0 soft=100.0 | comp= 65.3 packed=71.1% disp=0.122
  O28              fill= 40.2 cog= 51.5 stab= 20.0 place= 90.0 soft= 75.0 | comp= 55.3 packed=61.1% disp=0.161
  O29              fill= 36.9 cog= 43.4 stab= 33.3 place=100.0 soft=100.0 | comp= 62.7 packed=57.5% disp=0.110
  O30              fill= 37.4 cog= 44.4 stab= 33.4 place=100.0 soft=100.0 | comp= 63.0 packed=46.0% disp=0.110
  O31              fill= 37.9 cog= 48.9 stab= 26.5 place=100.0 soft=100.0 | comp= 62.7 packed=63.3% disp=0.133
  == norm%=56.08 fill=41.22 cog=49.99 stab=28.17 place=94.51 soft=90.87 | COMPOSITE=60.95 packed=64.0%  [321s]
