pybullet build time: Aug 29 2026 17:03:42
pybullet build time: Aug 29 2026 17:03:42
pybullet build time: Aug 29 2026 17:03:42
pybullet build time: Aug 29 2026 17:03:42
pybullet build time: Aug 29 2026 17:03:42
pybullet build time: Aug 29 2026 17:03:42
pybullet build time: Aug 29 2026 17:03:42
pybullet build time: Aug 29 2026 17:03:42
pybullet build time: Aug 29 2026 17:03:42
pybullet build time: Aug 29 2026 17:03:42
pybullet build time: Aug 29 2026 17:03:42
pybullet build time: Aug 29 2026 17:03:42
### DOE_r10_s1  overrides=['p:W_LEVEL_MATCH=400.0', 'p:USE_UNDER_OVERHANG=0.0', 'p:SUPPORT_MIN_COVER=0.72', 'p:SUPPORT_CENTROID_TOL=0.35', 'p:WALL_HEIGHT_TOL=0.05', 'p:SEAM_TOL=0.03', 'p:WASTE_CELL=0.03', 'p:TOP_TOL=0.02', 'p:OFFLINE_SEED_SALT=1'] patch=none
  O00              fill= 40.4 cog= 52.0 stab= 22.8 place=100.0 soft=100.0 | comp= 63.0 packed=56.0% disp=0.148
  O01              fill= 31.9 cog= 56.6 stab=  9.1 place=100.0 soft=100.0 | comp= 59.5 packed=42.2% disp=0.240
  O02              fill= 34.8 cog= 55.6 stab= 10.1 place= 90.0 soft=100.0 | comp= 58.1 packed=53.0% disp=0.229
  O03              fill= 36.4 cog= 54.6 stab= 15.2 place=100.0 soft=100.0 | comp= 61.2 packed=77.5% disp=0.189
  O04              fill= 34.1 cog= 50.1 stab= 18.6 place=100.0 soft=100.0 | comp= 60.6 packed=56.2% disp=0.168
  O05              fill= 38.8 cog= 49.7 stab= 26.7 place= 80.0 soft= 83.3 | comp= 55.7 packed=57.0% disp=0.132
  O06              fill= 29.7 cog= 50.4 stab= 20.5 place=100.0 soft=100.0 | comp= 60.1 packed=50.0% disp=0.158
  O07              fill= 43.8 cog= 55.2 stab= 17.1 place= 78.6 soft= 83.3 | comp= 55.6 packed=68.0% disp=0.177
  O08              fill= 38.8 cog= 56.2 stab= 20.6 place= 75.0 soft=100.0 | comp= 58.1 packed=55.6% disp=0.158
  O09              fill= 38.3 cog= 55.5 stab= 18.3 place=100.0 soft=100.0 | comp= 62.4 packed=50.0% disp=0.170
  O10              fill= 47.9 cog= 53.3 stab= 31.7 place=100.0 soft= 91.7 | comp= 64.9 packed=90.0% disp=0.115
  O11              fill= 33.8 cog= 46.7 stab= 27.6 place= 87.5 soft= 75.0 | comp= 54.1 packed=52.5% disp=0.129
  O12              fill= 39.2 cog= 53.3 stab= 15.0 place=100.0 soft= 90.0 | comp= 59.5 packed=73.8% disp=0.190
  O13              fill= 38.6 cog= 51.8 stab= 17.9 place=100.0 soft=100.0 | comp= 61.7 packed=72.5% disp=0.172
  O14              fill= 38.7 cog= 54.7 stab= 16.0 place=100.0 soft=100.0 | comp= 61.9 packed=55.0% disp=0.183
  O15              fill= 43.5 cog= 55.0 stab= 22.5 place= 50.0 soft= 50.0 | comp= 44.2 packed=66.0% disp=0.149
  O16              fill= 44.2 cog= 54.2 stab= 21.8 place=100.0 soft=100.0 | comp= 64.0 packed=66.0% disp=0.152
  O17              fill= 38.6 cog= 56.0 stab= 19.4 place=100.0 soft=100.0 | comp= 62.8 packed=56.0% disp=0.164
  O18              fill= 40.8 cog= 55.2 stab= 21.7 place=100.0 soft= 83.3 | comp= 60.2 packed=71.1% disp=0.153
  O19              fill= 40.5 cog= 54.8 stab= 19.2 place=100.0 soft=100.0 | comp= 62.9 packed=55.0% disp=0.165
  O20              fill= 30.9 cog= 46.9 stab= 58.1 place= 70.0 soft=100.0 | comp= 61.2 packed=50.0% disp=0.054
  O21              fill= 39.2 cog= 52.3 stab= 28.4 place=100.0 soft= 83.3 | comp= 60.7 packed=55.0% disp=0.126
  O22              fill= 36.8 cog= 53.8 stab= 12.0 place=100.0 soft=100.0 | comp= 60.5 packed=65.0% disp=0.212
  O23              fill= 39.8 cog= 52.2 stab= 24.3 place= 75.0 soft=100.0 | comp= 58.2 packed=82.5% disp=0.142
  O24              fill= 35.4 cog= 46.5 stab= 26.5 place= 80.0 soft=100.0 | comp= 57.7 packed=48.0% disp=0.133
  O25              fill= 41.9 cog= 53.1 stab= 20.6 place=100.0 soft=100.0 | comp= 63.1 packed=56.0% disp=0.158
  O26              fill= 43.0 cog= 53.2 stab= 24.5 place=100.0 soft=100.0 | comp= 64.2 packed=80.0% disp=0.141
  O27              fill= 34.4 cog= 54.5 stab= 24.7 place=100.0 soft=100.0 | comp= 62.7 packed=55.6% disp=0.140
  O28              fill= 38.8 cog= 55.5 stab= 17.8 place=100.0 soft=100.0 | comp= 62.4 packed=62.2% disp=0.173
  O29              fill= 33.5 cog= 47.8 stab= 34.0 place=100.0 soft=100.0 | comp= 63.0 packed=52.5% disp=0.108
  O30              fill= 33.5 cog= 46.1 stab= 29.7 place= 87.5 soft=100.0 | comp= 59.4 packed=42.0% disp=0.121
  O31              fill= 34.1 cog= 50.7 stab= 22.5 place= 50.0 soft= 90.0 | comp= 49.5 packed=54.4% disp=0.149
  == norm%=51.68 fill=37.94 cog=52.61 stab=22.34 place=91.36 soft=94.69 | COMPOSITE=59.79 packed=60.2%  [302s]
