pybullet build time: Aug 29 2026 17:03:42
pybullet build time: Aug 29 2026 17:03:42
pybullet build time: Aug 29 2026 17:03:42
pybullet build time: Aug 29 2026 17:03:42
pybullet build time: Aug 29 2026 17:03:42
pybullet build time: Aug 29 2026 17:03:42
pybullet build time: Aug 29 2026 17:03:42
pybullet build time: Aug 29 2026 17:03:42
pybullet build time: Aug 29 2026 17:03:42
pybullet build time: Aug 29 2026 17:03:42
pybullet build time: Aug 29 2026 17:03:42
pybullet build time: Aug 29 2026 17:03:42
### DOE_r09_s1  overrides=['p:W_LEVEL_MATCH=400.0', 'p:USE_UNDER_OVERHANG=0.0', 'p:SUPPORT_MIN_COVER=0.62978', 'p:SUPPORT_CENTROID_TOL=0.45', 'p:WALL_HEIGHT_TOL=0.05', 'p:SEAM_TOL=0.03', 'p:WASTE_CELL=0.02', 'p:TOP_TOL=0.012', 'p:OFFLINE_SEED_SALT=1'] patch=none
  O00              fill= 33.7 cog= 55.2 stab= 31.1 place=100.0 soft=100.0 | comp= 64.0 packed=40.0% disp=0.117
  O01              fill= 35.0 cog= 53.4 stab=  9.3 place=100.0 soft=100.0 | comp= 59.5 packed=46.7% disp=0.238
  O02              fill= 46.0 cog= 51.1 stab= 24.0 place= 83.3 soft=100.0 | comp= 60.9 packed=64.0% disp=0.143
  O03              fill= 42.2 cog= 50.4 stab= 23.2 place= 96.4 soft=100.0 | comp= 62.4 packed=76.2% disp=0.146
  O04              fill= 40.4 cog= 49.1 stab= 29.8 place=100.0 soft= 60.0 | comp= 55.9 packed=67.5% disp=0.121
  O05              fill= 36.2 cog= 48.7 stab= 27.9 place=100.0 soft=100.0 | comp= 62.6 packed=50.0% disp=0.127
  O06              fill= 36.7 cog= 46.7 stab= 33.7 place= 62.5 soft= 62.5 | comp= 48.4 packed=65.0% disp=0.109
  O07              fill= 45.8 cog= 50.0 stab= 29.2 place=100.0 soft=100.0 | comp= 65.0 packed=68.0% disp=0.123
  O08              fill= 41.8 cog= 52.5 stab= 20.1 place= 75.0 soft=100.0 | comp= 57.9 packed=55.6% disp=0.161
  O09              fill= 39.6 cog= 51.5 stab= 26.3 place=100.0 soft= 75.0 | comp= 58.5 packed=50.0% disp=0.134
  O10              fill= 42.5 cog= 52.2 stab= 22.2 place= 75.0 soft=100.0 | comp= 58.4 packed=77.5% disp=0.151
  O11              fill= 36.1 cog= 47.3 stab= 33.8 place=100.0 soft= 50.0 | comp= 53.4 packed=57.5% disp=0.108
  O12              fill= 42.0 cog= 50.3 stab= 20.1 place=100.0 soft=100.0 | comp= 62.5 packed=82.5% disp=0.160
  O13              fill= 37.8 cog= 53.5 stab= 19.4 place=100.0 soft=100.0 | comp= 62.1 packed=70.0% disp=0.164
  O14              fill= 41.7 cog= 50.3 stab= 25.6 place=100.0 soft=100.0 | comp= 63.5 packed=62.0% disp=0.136
  O15              fill= 42.9 cog= 50.3 stab= 25.4 place=100.0 soft=100.0 | comp= 63.7 packed=62.0% disp=0.137
  O16              fill= 41.2 cog= 52.7 stab= 23.0 place=100.0 soft=100.0 | comp= 63.4 packed=58.0% disp=0.147
  O17              fill= 36.0 cog= 52.7 stab= 16.9 place= 83.3 soft=100.0 | comp= 57.8 packed=52.0% disp=0.178
  O18              fill= 41.5 cog= 49.6 stab= 23.0 place=100.0 soft=100.0 | comp= 62.8 packed=74.4% disp=0.147
  O19              fill= 40.5 cog= 51.0 stab= 21.2 place=100.0 soft= 85.7 | comp= 59.7 packed=59.0% disp=0.155
  O20              fill= 39.9 cog= 43.8 stab= 44.7 place= 92.9 soft=100.0 | comp= 64.3 packed=57.5% disp=0.081
  O21              fill= 37.9 cog= 49.9 stab= 30.2 place=100.0 soft=100.0 | comp= 63.6 packed=50.0% disp=0.120
  O22              fill= 39.3 cog= 51.7 stab= 20.3 place=100.0 soft=100.0 | comp= 62.2 packed=67.5% disp=0.160
  O23              fill= 32.7 cog= 53.3 stab= 30.3 place=100.0 soft= 87.5 | comp= 60.8 packed=77.5% disp=0.120
  O24              fill= 30.2 cog= 48.4 stab= 28.0 place= 66.7 soft=100.0 | comp= 54.7 packed=40.0% disp=0.127
  O25              fill= 31.2 cog= 54.4 stab= 13.0 place=100.0 soft= 50.0 | comp= 49.7 packed=42.0% disp=0.204
  O26              fill= 44.6 cog= 52.4 stab= 31.7 place= 83.3 soft=100.0 | comp= 62.4 packed=80.0% disp=0.115
  O27              fill= 39.1 cog= 55.5 stab= 15.8 place=100.0 soft= 50.0 | comp= 52.1 packed=62.2% disp=0.185
  O28              fill= 40.4 cog= 52.2 stab= 29.0 place=100.0 soft= 50.0 | comp= 54.3 packed=62.2% disp=0.124
  O29              fill= 38.5 cog= 43.7 stab= 35.9 place= 85.7 soft=100.0 | comp= 60.8 packed=60.0% disp=0.103
  O30              fill= 34.8 cog= 48.0 stab= 20.0 place=100.0 soft=100.0 | comp= 60.6 packed=44.0% disp=0.161
  O31              fill= 31.9 cog= 51.0 stab= 14.9 place= 50.0 soft=100.0 | comp= 49.6 packed=53.3% disp=0.191
  == norm%=52.93 fill=38.75 cog=50.71 stab=24.96 place=92.32 soft=89.71 | COMPOSITE=59.29 packed=60.4%  [299s]
