pybullet build time: Aug 29 2026 17:03:42
pybullet build time: Aug 29 2026 17:03:42
pybullet build time: Aug 29 2026 17:03:42
pybullet build time: Aug 29 2026 17:03:42
pybullet build time: Aug 29 2026 17:03:42
pybullet build time: Aug 29 2026 17:03:42
pybullet build time: Aug 29 2026 17:03:42
pybullet build time: Aug 29 2026 17:03:42
pybullet build time: Aug 29 2026 17:03:42
pybullet build time: Aug 29 2026 17:03:42
pybullet build time: Aug 29 2026 17:03:42
pybullet build time: Aug 29 2026 17:03:42
### DOE_r00_s1  overrides=['p:W_LEVEL_MATCH=0.0', 'p:USE_UNDER_OVERHANG=0.0', 'p:SUPPORT_MIN_COVER=0.62978', 'p:SUPPORT_CENTROID_TOL=0.35', 'p:WALL_HEIGHT_TOL=0.035', 'p:SEAM_TOL=0.03', 'p:WASTE_CELL=0.03', 'p:TOP_TOL=0.012', 'p:OFFLINE_SEED_SALT=1'] patch=none
  O00              fill= 42.1 cog= 55.5 stab= 21.3 place= 50.0 soft=100.0 | comp= 53.8 packed=54.0% disp=0.154
  O01              fill= 46.6 cog= 51.2 stab= 38.8 place=100.0 soft= 83.3 | comp= 64.0 packed=68.9% disp=0.095
  O02              fill= 43.0 cog= 52.1 stab= 29.3 place=100.0 soft=100.0 | comp= 64.9 packed=58.0% disp=0.123
  O03              fill= 43.2 cog= 51.6 stab= 26.2 place= 86.7 soft= 92.9 | comp= 60.1 packed=78.8% disp=0.134
  O04              fill= 37.8 cog= 49.5 stab= 25.1 place=100.0 soft= 83.3 | comp= 59.2 packed=62.5% disp=0.138
  O05              fill= 38.2 cog= 50.0 stab= 30.2 place= 91.7 soft= 70.0 | comp= 56.0 packed=58.0% disp=0.120
  O06              fill= 37.2 cog= 44.8 stab= 35.0 place= 66.7 soft=100.0 | comp= 56.7 packed=65.0% disp=0.105
  O07              fill= 46.3 cog= 49.6 stab= 20.0 place=100.0 soft=100.0 | comp= 63.2 packed=68.0% disp=0.161
  O08              fill= 48.1 cog= 50.5 stab= 37.7 place=100.0 soft=100.0 | comp= 67.3 packed=68.9% disp=0.098
  O09              fill= 48.2 cog= 50.7 stab= 32.6 place=100.0 soft=100.0 | comp= 66.3 packed=62.0% disp=0.112
  O10              fill= 52.9 cog= 51.3 stab= 37.4 place=100.0 soft=100.0 | comp= 68.3 packed=95.0% disp=0.098
  O11              fill= 34.5 cog= 46.7 stab= 26.3 place= 66.7 soft=100.0 | comp= 54.8 packed=52.5% disp=0.134
  O12              fill= 41.2 cog= 49.6 stab= 24.3 place=100.0 soft=100.0 | comp= 63.0 packed=77.5% disp=0.141
  O13              fill= 41.4 cog= 51.8 stab= 18.5 place=100.0 soft= 50.0 | comp= 52.3 packed=75.0% disp=0.168
  O14              fill= 41.1 cog= 51.4 stab= 31.4 place=100.0 soft=100.0 | comp= 64.8 packed=63.0% disp=0.116
  O15              fill= 41.7 cog= 53.1 stab= 27.7 place=100.0 soft=100.0 | comp= 64.5 packed=62.0% disp=0.128
  O16              fill= 44.4 cog= 51.3 stab= 25.5 place=100.0 soft= 80.0 | comp= 60.2 packed=64.0% disp=0.137
  O17              fill= 46.7 cog= 51.3 stab= 30.5 place= 75.0 soft=100.0 | comp= 60.7 packed=64.0% disp=0.119
  O18              fill= 41.1 cog= 51.2 stab= 23.0 place=100.0 soft=100.0 | comp= 63.1 packed=65.6% disp=0.147
  O19              fill= 44.4 cog= 52.7 stab= 29.9 place=100.0 soft=100.0 | comp= 65.4 packed=57.0% disp=0.121
  O20              fill= 37.4 cog= 46.7 stab= 29.0 place=100.0 soft=100.0 | comp= 62.6 packed=57.5% disp=0.124
  O21              fill= 39.4 cog= 50.0 stab= 24.4 place=100.0 soft=100.0 | comp= 62.8 packed=52.0% disp=0.141
  O22              fill= 40.2 cog= 51.6 stab= 22.0 place=100.0 soft=100.0 | comp= 62.8 packed=72.5% disp=0.151
  O23              fill= 45.7 cog= 54.9 stab= 27.7 place=100.0 soft=100.0 | comp= 65.7 packed=87.5% disp=0.128
  O24              fill= 37.2 cog= 46.8 stab= 30.8 place= 90.0 soft=100.0 | comp= 61.0 packed=50.0% disp=0.118
  O25              fill= 46.6 cog= 51.9 stab= 31.8 place=100.0 soft=100.0 | comp= 66.1 packed=60.0% disp=0.114
  O26              fill= 40.7 cog= 50.9 stab= 29.1 place=100.0 soft=100.0 | comp= 64.1 packed=72.5% disp=0.123
  O27              fill= 43.6 cog= 54.2 stab= 25.1 place=100.0 soft=100.0 | comp= 64.6 packed=68.9% disp=0.138
  O28              fill= 42.8 cog= 50.8 stab= 26.5 place=100.0 soft=100.0 | comp= 64.0 packed=66.7% disp=0.133
  O29              fill= 35.1 cog= 44.6 stab= 43.2 place= 70.0 soft=100.0 | comp= 58.6 packed=55.0% disp=0.084
  O30              fill= 38.1 cog= 44.5 stab= 31.7 place=100.0 soft=100.0 | comp= 62.9 packed=46.0% disp=0.115
  O31              fill= 39.3 cog= 49.5 stab= 26.1 place= 75.0 soft= 62.5 | comp= 50.5 packed=62.2% disp=0.134
  == norm%=57.25 fill=42.07 cog=50.39 stab=28.70 place=92.86 soft=94.44 | COMPOSITE=61.69 packed=64.7%  [307s]
