pybullet build time: Aug 29 2026 17:03:42
pybullet build time: Aug 29 2026 17:03:42
pybullet build time: Aug 29 2026 17:03:42
pybullet build time: Aug 29 2026 17:03:42
pybullet build time: Aug 29 2026 17:03:42
pybullet build time: Aug 29 2026 17:03:42
pybullet build time: Aug 29 2026 17:03:42
pybullet build time: Aug 29 2026 17:03:42
pybullet build time: Aug 29 2026 17:03:42
pybullet build time: Aug 29 2026 17:03:42
pybullet build time: Aug 29 2026 17:03:42
pybullet build time: Aug 29 2026 17:03:42
### DOE_r07_s0  overrides=['p:W_LEVEL_MATCH=0.0', 'p:USE_UNDER_OVERHANG=1.0', 'p:SUPPORT_MIN_COVER=0.72', 'p:SUPPORT_CENTROID_TOL=0.45', 'p:WALL_HEIGHT_TOL=0.05', 'p:SEAM_TOL=0.03', 'p:WASTE_CELL=0.03', 'p:TOP_TOL=0.012', 'p:OFFLINE_SEED_SALT=0'] patch=none
  O00              fill= 40.8 cog= 55.8 stab= 22.1 place= 50.0 soft= 83.3 | comp= 50.4 packed=56.0% disp=0.151
  O01              fill= 39.5 cog= 55.5 stab= 15.1 place= 87.5 soft=100.0 | comp= 59.5 packed=55.6% disp=0.189
  O02              fill= 45.9 cog= 54.5 stab= 23.8 place= 83.3 soft=100.0 | comp= 61.5 packed=65.0% disp=0.143
  O03              fill= 40.4 cog= 54.0 stab= 16.3 place= 96.2 soft=100.0 | comp= 61.3 packed=80.0% disp=0.182
  O04              fill= 36.6 cog= 54.2 stab= 22.4 place=100.0 soft=100.0 | comp= 62.6 packed=72.5% disp=0.150
  O05              fill= 36.9 cog= 53.4 stab= 15.1 place= 70.0 soft=100.0 | comp= 55.1 packed=57.0% disp=0.189
  O06              fill= 30.5 cog= 56.3 stab= 15.0 place=100.0 soft= 87.5 | comp= 57.9 packed=70.0% disp=0.190
  O07              fill= 42.5 cog= 54.6 stab= 24.5 place= 83.3 soft= 90.0 | comp= 59.0 packed=70.0% disp=0.141
  O08              fill= 39.5 cog= 54.8 stab= 17.8 place=100.0 soft=100.0 | comp= 62.4 packed=55.6% disp=0.173
  O09              fill= 40.8 cog= 55.5 stab= 18.0 place=100.0 soft=100.0 | comp= 62.9 packed=52.0% disp=0.172
  O10              fill= 46.5 cog= 52.8 stab= 26.9 place= 75.0 soft= 80.0 | comp= 56.2 packed=92.5% disp=0.131
  O11              fill= 40.5 cog= 52.9 stab= 30.8 place= 75.0 soft= 75.0 | comp= 54.9 packed=72.5% disp=0.118
  O12              fill= 41.6 cog= 55.4 stab= 17.8 place=100.0 soft=100.0 | comp= 63.0 packed=90.0% disp=0.172
  O13              fill= 45.1 cog= 52.2 stab= 23.9 place= 83.3 soft=100.0 | comp= 60.9 packed=87.5% disp=0.143
  O14              fill= 43.3 cog= 54.3 stab= 18.8 place=100.0 soft= 75.0 | comp= 58.3 packed=62.0% disp=0.167
  O15              fill= 43.9 cog= 53.5 stab= 17.3 place=100.0 soft=100.0 | comp= 63.0 packed=68.0% disp=0.175
  O16              fill= 42.0 cog= 54.6 stab= 23.8 place=100.0 soft= 92.9 | comp= 62.6 packed=68.0% disp=0.144
  O17              fill= 38.6 cog= 55.6 stab= 21.2 place= 83.3 soft=100.0 | comp= 59.8 packed=56.0% disp=0.155
  O18              fill= 40.1 cog= 54.9 stab= 12.6 place=100.0 soft=100.0 | comp= 61.5 packed=76.7% disp=0.207
  O19              fill= 43.0 cog= 54.3 stab= 23.5 place=100.0 soft=100.0 | comp= 64.2 packed=58.0% disp=0.145
  O20              fill= 37.4 cog= 52.5 stab= 25.5 place= 87.5 soft= 66.7 | comp= 53.9 packed=60.0% disp=0.137
  O21              fill= 39.9 cog= 53.9 stab= 21.7 place=100.0 soft= 83.3 | comp= 59.8 packed=60.0% disp=0.153
  O22              fill= 48.3 cog= 53.1 stab= 26.8 place=100.0 soft=100.0 | comp= 65.6 packed=90.0% disp=0.132
  O23              fill= 50.9 cog= 54.7 stab= 22.3 place= 66.7 soft= 80.8 | comp= 55.1 packed=100.0% disp=0.150
  O24              fill= 32.8 cog= 56.7 stab= 30.5 place=100.0 soft= 62.5 | comp= 56.5 packed=60.0% disp=0.119
  O25              fill= 42.0 cog= 54.8 stab= 14.4 place=100.0 soft= 66.7 | comp= 55.6 packed=58.0% disp=0.194
  O26              fill= 45.1 cog= 53.1 stab= 20.6 place= 83.3 soft= 91.7 | comp= 58.7 packed=82.5% disp=0.158
  O27              fill= 39.7 cog= 52.2 stab= 15.8 place=100.0 soft=100.0 | comp= 61.5 packed=66.7% disp=0.184
  O28              fill= 41.8 cog= 53.0 stab= 21.8 place=100.0 soft=100.0 | comp= 63.3 packed=67.8% disp=0.152
  O29              fill= 36.7 cog= 53.5 stab= 16.3 place=100.0 soft=100.0 | comp= 61.3 packed=67.5% disp=0.182
  O30              fill= 40.0 cog= 53.3 stab= 26.9 place=100.0 soft= 50.0 | comp= 54.1 packed=56.0% disp=0.131
  O31              fill= 41.3 cog= 53.4 stab= 18.1 place= 83.3 soft= 85.7 | comp= 56.4 packed=72.2% disp=0.171
  == norm%=56.08 fill=41.05 cog=54.17 stab=20.85 place=90.87 soft=89.72 | COMPOSITE=59.33 packed=68.9%  [337s]
