pybullet build time: Aug 29 2026 17:03:42
pybullet build time: Aug 29 2026 17:03:42
pybullet build time: Aug 29 2026 17:03:42
pybullet build time: Aug 29 2026 17:03:42
pybullet build time: Aug 29 2026 17:03:42
pybullet build time: Aug 29 2026 17:03:42
pybullet build time: Aug 29 2026 17:03:42
pybullet build time: Aug 29 2026 17:03:42
pybullet build time: Aug 29 2026 17:03:42
pybullet build time: Aug 29 2026 17:03:42
pybullet build time: Aug 29 2026 17:03:42
pybullet build time: Aug 29 2026 17:03:42
### DOE_r12_s0  overrides=['p:W_LEVEL_MATCH=400.0', 'p:USE_UNDER_OVERHANG=1.0', 'p:SUPPORT_MIN_COVER=0.62978', 'p:SUPPORT_CENTROID_TOL=0.35', 'p:WALL_HEIGHT_TOL=0.05', 'p:SEAM_TOL=0.05', 'p:WASTE_CELL=0.03', 'p:TOP_TOL=0.012', 'p:OFFLINE_SEED_SALT=0'] patch=none
  O00              fill= 39.5 cog= 51.9 stab= 28.4 place= 75.0 soft=100.0 | comp= 59.0 packed=50.0% disp=0.126
  O01              fill= 41.0 cog= 52.8 stab= 16.5 place=100.0 soft=100.0 | comp= 62.0 packed=53.3% disp=0.180
  O02              fill= 46.9 cog= 50.9 stab= 24.4 place=100.0 soft= 78.6 | comp= 60.2 packed=64.0% disp=0.141
  O03              fill= 38.9 cog= 52.4 stab= 13.0 place= 90.9 soft=100.0 | comp= 59.0 packed=70.0% disp=0.204
  O04              fill= 41.1 cog= 50.6 stab= 25.6 place=100.0 soft= 83.3 | comp= 60.1 packed=72.5% disp=0.136
  O05              fill= 39.1 cog= 56.0 stab= 29.6 place= 90.0 soft= 85.0 | comp= 59.9 packed=63.0% disp=0.122
  O06              fill= 26.6 cog= 56.5 stab=  5.5 place=100.0 soft=100.0 | comp= 57.7 packed=50.0% disp=0.290
  O07              fill= 44.3 cog= 52.5 stab= 26.9 place= 80.0 soft= 83.3 | comp= 57.4 packed=66.0% disp=0.131
  O08              fill= 41.8 cog= 51.9 stab= 31.2 place=100.0 soft=100.0 | comp= 65.0 packed=55.6% disp=0.117
  O09              fill= 44.2 cog= 51.4 stab= 36.6 place=100.0 soft=100.0 | comp= 66.5 packed=56.0% disp=0.101
  O10              fill= 44.0 cog= 53.1 stab= 30.6 place= 75.0 soft= 90.0 | comp= 58.5 packed=85.0% disp=0.118
  O11              fill= 37.1 cog= 51.8 stab= 23.3 place= 81.2 soft=100.0 | comp= 58.7 packed=65.0% disp=0.146
  O12              fill= 39.6 cog= 53.0 stab= 30.3 place=100.0 soft= 90.9 | comp= 62.8 packed=85.0% disp=0.119
  O13              fill= 42.5 cog= 50.9 stab= 23.5 place=100.0 soft=100.0 | comp= 63.4 packed=75.0% disp=0.145
  O14              fill= 42.9 cog= 51.1 stab= 29.4 place=100.0 soft= 64.3 | comp= 57.5 packed=64.0% disp=0.122
  O15              fill= 44.1 cog= 51.4 stab= 26.3 place=100.0 soft= 92.9 | comp= 62.9 packed=66.0% disp=0.133
  O16              fill= 40.7 cog= 52.9 stab= 29.5 place=100.0 soft=100.0 | comp= 64.6 packed=58.0% disp=0.122
  O17              fill= 44.2 cog= 52.9 stab= 34.4 place= 62.5 soft=100.0 | comp= 58.8 packed=62.0% disp=0.107
  O18              fill= 43.2 cog= 51.1 stab= 24.0 place=100.0 soft= 90.0 | comp= 61.7 packed=70.0% disp=0.143
  O19              fill= 41.0 cog= 50.7 stab= 21.3 place=100.0 soft=100.0 | comp= 62.6 packed=57.0% disp=0.155
  O20              fill= 37.1 cog= 53.3 stab= 32.3 place= 75.0 soft= 83.3 | comp= 56.2 packed=65.0% disp=0.113
  O21              fill= 38.3 cog= 53.2 stab= 25.2 place=100.0 soft= 78.6 | comp= 59.1 packed=58.0% disp=0.138
  O22              fill= 45.9 cog= 51.9 stab= 17.5 place=100.0 soft= 91.7 | comp= 61.4 packed=82.5% disp=0.174
  O23              fill= 48.3 cog= 53.5 stab= 32.5 place= 50.0 soft= 77.3 | comp= 52.3 packed=95.0% disp=0.112
  O24              fill= 33.1 cog= 53.4 stab= 20.2 place= 83.3 soft=100.0 | comp= 58.0 packed=52.0% disp=0.160
  O25              fill= 45.3 cog= 51.8 stab= 29.4 place=100.0 soft=100.0 | comp= 65.3 packed=58.0% disp=0.122
  O26              fill= 40.2 cog= 53.5 stab= 21.8 place=100.0 soft=100.0 | comp= 63.1 packed=80.0% disp=0.152
  O27              fill= 47.0 cog= 54.1 stab= 17.8 place=100.0 soft= 68.8 | comp= 57.5 packed=75.6% disp=0.172
  O28              fill= 35.5 cog= 52.1 stab= 12.7 place= 87.5 soft=100.0 | comp= 57.5 packed=54.4% disp=0.206
  O29              fill= 42.4 cog= 50.8 stab= 23.7 place= 78.6 soft= 75.0 | comp= 54.1 packed=77.5% disp=0.144
  O30              fill= 37.9 cog= 52.2 stab= 29.4 place=100.0 soft=100.0 | comp= 63.9 packed=54.0% disp=0.122
  O31              fill= 35.3 cog= 52.9 stab= 17.0 place= 83.3 soft=100.0 | comp= 57.7 packed=63.3% disp=0.177
  == norm%=55.70 fill=40.91 cog=52.45 stab=24.68 place=91.01 soft=91.65 | COMPOSITE=60.14 packed=65.7%  [315s]
