pybullet build time: Aug 29 2026 17:03:42
pybullet build time: Aug 29 2026 17:03:42
pybullet build time: Aug 29 2026 17:03:42
pybullet build time: Aug 29 2026 17:03:42
pybullet build time: Aug 29 2026 17:03:42
pybullet build time: Aug 29 2026 17:03:42
pybullet build time: Aug 29 2026 17:03:42
pybullet build time: Aug 29 2026 17:03:42
pybullet build time: Aug 29 2026 17:03:42
pybullet build time: Aug 29 2026 17:03:42
pybullet build time: Aug 29 2026 17:03:42
pybullet build time: Aug 29 2026 17:03:42
### DOE_r01_s1  overrides=['p:W_LEVEL_MATCH=0.0', 'p:USE_UNDER_OVERHANG=0.0', 'p:SUPPORT_MIN_COVER=0.62978', 'p:SUPPORT_CENTROID_TOL=0.45', 'p:WALL_HEIGHT_TOL=0.05', 'p:SEAM_TOL=0.05', 'p:WASTE_CELL=0.03', 'p:TOP_TOL=0.02', 'p:OFFLINE_SEED_SALT=1'] patch=none
  O00              fill= 45.2 cog= 54.7 stab= 29.4 place= 50.0 soft=100.0 | comp= 55.9 packed=60.0% disp=0.122
  O01              fill= 45.5 cog= 52.2 stab= 36.8 place=100.0 soft= 83.3 | comp= 63.6 packed=68.9% disp=0.100
  O02              fill= 43.7 cog= 51.6 stab= 26.6 place= 75.0 soft=100.0 | comp= 59.4 packed=59.0% disp=0.133
  O03              fill= 41.9 cog= 53.9 stab= 25.9 place= 80.0 soft= 92.9 | comp= 58.9 packed=78.8% disp=0.135
  O04              fill= 39.5 cog= 49.0 stab= 28.3 place=100.0 soft= 83.3 | comp= 60.0 packed=66.2% disp=0.126
  O05              fill= 37.5 cog= 49.7 stab= 26.5 place= 91.7 soft= 72.2 | comp= 55.5 packed=57.0% disp=0.133
  O06              fill= 34.1 cog= 47.3 stab= 32.0 place= 83.3 soft= 50.0 | comp= 49.3 packed=57.5% disp=0.114
  O07              fill= 40.5 cog= 50.1 stab= 15.9 place=100.0 soft=100.0 | comp= 61.3 packed=60.0% disp=0.184
  O08              fill= 48.7 cog= 50.0 stab= 38.2 place= 94.4 soft=100.0 | comp= 66.3 packed=68.9% disp=0.096
  O09              fill= 48.2 cog= 50.7 stab= 32.6 place=100.0 soft=100.0 | comp= 66.3 packed=62.0% disp=0.112
  O10              fill= 52.9 cog= 51.3 stab= 37.4 place=100.0 soft=100.0 | comp= 68.3 packed=95.0% disp=0.098
  O11              fill= 34.5 cog= 46.7 stab= 26.3 place= 66.7 soft=100.0 | comp= 54.8 packed=52.5% disp=0.134
  O12              fill= 41.2 cog= 49.6 stab= 24.3 place=100.0 soft=100.0 | comp= 63.0 packed=77.5% disp=0.141
  O13              fill= 41.4 cog= 51.1 stab= 19.8 place=100.0 soft= 50.0 | comp= 52.5 packed=75.0% disp=0.162
  O14              fill= 41.8 cog= 50.6 stab= 33.5 place=100.0 soft= 90.0 | comp= 63.2 packed=63.0% disp=0.109
  O15              fill= 39.3 cog= 54.4 stab= 23.4 place=100.0 soft= 91.7 | comp= 61.7 packed=58.0% disp=0.145
  O16              fill= 44.4 cog= 51.3 stab= 27.0 place=100.0 soft= 80.0 | comp= 60.6 packed=64.0% disp=0.131
  O17              fill= 46.7 cog= 51.3 stab= 30.5 place= 75.0 soft=100.0 | comp= 60.7 packed=64.0% disp=0.119
  O18              fill= 41.2 cog= 51.3 stab= 24.7 place=100.0 soft= 87.5 | comp= 61.0 packed=65.6% disp=0.140
  O19              fill= 44.4 cog= 52.7 stab= 31.7 place=100.0 soft=100.0 | comp= 65.7 packed=57.0% disp=0.115
  O20              fill= 33.0 cog= 46.0 stab= 33.1 place=100.0 soft=100.0 | comp= 62.4 packed=50.0% disp=0.111
  O21              fill= 38.8 cog= 50.2 stab= 26.9 place=100.0 soft=100.0 | comp= 63.2 packed=51.0% disp=0.131
  O22              fill= 40.2 cog= 51.6 stab= 22.0 place=100.0 soft=100.0 | comp= 62.8 packed=72.5% disp=0.151
  O23              fill= 45.7 cog= 54.9 stab= 30.1 place=100.0 soft=100.0 | comp= 66.1 packed=87.5% disp=0.120
  O24              fill= 34.1 cog= 46.0 stab= 22.3 place= 87.5 soft=100.0 | comp= 58.0 packed=46.0% disp=0.150
  O25              fill= 46.6 cog= 52.1 stab= 32.7 place=100.0 soft= 75.0 | comp= 61.3 packed=60.0% disp=0.112
  O26              fill= 40.7 cog= 50.9 stab= 29.1 place=100.0 soft=100.0 | comp= 64.1 packed=72.5% disp=0.123
  O27              fill= 43.6 cog= 54.2 stab= 25.1 place=100.0 soft=100.0 | comp= 64.6 packed=68.9% disp=0.138
  O28              fill= 41.4 cog= 51.6 stab= 25.7 place=100.0 soft= 66.7 | comp= 57.1 packed=68.9% disp=0.136
  O29              fill= 35.1 cog= 44.6 stab= 43.2 place= 70.0 soft=100.0 | comp= 58.6 packed=55.0% disp=0.084
  O30              fill= 38.6 cog= 43.6 stab= 33.4 place=100.0 soft=100.0 | comp= 63.1 packed=46.0% disp=0.110
  O31              fill= 35.5 cog= 50.3 stab= 21.7 place=100.0 soft= 75.0 | comp= 56.5 packed=60.0% disp=0.153
  == norm%=56.34 fill=41.43 cog=50.48 stab=28.62 place=92.93 soft=90.55 | COMPOSITE=60.80 packed=64.0%  [311s]
