pybullet build time: Aug 29 2026 17:03:42
pybullet build time: Aug 29 2026 17:03:42
pybullet build time: Aug 29 2026 17:03:42
pybullet build time: Aug 29 2026 17:03:42
pybullet build time: Aug 29 2026 17:03:42
pybullet build time: Aug 29 2026 17:03:42
pybullet build time: Aug 29 2026 17:03:42
pybullet build time: Aug 29 2026 17:03:42
pybullet build time: Aug 29 2026 17:03:42
pybullet build time: Aug 29 2026 17:03:42
pybullet build time: Aug 29 2026 17:03:42
pybullet build time: Aug 29 2026 17:03:42
### DOE_r15_s1  overrides=['p:W_LEVEL_MATCH=400.0', 'p:USE_UNDER_OVERHANG=1.0', 'p:SUPPORT_MIN_COVER=0.72', 'p:SUPPORT_CENTROID_TOL=0.45', 'p:WALL_HEIGHT_TOL=0.05', 'p:SEAM_TOL=0.05', 'p:WASTE_CELL=0.02', 'p:TOP_TOL=0.02', 'p:OFFLINE_SEED_SALT=1'] patch=none
  O00              fill= 39.6 cog= 57.4 stab= 23.5 place= 50.0 soft= 50.0 | comp= 44.1 packed=54.0% disp=0.145
  O01              fill= 34.0 cog= 56.9 stab=  4.5 place=100.0 soft=100.0 | comp= 59.1 packed=46.7% disp=0.311
  O02              fill= 42.5 cog= 54.0 stab= 24.9 place= 91.7 soft=100.0 | comp= 62.6 packed=61.0% disp=0.139
  O03              fill= 41.2 cog= 54.1 stab= 17.3 place= 96.4 soft=100.0 | comp= 61.8 packed=78.8% disp=0.176
  O04              fill= 36.6 cog= 54.0 stab= 23.6 place=100.0 soft=100.0 | comp= 62.9 packed=66.2% disp=0.144
  O05              fill= 35.9 cog= 52.3 stab= 18.9 place= 90.0 soft= 83.3 | comp= 56.1 packed=53.0% disp=0.167
  O06              fill= 34.4 cog= 55.5 stab= 26.7 place=100.0 soft= 75.0 | comp= 58.3 packed=72.5% disp=0.132
  O07              fill= 38.7 cog= 55.3 stab= 13.5 place= 70.0 soft= 83.3 | comp= 52.2 packed=60.0% disp=0.201
  O08              fill= 38.7 cog= 57.0 stab= 23.2 place=100.0 soft=100.0 | comp= 63.8 packed=53.3% disp=0.146
  O09              fill= 38.3 cog= 55.5 stab= 18.3 place=100.0 soft=100.0 | comp= 62.4 packed=50.0% disp=0.170
  O10              fill= 47.9 cog= 53.3 stab= 31.7 place=100.0 soft= 91.7 | comp= 64.9 packed=90.0% disp=0.115
  O11              fill= 33.0 cog= 56.3 stab= 16.9 place= 78.6 soft=100.0 | comp= 57.0 packed=60.0% disp=0.178
  O12              fill= 32.7 cog= 54.9 stab= 18.1 place=100.0 soft= 90.0 | comp= 59.1 packed=75.0% disp=0.171
  O13              fill= 42.0 cog= 53.2 stab= 12.7 place=100.0 soft=100.0 | comp= 61.6 packed=82.5% disp=0.206
  O14              fill= 40.6 cog= 53.6 stab= 18.6 place=100.0 soft=100.0 | comp= 62.6 packed=60.0% disp=0.168
  O15              fill= 43.5 cog= 55.0 stab= 22.5 place= 50.0 soft= 50.0 | comp= 44.2 packed=66.0% disp=0.149
  O16              fill= 44.2 cog= 54.2 stab= 21.8 place=100.0 soft=100.0 | comp= 64.0 packed=66.0% disp=0.152
  O17              fill= 38.6 cog= 56.0 stab= 19.4 place=100.0 soft=100.0 | comp= 62.8 packed=56.0% disp=0.164
  O18              fill= 41.0 cog= 54.3 stab= 18.4 place=100.0 soft=100.0 | comp= 62.8 packed=72.2% disp=0.169
  O19              fill= 42.8 cog= 55.0 stab= 17.3 place=100.0 soft= 75.0 | comp= 58.0 packed=59.0% disp=0.175
  O20              fill= 38.9 cog= 53.2 stab= 26.7 place= 83.3 soft=100.0 | comp= 60.4 packed=67.5% disp=0.132
  O21              fill= 38.7 cog= 54.6 stab= 13.6 place=100.0 soft= 75.0 | comp= 56.4 packed=56.0% disp=0.199
  O22              fill= 33.6 cog= 53.9 stab=  8.1 place=100.0 soft=100.0 | comp= 59.1 packed=57.5% disp=0.252
  O23              fill= 39.6 cog= 54.1 stab= 31.8 place= 50.0 soft=100.0 | comp= 55.1 packed=82.5% disp=0.115
  O24              fill= 39.3 cog= 54.2 stab= 25.1 place= 70.0 soft=100.0 | comp= 57.7 packed=60.0% disp=0.138
  O25              fill= 37.5 cog= 54.3 stab= 11.5 place=100.0 soft=100.0 | comp= 60.7 packed=48.0% disp=0.217
  O26              fill= 42.6 cog= 52.7 stab= 27.5 place= 83.3 soft=100.0 | comp= 61.2 packed=80.0% disp=0.129
  O27              fill= 32.8 cog= 54.7 stab= 11.0 place=100.0 soft=100.0 | comp= 59.7 packed=48.9% disp=0.220
  O28              fill= 37.2 cog= 54.8 stab= 16.3 place= 87.5 soft=100.0 | comp= 59.2 packed=58.9% disp=0.181
  O29              fill= 34.3 cog= 52.9 stab= 10.6 place= 91.7 soft=100.0 | comp= 57.9 packed=60.0% disp=0.225
  O30              fill= 37.6 cog= 53.7 stab= 27.1 place= 83.3 soft=100.0 | comp= 60.4 packed=52.0% disp=0.130
  O31              fill= 37.3 cog= 54.1 stab= 31.1 place= 66.7 soft= 93.8 | comp= 56.6 packed=68.9% disp=0.117
  == norm%=52.62 fill=38.61 cog=54.54 stab=19.75 place=88.83 soft=92.72 | COMPOSITE=58.89 packed=63.2%  [330s]
