pybullet build time: Aug 29 2026 17:03:42
pybullet build time: Aug 29 2026 17:03:42
pybullet build time: Aug 29 2026 17:03:42
pybullet build time: Aug 29 2026 17:03:42
pybullet build time: Aug 29 2026 17:03:42
pybullet build time: Aug 29 2026 17:03:42
pybullet build time: Aug 29 2026 17:03:42
pybullet build time: Aug 29 2026 17:03:42
pybullet build time: Aug 29 2026 17:03:42
pybullet build time: Aug 29 2026 17:03:42
pybullet build time: Aug 29 2026 17:03:42
pybullet build time: Aug 29 2026 17:03:42
### DOE_r02_s1  overrides=['p:W_LEVEL_MATCH=0.0', 'p:USE_UNDER_OVERHANG=0.0', 'p:SUPPORT_MIN_COVER=0.72', 'p:SUPPORT_CENTROID_TOL=0.35', 'p:WALL_HEIGHT_TOL=0.05', 'p:SEAM_TOL=0.05', 'p:WASTE_CELL=0.02', 'p:TOP_TOL=0.012', 'p:OFFLINE_SEED_SALT=1'] patch=none
  O00              fill= 40.3 cog= 55.1 stab= 28.0 place=100.0 soft=100.0 | comp= 64.7 packed=52.0% disp=0.127
  O01              fill= 34.0 cog= 57.3 stab=  6.3 place=100.0 soft=100.0 | comp= 59.5 packed=46.7% disp=0.276
  O02              fill= 41.7 cog= 52.8 stab= 27.2 place=100.0 soft=100.0 | comp= 64.3 packed=62.0% disp=0.130
  O03              fill= 39.5 cog= 54.2 stab= 19.0 place= 86.7 soft=100.0 | comp= 59.9 packed=85.0% disp=0.166
  O04              fill= 33.5 cog= 51.8 stab= 17.2 place=100.0 soft=100.0 | comp= 60.5 packed=55.0% disp=0.176
  O05              fill= 34.6 cog= 54.0 stab= 24.1 place= 91.7 soft= 95.0 | comp= 59.9 packed=55.0% disp=0.142
  O06              fill= 32.8 cog= 47.2 stab= 19.4 place=100.0 soft=100.0 | comp= 59.9 packed=60.0% disp=0.164
  O07              fill= 44.0 cog= 52.6 stab= 15.4 place= 58.3 soft= 75.0 | comp= 49.0 packed=68.0% disp=0.187
  O08              fill= 39.5 cog= 55.8 stab= 17.9 place= 91.7 soft=100.0 | comp= 61.0 packed=55.6% disp=0.172
  O09              fill= 39.0 cog= 54.4 stab= 29.8 place=100.0 soft=100.0 | comp= 64.6 packed=48.0% disp=0.121
  O10              fill= 52.1 cog= 51.2 stab= 26.6 place=100.0 soft=100.0 | comp= 66.0 packed=95.0% disp=0.133
  O11              fill= 33.5 cog= 48.1 stab= 12.9 place= 93.8 soft= 50.0 | comp= 47.7 packed=52.5% disp=0.205
  O12              fill= 39.5 cog= 53.8 stab= 25.5 place=100.0 soft=100.0 | comp= 63.8 packed=87.5% disp=0.137
  O13              fill= 42.5 cog= 54.8 stab= 28.1 place=100.0 soft= 87.5 | comp= 62.6 packed=80.0% disp=0.127
  O14              fill= 42.0 cog= 54.8 stab= 16.7 place=100.0 soft=100.0 | comp= 62.7 packed=60.0% disp=0.179
  O15              fill= 40.8 cog= 54.9 stab= 21.5 place= 50.0 soft=100.0 | comp= 53.4 packed=62.0% disp=0.154
  O16              fill= 48.0 cog= 52.5 stab= 19.1 place=100.0 soft=100.0 | comp= 63.9 packed=72.0% disp=0.165
  O17              fill= 39.1 cog= 54.7 stab= 26.4 place= 87.5 soft= 50.0 | comp= 51.5 packed=60.0% disp=0.133
  O18              fill= 38.2 cog= 52.8 stab= 20.5 place=100.0 soft=100.0 | comp= 62.3 packed=78.9% disp=0.158
  O19              fill= 43.3 cog= 53.4 stab= 22.0 place=100.0 soft=100.0 | comp= 63.7 packed=60.0% disp=0.151
  O20              fill= 34.7 cog= 46.0 stab= 38.7 place= 80.0 soft=100.0 | comp= 59.9 packed=50.0% disp=0.095
  O21              fill= 38.6 cog= 50.1 stab= 29.1 place=100.0 soft=100.0 | comp= 63.6 packed=51.0% disp=0.124
  O22              fill= 42.9 cog= 54.2 stab= 26.9 place=100.0 soft=100.0 | comp= 64.8 packed=82.5% disp=0.131
  O23              fill= 43.0 cog= 53.3 stab= 13.6 place= 83.3 soft=100.0 | comp= 58.7 packed=87.5% disp=0.199
  O24              fill= 36.1 cog= 47.1 stab= 31.8 place= 70.0 soft= 75.0 | comp= 52.0 packed=50.0% disp=0.115
  O25              fill= 38.0 cog= 54.8 stab= 13.0 place=100.0 soft= 50.0 | comp= 51.2 packed=48.0% disp=0.204
  O26              fill= 44.6 cog= 54.0 stab= 28.4 place= 83.3 soft= 83.3 | comp= 58.7 packed=82.5% disp=0.126
  O27              fill= 36.3 cog= 54.0 stab=  9.9 place=100.0 soft= 50.0 | comp= 50.0 packed=55.6% disp=0.231
  O28              fill= 40.3 cog= 54.1 stab= 15.1 place= 80.0 soft= 50.0 | comp= 47.9 packed=64.4% disp=0.189
  O29              fill= 32.2 cog= 48.1 stab= 18.3 place= 70.0 soft=100.0 | comp= 53.7 packed=50.0% disp=0.170
  O30              fill= 30.4 cog= 48.1 stab= 28.3 place=100.0 soft= 75.0 | comp= 56.4 packed=44.0% disp=0.126
  O31              fill= 32.3 cog= 50.4 stab= 24.2 place= 50.0 soft=100.0 | comp= 51.4 packed=60.0% disp=0.142
  == norm%=53.19 fill=38.97 cog=52.50 stab=21.90 place=89.88 soft=88.78 | COMPOSITE=58.41 packed=63.1%  [307s]
