pybullet build time: Aug 29 2026 17:03:42
pybullet build time: Aug 29 2026 17:03:42
pybullet build time: Aug 29 2026 17:03:42
pybullet build time: Aug 29 2026 17:03:42
pybullet build time: Aug 29 2026 17:03:42
pybullet build time: Aug 29 2026 17:03:42
pybullet build time: Aug 29 2026 17:03:42
pybullet build time: Aug 29 2026 17:03:42
pybullet build time: Aug 29 2026 17:03:42
pybullet build time: Aug 29 2026 17:03:42
pybullet build time: Aug 29 2026 17:03:42
pybullet build time: Aug 29 2026 17:03:42
### DOE_r06_s0  overrides=['p:W_LEVEL_MATCH=0.0', 'p:USE_UNDER_OVERHANG=1.0', 'p:SUPPORT_MIN_COVER=0.72', 'p:SUPPORT_CENTROID_TOL=0.35', 'p:WALL_HEIGHT_TOL=0.035', 'p:SEAM_TOL=0.05', 'p:WASTE_CELL=0.03', 'p:TOP_TOL=0.02', 'p:OFFLINE_SEED_SALT=0'] patch=none
  O00              fill= 41.0 cog= 54.3 stab= 23.5 place=100.0 soft= 75.0 | comp= 58.8 packed=54.0% disp=0.145
  O01              fill= 37.7 cog= 55.6 stab= 15.5 place=100.0 soft=100.0 | comp= 61.7 packed=53.3% disp=0.186
  O02              fill= 46.7 cog= 54.9 stab= 25.9 place= 64.3 soft= 75.0 | comp= 53.4 packed=66.0% disp=0.135
  O03              fill= 41.3 cog= 53.9 stab= 16.2 place= 96.2 soft=100.0 | comp= 61.5 packed=80.0% disp=0.182
  O04              fill= 35.7 cog= 55.3 stab= 23.4 place=100.0 soft= 66.7 | comp= 56.2 packed=78.8% disp=0.145
  O05              fill= 35.8 cog= 55.0 stab= 18.6 place= 90.0 soft=100.0 | comp= 59.9 packed=54.0% disp=0.168
  O06              fill= 36.0 cog= 56.7 stab= 24.1 place=100.0 soft= 50.0 | comp= 53.4 packed=72.5% disp=0.142
  O07              fill= 41.9 cog= 55.1 stab= 23.9 place= 83.3 soft= 90.0 | comp= 58.8 packed=70.0% disp=0.143
  O08              fill= 39.5 cog= 54.8 stab= 17.8 place=100.0 soft=100.0 | comp= 62.4 packed=55.6% disp=0.173
  O09              fill= 46.7 cog= 53.5 stab= 29.7 place=100.0 soft= 87.5 | comp= 63.5 packed=64.0% disp=0.121
  O10              fill= 46.5 cog= 52.8 stab= 26.9 place= 75.0 soft= 80.0 | comp= 56.2 packed=92.5% disp=0.131
  O11              fill= 37.9 cog= 54.4 stab= 21.4 place=100.0 soft=100.0 | comp= 62.7 packed=67.5% disp=0.154
  O12              fill= 41.6 cog= 55.4 stab= 17.8 place=100.0 soft=100.0 | comp= 63.0 packed=90.0% disp=0.172
  O13              fill= 43.3 cog= 52.6 stab= 20.6 place=100.0 soft= 91.7 | comp= 61.6 packed=85.0% disp=0.158
  O14              fill= 43.3 cog= 54.3 stab= 18.8 place=100.0 soft= 75.0 | comp= 58.3 packed=62.0% disp=0.167
  O15              fill= 46.8 cog= 55.1 stab= 26.1 place=100.0 soft=100.0 | comp= 65.6 packed=72.0% disp=0.134
  O16              fill= 42.4 cog= 53.7 stab= 23.0 place=100.0 soft=100.0 | comp= 63.8 packed=64.0% disp=0.147
  O17              fill= 38.6 cog= 55.6 stab= 21.2 place= 83.3 soft=100.0 | comp= 59.8 packed=56.0% disp=0.155
  O18              fill= 40.0 cog= 54.9 stab= 12.3 place=100.0 soft= 95.0 | comp= 60.4 packed=76.7% disp=0.209
  O19              fill= 43.0 cog= 54.3 stab= 23.5 place=100.0 soft=100.0 | comp= 64.2 packed=58.0% disp=0.145
  O20              fill= 34.5 cog= 52.5 stab= 10.9 place= 50.0 soft=100.0 | comp= 49.6 packed=60.0% disp=0.221
  O21              fill= 38.3 cog= 55.4 stab= 18.1 place=100.0 soft=100.0 | comp= 62.3 packed=56.0% disp=0.171
  O22              fill= 41.7 cog= 52.5 stab= 29.9 place=100.0 soft=100.0 | comp= 64.8 packed=90.0% disp=0.121
  O23              fill= 48.3 cog= 54.9 stab= 24.6 place= 50.0 soft= 77.3 | comp= 51.0 packed=95.0% disp=0.140
  O24              fill= 35.5 cog= 54.0 stab= 27.2 place= 87.5 soft= 83.3 | comp= 57.5 packed=58.0% disp=0.130
  O25              fill= 39.3 cog= 56.8 stab= 20.0 place=100.0 soft= 50.0 | comp= 53.2 packed=54.0% disp=0.161
  O26              fill= 45.1 cog= 53.1 stab= 20.6 place= 83.3 soft= 91.7 | comp= 58.7 packed=82.5% disp=0.158
  O27              fill= 47.9 cog= 53.7 stab= 26.2 place=100.0 soft=100.0 | comp= 65.6 packed=77.8% disp=0.134
  O28              fill= 41.8 cog= 53.0 stab= 21.8 place=100.0 soft=100.0 | comp= 63.3 packed=67.8% disp=0.152
  O29              fill= 39.3 cog= 51.7 stab= 31.7 place=100.0 soft=100.0 | comp= 64.6 packed=75.0% disp=0.115
  O30              fill= 42.8 cog= 54.6 stab= 33.8 place= 66.7 soft= 75.0 | comp= 54.6 packed=60.0% disp=0.109
  O31              fill= 40.1 cog= 53.4 stab= 20.6 place= 83.3 soft= 78.6 | comp= 55.2 packed=70.0% disp=0.158
  == norm%=56.28 fill=41.25 cog=54.30 stab=22.36 place=91.03 soft=88.80 | COMPOSITE=59.55 packed=69.3%  [344s]
