pybullet build time: Aug 29 2026 17:03:42
pybullet build time: Aug 29 2026 17:03:42
pybullet build time: Aug 29 2026 17:03:42
pybullet build time: Aug 29 2026 17:03:42
pybullet build time: Aug 29 2026 17:03:42
pybullet build time: Aug 29 2026 17:03:42
pybullet build time: Aug 29 2026 17:03:42
pybullet build time: Aug 29 2026 17:03:42
pybullet build time: Aug 29 2026 17:03:42
pybullet build time: Aug 29 2026 17:03:42
pybullet build time: Aug 29 2026 17:03:42
pybullet build time: Aug 29 2026 17:03:42
### DOE_r06_s1  overrides=['p:W_LEVEL_MATCH=0.0', 'p:USE_UNDER_OVERHANG=1.0', 'p:SUPPORT_MIN_COVER=0.72', 'p:SUPPORT_CENTROID_TOL=0.35', 'p:WALL_HEIGHT_TOL=0.035', 'p:SEAM_TOL=0.05', 'p:WASTE_CELL=0.03', 'p:TOP_TOL=0.02', 'p:OFFLINE_SEED_SALT=1'] patch=none
  O00              fill= 39.6 cog= 55.8 stab= 26.0 place=100.0 soft=100.0 | comp= 64.3 packed=52.0% disp=0.135
  O01              fill= 34.2 cog= 54.0 stab=  8.9 place=100.0 soft=100.0 | comp= 59.4 packed=44.4% disp=0.241
  O02              fill= 44.1 cog= 53.4 stab= 16.5 place= 92.9 soft= 87.5 | comp= 58.9 packed=63.0% disp=0.180
  O03              fill= 43.4 cog= 55.0 stab= 23.9 place= 82.1 soft= 77.8 | comp= 56.4 packed=81.2% disp=0.143
  O04              fill= 43.1 cog= 53.3 stab= 24.1 place=100.0 soft=100.0 | comp= 64.1 packed=78.8% disp=0.142
  O05              fill= 37.3 cog= 55.4 stab= 20.6 place=100.0 soft=100.0 | comp= 62.7 packed=60.0% disp=0.158
  O06              fill= 36.2 cog= 55.0 stab= 17.2 place=100.0 soft= 62.5 | comp= 54.2 packed=72.5% disp=0.176
  O07              fill= 45.3 cog= 53.4 stab= 20.1 place=100.0 soft=100.0 | comp= 63.8 packed=72.0% disp=0.160
  O08              fill= 39.5 cog= 55.7 stab= 14.5 place= 91.7 soft=100.0 | comp= 60.3 packed=55.6% disp=0.193
  O09              fill= 35.8 cog= 57.2 stab= 14.6 place=100.0 soft=100.0 | comp= 61.5 packed=46.0% disp=0.192
  O10              fill= 52.1 cog= 51.2 stab= 26.6 place=100.0 soft=100.0 | comp= 66.0 packed=95.0% disp=0.133
  O11              fill= 34.6 cog= 54.0 stab= 23.5 place= 71.4 soft=100.0 | comp= 56.7 packed=62.5% disp=0.145
  O12              fill= 45.7 cog= 54.1 stab= 25.7 place=100.0 soft=100.0 | comp= 65.1 packed=88.8% disp=0.136
  O13              fill= 30.5 cog= 55.7 stab= 18.8 place=100.0 soft=100.0 | comp= 61.0 packed=60.0% disp=0.167
  O14              fill= 44.1 cog= 56.1 stab= 16.3 place=100.0 soft=100.0 | comp= 63.3 packed=64.0% disp=0.181
  O15              fill= 40.8 cog= 54.8 stab= 21.0 place= 50.0 soft=100.0 | comp= 53.3 packed=62.0% disp=0.156
  O16              fill= 42.1 cog= 54.8 stab= 15.3 place=100.0 soft=100.0 | comp= 62.4 packed=62.0% disp=0.188
  O17              fill= 39.4 cog= 54.0 stab= 18.8 place= 87.5 soft=100.0 | comp= 59.9 packed=56.0% disp=0.167
  O18              fill= 40.8 cog= 54.5 stab= 26.1 place=100.0 soft=100.0 | comp= 64.3 packed=78.9% disp=0.134
  O19              fill= 42.6 cog= 54.8 stab= 23.5 place=100.0 soft= 50.0 | comp= 54.2 packed=57.0% disp=0.145
  O20              fill= 38.1 cog= 52.2 stab= 17.6 place= 66.7 soft= 83.3 | comp= 51.6 packed=62.5% disp=0.174
  O21              fill= 39.4 cog= 53.1 stab= 27.3 place=100.0 soft= 90.0 | comp= 62.0 packed=60.0% disp=0.130
  O22              fill= 44.4 cog= 53.9 stab= 30.9 place=100.0 soft= 91.7 | comp= 64.2 packed=85.0% disp=0.117
  O23              fill= 45.6 cog= 54.4 stab= 26.3 place= 50.0 soft= 95.0 | comp= 54.3 packed=92.5% disp=0.134
  O24              fill= 41.2 cog= 54.9 stab= 33.6 place= 75.0 soft= 66.7 | comp= 54.3 packed=64.0% disp=0.109
  O25              fill= 40.9 cog= 53.3 stab= 16.1 place=100.0 soft= 50.0 | comp= 52.1 packed=52.0% disp=0.183
  O26              fill= 44.1 cog= 52.9 stab= 29.8 place= 83.3 soft=100.0 | comp= 62.0 packed=82.5% disp=0.121
  O27              fill= 44.3 cog= 53.6 stab= 24.2 place=100.0 soft=100.0 | comp= 64.4 packed=71.1% disp=0.142
  O28              fill= 37.8 cog= 55.1 stab= 18.1 place=100.0 soft=100.0 | comp= 62.2 packed=61.1% disp=0.171
  O29              fill= 38.5 cog= 54.4 stab= 28.1 place=100.0 soft=100.0 | comp= 64.2 packed=70.0% disp=0.127
  O30              fill= 37.6 cog= 53.7 stab= 27.9 place= 83.3 soft=100.0 | comp= 60.5 packed=52.0% disp=0.128
  O31              fill= 38.7 cog= 54.3 stab= 23.4 place=100.0 soft=100.0 | comp= 63.3 packed=66.7% disp=0.145
  == norm%=55.59 fill=40.69 cog=54.31 stab=22.04 place=91.69 soft=92.33 | COMPOSITE=60.21 packed=66.6%  [345s]
