pybullet build time: Aug 29 2026 17:03:42
pybullet build time: Aug 29 2026 17:03:42
pybullet build time: Aug 29 2026 17:03:42
pybullet build time: Aug 29 2026 17:03:42
pybullet build time: Aug 29 2026 17:03:42
pybullet build time: Aug 29 2026 17:03:42
pybullet build time: Aug 29 2026 17:03:42
pybullet build time: Aug 29 2026 17:03:42
pybullet build time: Aug 29 2026 17:03:42
pybullet build time: Aug 29 2026 17:03:42
pybullet build time: Aug 29 2026 17:03:42
pybullet build time: Aug 29 2026 17:03:42
### HOLD_C  overrides=['p:OFFLINE_TIEBREAK=1', 'p:RRT_DEV=0', 'p:OFFLINE_PREFIX_CACHE=1'] patch=none
  Q00              fill= 33.1 cog= 49.7 stab= 24.2 place=100.0 soft= 94.4 | comp= 60.3 packed=72.5% disp=0.142
  Q01              fill= 38.4 cog= 49.1 stab= 25.0 place= 68.8 soft=100.0 | comp= 56.3 packed=51.0% disp=0.138
  Q02              fill= 38.0 cog= 52.9 stab= 28.5 place= 81.2 soft= 62.5 | comp= 52.6 packed=64.0% disp=0.126
  Q03              fill= 33.5 cog= 45.7 stab= 32.0 place=100.0 soft= 90.0 | comp= 60.3 packed=62.5% disp=0.114
  Q04              fill= 32.5 cog= 48.9 stab= 20.6 place= 92.9 soft= 75.0 | comp= 54.0 packed=57.5% disp=0.158
  Q05              fill= 32.1 cog= 46.1 stab= 25.9 place= 80.0 soft= 75.0 | comp= 51.8 packed=50.0% disp=0.135
  Q06              fill= 30.0 cog= 48.3 stab= 16.7 place= 66.7 soft=100.0 | comp= 52.3 packed=36.0% disp=0.179
  Q07              fill= 36.7 cog= 45.2 stab= 27.6 place= 50.0 soft=100.0 | comp= 51.9 packed=57.8% disp=0.129
  Q08              fill= 37.1 cog= 46.6 stab= 37.0 place=100.0 soft=100.0 | comp= 64.1 packed=44.0% disp=0.099
  Q09              fill= 41.9 cog= 50.8 stab= 24.1 place=100.0 soft= 95.5 | comp= 62.5 packed=80.0% disp=0.142
  Q10              fill= 35.9 cog= 46.6 stab= 20.4 place= 75.0 soft= 83.3 | comp= 52.2 packed=57.5% disp=0.159
  Q11              fill= 45.2 cog= 52.1 stab= 27.2 place= 75.0 soft= 78.6 | comp= 55.6 packed=73.3% disp=0.130
  Q12              fill= 39.7 cog= 51.2 stab= 28.5 place=100.0 soft=100.0 | comp= 63.9 packed=78.8% disp=0.125
  Q13              fill= 34.7 cog= 44.4 stab= 28.9 place= 90.0 soft=100.0 | comp= 59.6 packed=51.1% disp=0.124
  Q14              fill= 40.6 cog= 52.6 stab= 19.8 place=100.0 soft=100.0 | comp= 62.6 packed=58.0% disp=0.162
  Q15              fill= 45.3 cog= 52.7 stab= 24.7 place= 87.5 soft=100.0 | comp= 62.0 packed=68.9% disp=0.140
  Q16              fill= 42.6 cog= 52.6 stab= 22.4 place=100.0 soft= 60.0 | comp= 55.5 packed=62.0% disp=0.149
  Q17              fill= 38.1 cog= 50.6 stab= 35.1 place= 78.6 soft=100.0 | comp= 60.5 packed=51.1% disp=0.105
  Q18              fill= 44.7 cog= 52.2 stab= 23.9 place=100.0 soft= 92.9 | comp= 62.7 packed=64.0% disp=0.143
  Q19              fill= 33.8 cog= 56.2 stab=  6.9 place=100.0 soft= 75.0 | comp= 54.4 packed=60.0% disp=0.267
  Q20              fill= 34.3 cog= 51.9 stab=  7.5 place=100.0 soft=100.0 | comp= 58.7 packed=57.5% disp=0.259
  Q21              fill= 37.5 cog= 51.9 stab= 24.0 place= 83.3 soft=100.0 | comp= 59.3 packed=72.5% disp=0.143
  Q22              fill= 37.8 cog= 54.2 stab= 32.0 place= 87.5 soft=100.0 | comp= 62.3 packed=60.0% disp=0.114
  Q23              fill= 41.6 cog= 51.4 stab= 20.6 place= 81.2 soft=100.0 | comp= 59.0 packed=70.0% disp=0.158
  Q24              fill= 43.7 cog= 51.1 stab= 19.8 place= 89.3 soft=100.0 | comp= 60.8 packed=62.0% disp=0.162
  Q25              fill= 41.8 cog= 53.4 stab= 24.9 place= 93.8 soft= 91.7 | comp= 61.1 packed=85.0% disp=0.139
  Q26              fill= 32.9 cog= 45.5 stab= 29.6 place= 71.4 soft= 83.3 | comp= 52.6 packed=50.0% disp=0.122
  Q27              fill= 35.5 cog= 54.5 stab= 29.2 place=100.0 soft= 75.0 | comp= 58.8 packed=67.5% disp=0.123
  Q28              fill= 38.5 cog= 54.3 stab= 25.0 place= 80.0 soft= 83.3 | comp= 56.2 packed=64.4% disp=0.139
  Q29              fill= 42.8 cog= 53.9 stab= 20.7 place= 64.3 soft= 64.3 | comp= 49.2 packed=66.0% disp=0.158
  Q30              fill= 43.1 cog= 52.4 stab= 19.7 place= 83.3 soft= 92.9 | comp= 58.3 packed=66.0% disp=0.162
  Q31              fill= 34.8 cog= 52.0 stab=  6.2 place=100.0 soft=100.0 | comp= 58.6 packed=44.0% disp=0.278
  Q32              fill= 37.8 cog= 53.3 stab= 27.3 place= 87.5 soft= 75.0 | comp= 56.2 packed=66.0% disp=0.130
  Q33              fill= 42.3 cog= 51.1 stab= 31.1 place=100.0 soft= 94.1 | comp= 63.7 packed=83.8% disp=0.117
  Q34              fill= 36.3 cog= 47.9 stab= 17.3 place=100.0 soft=100.0 | comp= 60.3 packed=61.2% disp=0.175
  Q35              fill= 42.6 cog= 53.4 stab= 27.6 place= 83.3 soft=100.0 | comp= 61.4 packed=80.0% disp=0.129
  Q36              fill= 44.1 cog= 49.8 stab= 22.3 place=100.0 soft= 90.0 | comp= 61.2 packed=72.2% disp=0.150
  Q37              fill= 32.0 cog= 46.0 stab= 32.4 place= 70.0 soft= 83.3 | comp= 52.7 packed=57.5% disp=0.113
  Q38              fill= 42.3 cog= 52.6 stab= 27.7 place=100.0 soft=100.0 | comp= 64.5 packed=66.7% disp=0.129
  Q39              fill= 39.4 cog= 52.9 stab= 19.2 place= 78.6 soft= 83.3 | comp= 54.7 packed=81.2% disp=0.165
  Q40              fill= 35.2 cog= 47.5 stab= 32.3 place= 90.0 soft= 75.0 | comp= 56.0 packed=57.5% disp=0.113
  Q41              fill= 42.4 cog= 53.5 stab= 21.4 place=100.0 soft= 83.3 | comp= 60.1 packed=68.9% disp=0.154
  Q42              fill= 43.5 cog= 50.7 stab= 12.8 place= 66.7 soft=100.0 | comp= 54.7 packed=71.1% disp=0.205
  Q43              fill= 35.6 cog= 58.1 stab=  8.1 place= 91.7 soft= 66.7 | comp= 52.0 packed=53.3% disp=0.251
  Q44              fill= 35.4 cog= 50.6 stab= 16.7 place= 97.1 soft= 75.0 | comp= 55.0 packed=57.8% disp=0.179
  Q45              fill= 43.9 cog= 49.7 stab= 28.6 place= 66.7 soft=100.0 | comp= 57.8 packed=68.9% disp=0.125
  Q46              fill= 41.9 cog= 52.0 stab= 22.1 place= 81.2 soft= 70.0 | comp= 53.4 packed=67.8% disp=0.151
  Q47              fill= 33.5 cog= 48.1 stab= 35.2 place=100.0 soft= 90.0 | comp= 61.4 packed=57.5% disp=0.104
  Q48              fill= 39.4 cog= 50.8 stab= 30.0 place=100.0 soft=100.0 | comp= 64.0 packed=49.0% disp=0.120
  Q49              fill= 41.5 cog= 51.9 stab= 28.3 place= 58.3 soft=100.0 | comp= 56.0 packed=62.0% disp=0.126
  Q50              fill= 40.2 cog= 52.9 stab= 23.6 place= 83.3 soft=100.0 | comp= 60.0 packed=58.0% disp=0.144
  Q51              fill= 40.7 cog= 50.5 stab= 23.2 place=100.0 soft=100.0 | comp= 62.9 packed=75.0% disp=0.146
  Q52              fill= 32.0 cog= 44.6 stab= 43.5 place= 87.5 soft=100.0 | comp= 61.5 packed=42.0% disp=0.083
  Q53              fill= 43.7 cog= 51.0 stab= 26.3 place= 91.7 soft=100.0 | comp= 62.5 packed=77.5% disp=0.133
  Q54              fill= 36.1 cog= 46.8 stab= 23.5 place=100.0 soft=100.0 | comp= 61.3 packed=46.0% disp=0.145
  Q55              fill= 43.4 cog= 55.3 stab= 22.0 place=100.0 soft= 75.0 | comp= 59.1 packed=56.0% disp=0.151
  Q56              fill= 39.6 cog= 50.3 stab= 24.7 place=100.0 soft=100.0 | comp= 62.9 packed=63.8% disp=0.140
  Q57              fill= 29.0 cog= 45.0 stab= 33.9 place= 83.3 soft=100.0 | comp= 58.2 packed=55.0% disp=0.108
  Q58              fill= 44.8 cog= 56.1 stab= 30.4 place=100.0 soft= 62.5 | comp= 58.8 packed=64.0% disp=0.119
  Q59              fill= 42.7 cog= 51.4 stab= 28.9 place=100.0 soft= 75.0 | comp= 59.6 packed=80.0% disp=0.124
  Q60              fill= 42.0 cog= 52.0 stab= 27.1 place=100.0 soft=100.0 | comp= 64.2 packed=64.4% disp=0.130
  Q61              fill= 39.2 cog= 43.5 stab= 33.6 place=100.0 soft=100.0 | comp= 63.3 packed=48.0% disp=0.109
  Q62              fill= 42.8 cog= 51.9 stab= 26.0 place= 75.0 soft=100.0 | comp= 59.2 packed=68.9% disp=0.135
  Q63              fill= 44.1 cog= 50.7 stab= 27.6 place=100.0 soft= 95.8 | comp= 63.7 packed=82.5% disp=0.129
  == norm%=53.86 fill=38.87 cog=50.67 stab=24.90 place=88.62 soft=90.11 | COMPOSITE=58.63 packed=62.9%  [530s]
