pybullet build time: Aug 29 2026 17:03:42
pybullet build time: Aug 29 2026 17:03:42
pybullet build time: Aug 29 2026 17:03:42
pybullet build time: Aug 29 2026 17:03:42
pybullet build time: Aug 29 2026 17:03:42
pybullet build time: Aug 29 2026 17:03:42
pybullet build time: Aug 29 2026 17:03:42
pybullet build time: Aug 29 2026 17:03:42
pybullet build time: Aug 29 2026 17:03:42
pybullet build time: Aug 29 2026 17:03:42
pybullet build time: Aug 29 2026 17:03:42
pybullet build time: Aug 29 2026 17:03:42
### HOLD_A  overrides=['p:OFFLINE_TIEBREAK=0', 'p:RRT_DEV=0', 'p:OFFLINE_PREFIX_CACHE=0'] patch=none
  Q00              fill= 37.0 cog= 49.6 stab= 26.1 place=100.0 soft= 62.5 | comp= 55.0 packed=65.0% disp=0.134
  Q01              fill= 36.7 cog= 50.2 stab= 19.5 place= 80.0 soft=100.0 | comp= 57.3 packed=43.0% disp=0.163
  Q02              fill= 41.5 cog= 51.6 stab= 23.8 place= 96.2 soft=100.0 | comp= 62.6 packed=54.0% disp=0.144
  Q03              fill= 33.6 cog= 45.5 stab= 37.4 place=100.0 soft= 83.3 | comp= 60.0 packed=57.5% disp=0.098
  Q04              fill= 30.1 cog= 46.6 stab=  6.8 place= 83.3 soft=100.0 | comp= 53.3 packed=42.5% disp=0.269
  Q05              fill= 32.3 cog= 44.9 stab= 10.8 place= 70.0 soft=100.0 | comp= 51.6 packed=44.0% disp=0.223
  Q06              fill= 33.7 cog= 44.0 stab= 33.9 place= 75.0 soft=100.0 | comp= 57.3 packed=38.0% disp=0.108
  Q07              fill= 37.5 cog= 48.2 stab= 21.1 place= 50.0 soft= 75.0 | comp= 46.4 packed=60.0% disp=0.155
  Q08              fill= 36.8 cog= 45.9 stab= 36.7 place= 50.0 soft=100.0 | comp= 53.9 packed=42.0% disp=0.100
  Q09              fill= 40.8 cog= 51.6 stab= 29.1 place=100.0 soft= 83.3 | comp= 61.0 packed=77.5% disp=0.123
  Q10              fill= 36.1 cog= 43.8 stab= 31.6 place= 75.0 soft=100.0 | comp= 57.3 packed=57.5% disp=0.115
  Q11              fill= 41.0 cog= 51.9 stab= 13.9 place= 83.3 soft= 50.0 | comp= 48.0 packed=66.7% disp=0.198
  Q12              fill= 39.3 cog= 50.6 stab= 26.1 place=100.0 soft= 92.9 | comp= 61.8 packed=80.0% disp=0.134
  Q13              fill= 27.4 cog= 50.1 stab=  9.3 place=100.0 soft=100.0 | comp= 57.4 packed=40.0% disp=0.238
  Q14              fill= 40.7 cog= 52.4 stab= 31.4 place= 87.5 soft= 91.7 | comp= 60.7 packed=62.0% disp=0.116
  Q15              fill= 33.8 cog= 53.5 stab=  7.9 place=100.0 soft= 50.0 | comp= 49.1 packed=51.1% disp=0.253
  Q16              fill= 38.3 cog= 51.4 stab= 15.1 place=100.0 soft=100.0 | comp= 61.0 packed=52.0% disp=0.189
  Q17              fill= 38.5 cog= 50.6 stab= 34.8 place= 75.0 soft=100.0 | comp= 59.8 packed=51.1% disp=0.105
  Q18              fill= 45.3 cog= 50.9 stab= 26.7 place=100.0 soft=100.0 | comp= 64.6 packed=62.0% disp=0.132
  Q19              fill= 42.7 cog= 52.6 stab= 19.6 place= 75.0 soft=100.0 | comp= 58.0 packed=66.7% disp=0.163
  Q20              fill= 35.9 cog= 51.7 stab= 12.7 place=100.0 soft=100.0 | comp= 60.1 packed=60.0% disp=0.206
  Q21              fill= 39.3 cog= 51.7 stab= 16.3 place= 83.3 soft=100.0 | comp= 58.1 packed=72.5% disp=0.181
  Q22              fill= 35.3 cog= 54.6 stab= 10.6 place=100.0 soft=100.0 | comp= 60.1 packed=50.0% disp=0.225
  Q23              fill= 42.3 cog= 51.6 stab= 23.2 place= 95.0 soft= 83.3 | comp= 59.1 packed=71.1% disp=0.146
  Q24              fill= 41.8 cog= 53.0 stab= 27.1 place=100.0 soft= 87.5 | comp= 61.9 packed=58.0% disp=0.131
  Q25              fill= 41.4 cog= 50.6 stab= 24.1 place= 93.8 soft=100.0 | comp= 62.0 packed=78.8% disp=0.142
  Q26              fill= 35.7 cog= 42.8 stab= 21.4 place= 77.8 soft=100.0 | comp= 55.5 packed=50.0% disp=0.154
  Q27              fill= 42.1 cog= 51.4 stab= 31.6 place=100.0 soft=100.0 | comp= 65.0 packed=82.5% disp=0.115
  Q28              fill= 40.9 cog= 54.7 stab= 13.4 place= 62.5 soft= 62.5 | comp= 46.8 packed=66.7% disp=0.201
  Q29              fill= 43.4 cog= 52.6 stab= 24.4 place= 64.3 soft= 80.0 | comp= 52.9 packed=66.0% disp=0.141
  Q30              fill= 41.7 cog= 52.5 stab= 27.2 place=100.0 soft= 60.0 | comp= 56.3 packed=62.0% disp=0.130
  Q31              fill= 40.4 cog= 52.9 stab= 21.7 place=100.0 soft=100.0 | comp= 63.0 packed=58.0% disp=0.153
  Q32              fill= 43.1 cog= 52.7 stab= 35.8 place= 83.3 soft= 66.7 | comp= 56.3 packed=64.0% disp=0.103
  Q33              fill= 42.9 cog= 50.8 stab= 30.0 place=100.0 soft=100.0 | comp= 64.7 packed=82.5% disp=0.120
  Q34              fill= 37.6 cog= 50.3 stab= 21.9 place= 91.7 soft= 75.0 | comp= 55.3 packed=65.0% disp=0.152
  Q35              fill= 45.8 cog= 52.4 stab= 30.2 place= 91.7 soft= 62.5 | comp= 56.5 packed=85.0% disp=0.120
  Q36              fill= 41.7 cog= 50.7 stab= 24.4 place=100.0 soft= 83.3 | comp= 60.0 packed=71.1% disp=0.141
  Q37              fill= 31.3 cog= 42.7 stab= 25.6 place=100.0 soft= 66.7 | comp= 53.3 packed=60.0% disp=0.136
  Q38              fill= 41.3 cog= 52.8 stab= 27.0 place=100.0 soft= 70.0 | comp= 58.2 packed=66.7% disp=0.131
  Q39              fill= 39.9 cog= 52.0 stab= 23.1 place= 82.5 soft= 92.3 | comp= 58.0 packed=81.2% disp=0.146
  Q40              fill= 32.7 cog= 45.5 stab= 20.3 place= 60.0 soft=100.0 | comp= 51.7 packed=47.5% disp=0.159
  Q41              fill= 38.4 cog= 52.8 stab= 22.2 place=100.0 soft= 50.0 | comp= 52.7 packed=62.2% disp=0.151
  Q42              fill= 42.8 cog= 50.8 stab= 19.8 place= 75.0 soft= 83.3 | comp= 54.4 packed=68.9% disp=0.162
  Q43              fill= 39.8 cog= 55.1 stab= 27.3 place= 68.8 soft= 75.0 | comp= 53.2 packed=66.7% disp=0.130
  Q44              fill= 37.9 cog= 48.4 stab= 27.7 place= 77.8 soft=100.0 | comp= 58.4 packed=61.1% disp=0.128
  Q45              fill= 41.5 cog= 53.8 stab= 18.6 place= 75.0 soft= 90.0 | comp= 55.8 packed=73.3% disp=0.168
  Q46              fill= 40.5 cog= 51.7 stab= 20.3 place= 88.9 soft= 83.3 | comp= 56.9 packed=67.8% disp=0.159
  Q47              fill= 32.9 cog= 44.2 stab= 17.0 place=100.0 soft=100.0 | comp= 58.8 packed=47.5% disp=0.177
  Q48              fill= 39.3 cog= 50.9 stab= 32.4 place=100.0 soft=100.0 | comp= 64.5 packed=49.0% disp=0.113
  Q49              fill= 41.9 cog= 51.5 stab= 27.7 place= 68.8 soft=100.0 | comp= 58.0 packed=62.0% disp=0.128
  Q50              fill= 39.0 cog= 54.1 stab= 28.1 place=100.0 soft= 75.0 | comp= 59.3 packed=58.0% disp=0.127
  Q51              fill= 43.3 cog= 50.0 stab= 22.7 place=100.0 soft=100.0 | comp= 63.2 packed=77.5% disp=0.148
  Q52              fill= 33.4 cog= 43.6 stab= 12.3 place= 80.0 soft=100.0 | comp= 53.9 packed=46.0% disp=0.209
  Q53              fill= 43.7 cog= 51.0 stab= 14.0 place= 83.3 soft=100.0 | comp= 58.4 packed=77.5% disp=0.196
  Q54              fill= 36.1 cog= 46.8 stab= 23.5 place= 62.5 soft=100.0 | comp= 53.8 packed=46.0% disp=0.145
  Q55              fill= 41.7 cog= 54.4 stab= 25.9 place= 75.0 soft= 50.0 | comp= 49.4 packed=56.0% disp=0.135
  Q56              fill= 37.3 cog= 51.8 stab= 28.0 place= 75.0 soft= 50.0 | comp= 48.4 packed=61.2% disp=0.127
  Q57              fill= 29.8 cog= 48.6 stab= 24.2 place=100.0 soft= 58.3 | comp= 52.2 packed=65.0% disp=0.142
  Q58              fill= 43.2 cog= 52.5 stab= 18.6 place=100.0 soft= 70.0 | comp= 56.8 packed=62.0% disp=0.168
  Q59              fill= 39.2 cog= 53.4 stab= 13.9 place= 75.0 soft= 66.7 | comp= 49.6 packed=70.0% disp=0.197
  Q60              fill= 45.5 cog= 50.9 stab= 33.3 place=100.0 soft= 85.7 | comp= 63.1 packed=66.7% disp=0.110
  Q61              fill= 34.3 cog= 45.4 stab= 34.2 place=100.0 soft= 87.5 | comp= 60.3 packed=46.0% disp=0.107
  Q62              fill= 44.1 cog= 53.2 stab= 24.3 place= 75.0 soft=100.0 | comp= 59.3 packed=71.1% disp=0.141
  Q63              fill= 43.4 cog= 52.7 stab= 27.8 place=100.0 soft= 79.2 | comp= 60.6 packed=83.8% disp=0.128
  == norm%=53.93 fill=38.89 cog=50.36 stab=23.40 place=86.97 soft=85.66 | COMPOSITE=57.06 packed=61.8%  [540s]
