pybullet build time: Aug 29 2026 17:03:42
pybullet build time: Aug 29 2026 17:03:42
pybullet build time: Aug 29 2026 17:03:42
pybullet build time: Aug 29 2026 17:03:42
pybullet build time: Aug 29 2026 17:03:42
pybullet build time: Aug 29 2026 17:03:42
pybullet build time: Aug 29 2026 17:03:42
pybullet build time: Aug 29 2026 17:03:42
pybullet build time: Aug 29 2026 17:03:42
pybullet build time: Aug 29 2026 17:03:42
pybullet build time: Aug 29 2026 17:03:42
pybullet build time: Aug 29 2026 17:03:42
### OFF_G  overrides=['p:OFFLINE_TIEBREAK=0', 'p:RRT_DEV=0', 'p:OFFLINE_PREFIX_CACHE=0'] patch=none
  O00              fill= 39.0 cog= 55.8 stab= 22.6 place=100.0 soft=100.0 | comp= 63.5 packed=50.0% disp=0.149
  O01              fill= 43.3 cog= 54.6 stab= 39.7 place=100.0 soft=100.0 | comp= 67.5 packed=57.8% disp=0.092
  O02              fill= 42.8 cog= 53.7 stab= 23.7 place= 66.7 soft=100.0 | comp= 57.4 packed=58.0% disp=0.144
  O03              fill= 39.8 cog= 51.3 stab= 18.6 place=100.0 soft=100.0 | comp= 61.9 packed=70.0% disp=0.168
  O04              fill= 37.1 cog= 49.6 stab= 25.5 place=100.0 soft=100.0 | comp= 62.4 packed=60.0% disp=0.137
  O05              fill= 36.6 cog= 50.7 stab= 30.6 place= 50.0 soft=100.0 | comp= 53.6 packed=51.0% disp=0.118
  O06              fill= 28.9 cog= 48.0 stab= 20.7 place=100.0 soft=100.0 | comp= 59.5 packed=47.5% disp=0.158
  O07              fill= 43.2 cog= 52.3 stab= 24.9 place=100.0 soft=100.0 | comp= 64.1 packed=64.0% disp=0.139
  O08              fill= 43.6 cog= 54.2 stab= 27.2 place= 81.2 soft=100.0 | comp= 61.2 packed=60.0% disp=0.130
  O09              fill= 44.5 cog= 52.9 stab= 29.8 place=100.0 soft=100.0 | comp= 65.4 packed=56.0% disp=0.121
  O10              fill= 43.9 cog= 55.7 stab= 28.3 place=100.0 soft=100.0 | comp= 65.6 packed=80.0% disp=0.126
  O11              fill= 31.9 cog= 48.1 stab= 26.0 place= 91.7 soft=100.0 | comp= 59.5 packed=47.5% disp=0.135
  O12              fill= 40.1 cog= 50.9 stab= 14.0 place=100.0 soft=100.0 | comp= 61.0 packed=73.8% disp=0.196
  O13              fill= 40.7 cog= 53.6 stab= 16.0 place=100.0 soft=100.0 | comp= 62.1 packed=72.5% disp=0.183
  O14              fill= 38.9 cog= 52.0 stab= 28.2 place=100.0 soft=100.0 | comp= 63.8 packed=60.0% disp=0.127
  O15              fill= 39.7 cog= 52.4 stab= 22.9 place= 50.0 soft=100.0 | comp= 53.0 packed=58.0% disp=0.147
  O16              fill= 40.7 cog= 52.7 stab= 18.7 place=100.0 soft=100.0 | comp= 62.4 packed=58.0% disp=0.168
  O17              fill= 40.1 cog= 54.4 stab= 29.0 place=100.0 soft=100.0 | comp= 64.7 packed=54.0% disp=0.124
  O18              fill= 40.2 cog= 52.2 stab= 22.2 place=100.0 soft=100.0 | comp= 62.9 packed=64.4% disp=0.150
  O19              fill= 39.8 cog= 53.4 stab= 29.7 place=100.0 soft=100.0 | comp= 64.6 packed=55.0% disp=0.121
  O20              fill= 36.2 cog= 45.7 stab= 27.8 place= 75.0 soft=100.0 | comp= 56.9 packed=47.5% disp=0.128
  O21              fill= 39.7 cog= 51.2 stab= 26.8 place=100.0 soft=100.0 | comp= 63.5 packed=52.0% disp=0.132
  O22              fill= 39.9 cog= 53.2 stab= 18.3 place=100.0 soft=100.0 | comp= 62.3 packed=70.0% disp=0.170
  O23              fill= 39.5 cog= 52.7 stab= 19.3 place=100.0 soft=100.0 | comp= 62.3 packed=75.0% disp=0.164
  O24              fill= 33.8 cog= 47.5 stab= 18.2 place= 66.7 soft=100.0 | comp= 53.2 packed=44.0% disp=0.171
  O25              fill= 43.2 cog= 54.2 stab= 34.0 place=100.0 soft=100.0 | comp= 66.3 packed=54.0% disp=0.108
  O26              fill= 32.3 cog= 57.1 stab=  7.2 place=100.0 soft=100.0 | comp= 59.3 packed=57.5% disp=0.263
  O27              fill= 41.7 cog= 52.8 stab= 17.9 place=100.0 soft=100.0 | comp= 62.5 packed=64.4% disp=0.172
  O28              fill= 40.8 cog= 52.7 stab= 25.0 place=100.0 soft=100.0 | comp= 63.7 packed=63.3% disp=0.139
  O29              fill= 34.5 cog= 46.5 stab= 28.9 place= 75.0 soft=100.0 | comp= 57.0 packed=52.5% disp=0.124
  O30              fill= 32.9 cog= 47.7 stab= 26.1 place=100.0 soft=100.0 | comp= 61.3 packed=38.0% disp=0.134
  O31              fill= 38.2 cog= 50.2 stab= 25.9 place= 75.0 soft=100.0 | comp= 57.9 packed=61.1% disp=0.135
  O32              fill= 30.6 cog= 57.7 stab= 13.2 place=100.0 soft=100.0 | comp= 60.3 packed=40.0% disp=0.202
  O33              fill= 43.0 cog= 52.4 stab= 26.2 place=100.0 soft=100.0 | comp= 64.3 packed=61.0% disp=0.134
  O34              fill= 45.3 cog= 51.9 stab= 29.6 place=100.0 soft=100.0 | comp= 65.4 packed=64.4% disp=0.122
  O35              fill= 40.7 cog= 52.4 stab= 21.0 place=100.0 soft=100.0 | comp= 62.8 packed=64.4% disp=0.156
  O36              fill= 37.9 cog= 50.2 stab= 21.0 place=100.0 soft=100.0 | comp= 61.8 packed=58.9% disp=0.156
  O37              fill= 40.8 cog= 52.0 stab= 26.8 place=100.0 soft=100.0 | comp= 63.9 packed=68.9% disp=0.132
  O38              fill= 38.1 cog= 50.5 stab= 25.5 place=100.0 soft=100.0 | comp= 62.8 packed=67.5% disp=0.137
  O39              fill= 42.2 cog= 53.2 stab= 24.6 place=100.0 soft=100.0 | comp= 64.0 packed=56.0% disp=0.140
  O40              fill= 38.4 cog= 50.1 stab= 29.5 place= 72.7 soft=100.0 | comp= 58.1 packed=58.9% disp=0.122
  O41              fill= 37.9 cog= 50.2 stab= 24.2 place=100.0 soft=100.0 | comp= 62.5 packed=57.8% disp=0.142
  O42              fill= 30.5 cog= 46.7 stab= 22.3 place=100.0 soft=100.0 | comp= 59.9 packed=44.0% disp=0.150
  O43              fill= 39.7 cog= 52.3 stab= 24.7 place= 92.3 soft=100.0 | comp= 61.8 packed=72.5% disp=0.140
  O44              fill= 40.9 cog= 53.5 stab= 17.3 place= 92.9 soft=100.0 | comp= 60.9 packed=56.0% disp=0.176
  O45              fill= 40.7 cog= 52.1 stab= 23.8 place=100.0 soft=100.0 | comp= 63.3 packed=64.4% disp=0.144
  O46              fill= 33.8 cog= 46.5 stab= 31.8 place=100.0 soft=100.0 | comp= 62.4 packed=44.0% disp=0.115
  O47              fill= 38.6 cog= 53.8 stab= 26.8 place=100.0 soft=100.0 | comp= 63.8 packed=60.0% disp=0.132
  O48              fill= 37.1 cog= 52.0 stab= 10.6 place= 80.0 soft=100.0 | comp= 55.9 packed=65.0% disp=0.225
  O49              fill= 36.7 cog= 46.3 stab= 37.6 place= 75.0 soft=100.0 | comp= 59.1 packed=40.0% disp=0.098
  O50              fill= 40.4 cog= 53.3 stab= 17.1 place= 50.0 soft=100.0 | comp= 52.2 packed=56.0% disp=0.177
  O51              fill= 38.3 cog= 54.4 stab= 11.7 place=100.0 soft=100.0 | comp= 60.9 packed=78.8% disp=0.215
  O52              fill= 36.6 cog= 54.6 stab= 15.5 place=100.0 soft=100.0 | comp= 61.3 packed=62.2% disp=0.186
  O53              fill= 40.2 cog= 52.7 stab= 18.5 place= 90.0 soft=100.0 | comp= 60.3 packed=64.4% disp=0.169
  O54              fill= 41.0 cog= 52.1 stab= 21.5 place=100.0 soft=100.0 | comp= 62.9 packed=64.4% disp=0.153
  O55              fill= 40.6 cog= 52.4 stab= 21.4 place=100.0 soft=100.0 | comp= 62.9 packed=63.3% disp=0.154
  O56              fill= 43.3 cog= 53.5 stab= 25.6 place= 75.0 soft=100.0 | comp= 59.5 packed=58.0% disp=0.136
  O57              fill= 42.2 cog= 52.7 stab= 22.8 place= 87.5 soft=100.0 | comp= 61.0 packed=64.4% disp=0.148
  O58              fill= 28.9 cog= 48.5 stab= 22.9 place=100.0 soft=100.0 | comp= 60.1 packed=42.2% disp=0.147
  O59              fill= 34.9 cog= 53.9 stab= 14.9 place=100.0 soft=100.0 | comp= 60.7 packed=65.0% disp=0.191
  O60              fill= 38.7 cog= 56.7 stab= 26.8 place= 50.0 soft=100.0 | comp= 54.4 packed=46.0% disp=0.132
  O61              fill= 40.7 cog= 52.4 stab= 13.9 place=100.0 soft=100.0 | comp= 61.4 packed=64.4% disp=0.197
  O62              fill= 36.5 cog= 54.1 stab= 22.1 place= 80.0 soft=100.0 | comp= 58.6 packed=60.0% disp=0.151
  O63              fill= 30.1 cog= 49.6 stab= 26.8 place=100.0 soft=100.0 | comp= 61.3 packed=45.0% disp=0.132
  == norm%=52.77 fill=38.64 cog=51.95 stab=23.31 place=91.82 soft=100.00 | COMPOSITE=61.14 packed=58.7%  [192s]
