pybullet build time: Aug 29 2026 17:03:42
pybullet build time: Aug 29 2026 17:03:42
pybullet build time: Aug 29 2026 17:03:42
pybullet build time: Aug 29 2026 17:03:42
pybullet build time: Aug 29 2026 17:03:42
pybullet build time: Aug 29 2026 17:03:42
pybullet build time: Aug 29 2026 17:03:42
pybullet build time: Aug 29 2026 17:03:42
pybullet build time: Aug 29 2026 17:03:42
pybullet build time: Aug 29 2026 17:03:42
### VC_b_s1  overrides=['p:OFFLINE_TIEBREAK=0', 'p:OFFLINE_SEED_SALT=1'] patch=none
  O00              fill= 40.9 cog= 54.2 stab= 22.1 place=100.0 soft=100.0 | comp= 63.4 packed=54.0% disp=0.151
  O01              fill= 49.3 cog= 50.3 stab= 35.5 place= 91.7 soft=100.0 | comp= 65.4 packed=68.9% disp=0.104
  O02              fill= 43.0 cog= 52.1 stab= 29.3 place=100.0 soft=100.0 | comp= 64.9 packed=58.0% disp=0.123
  O03              fill= 44.8 cog= 51.4 stab= 33.3 place= 83.3 soft= 94.4 | comp= 61.5 packed=81.2% disp=0.110
  O04              fill= 40.4 cog= 48.6 stab= 38.5 place=100.0 soft= 87.5 | comp= 63.0 packed=70.0% disp=0.095
  O05              fill= 35.7 cog= 51.1 stab= 23.3 place= 90.0 soft= 50.0 | comp= 50.0 packed=53.0% disp=0.146
  O06              fill= 34.4 cog= 45.6 stab= 35.0 place= 50.0 soft=100.0 | comp= 53.0 packed=62.5% disp=0.105
  O07              fill= 44.2 cog= 51.1 stab= 22.5 place= 58.3 soft= 50.0 | comp= 45.2 packed=64.0% disp=0.149
  O08              fill= 49.4 cog= 49.3 stab= 39.6 place= 88.9 soft=100.0 | comp= 65.4 packed=68.9% disp=0.093
  O09              fill= 48.4 cog= 50.6 stab= 43.8 place=100.0 soft= 83.3 | comp= 65.2 packed=62.0% disp=0.083
  == norm%=56.99 fill=43.05 cog=50.43 stab=32.29 place=86.22 soft=86.53 | COMPOSITE=59.70 packed=64.3%  [112s]
