pybullet build time: Aug 29 2026 17:03:42
pybullet build time: Aug 29 2026 17:03:42
pybullet build time: Aug 29 2026 17:03:42
pybullet build time: Aug 29 2026 17:03:42
pybullet build time: Aug 29 2026 17:03:42
pybullet build time: Aug 29 2026 17:03:42
pybullet build time: Aug 29 2026 17:03:42
### BUD_basek1  overrides=[] patch=none
  ktest_L01        fill= 36.7 cog= 51.4 stab= 34.2 place=100.0 soft=100.0 | comp= 64.5 packed=68.9% disp=0.128
  ktest_L08        fill= 38.4 cog= 52.9 stab= 43.3 place= 86.4 soft=100.0 | comp= 64.2 packed=62.2% disp=0.101
  ktest_L11        fill= 40.7 cog= 53.2 stab= 31.7 place= 80.0 soft=100.0 | comp= 61.1 packed=63.3% disp=0.140
  ktest_L15        fill= 42.2 cog= 52.7 stab= 35.7 place=100.0 soft= 95.5 | comp= 65.2 packed=83.8% disp=0.161
  ktest_L16        fill= 45.8 cog= 52.0 stab= 39.2 place=100.0 soft= 83.3 | comp= 64.1 packed=71.1% disp=0.129
  ktest_L17        fill= 34.7 cog= 52.7 stab= 41.9 place= 88.5 soft= 90.0 | comp= 61.6 packed=62.0% disp=0.156
  ktest_L18        fill= 39.5 cog= 54.7 stab= 28.6 place=100.0 soft= 50.0 | comp= 54.6 packed=82.2% disp=0.240
  ktest_L19        fill= 42.7 cog= 50.8 stab= 40.1 place= 81.2 soft= 95.8 | comp= 62.1 packed=80.0% disp=0.110
  ktest_L20        fill= 41.2 cog= 51.8 stab= 34.3 place= 50.0 soft=100.0 | comp= 55.4 packed=71.2% disp=0.130
  ktest_L25        fill= 40.0 cog= 52.2 stab= 38.2 place=100.0 soft=100.0 | comp= 66.1 packed=77.5% disp=0.156
  ktest_L26        fill= 41.7 cog= 51.0 stab= 38.5 place= 90.0 soft=100.0 | comp= 64.2 packed=57.8% disp=0.095
  ktest_L27        fill= 42.2 cog= 50.6 stab= 42.3 place= 85.7 soft=100.0 | comp= 64.2 packed=85.0% disp=0.149
  ktest_L28        fill= 40.1 cog= 52.3 stab= 39.3 place=100.0 soft=100.0 | comp= 66.3 packed=68.9% disp=0.137
  ktest_L30        fill= 43.2 cog= 55.7 stab= 36.8 place=100.0 soft=100.0 | comp= 67.1 packed=82.5% disp=0.152
  pool_P07         fill= 38.8 cog= 52.2 stab= 27.2 place=100.0 soft=100.0 | comp= 63.6 packed=53.3% disp=0.168
  pool_P10         fill= 38.1 cog= 53.0 stab= 32.8 place= 83.3 soft=100.0 | comp= 61.5 packed=53.3% disp=0.133
  pool_P16         fill= 36.6 cog= 54.2 stab= 35.8 place= 87.5 soft=100.0 | comp= 62.8 packed=87.5% disp=0.141
  pool_P18         fill= 34.4 cog= 52.9 stab= 27.2 place=100.0 soft=100.0 | comp= 62.9 packed=62.5% disp=0.195
  pool_P27         fill= 38.0 cog= 54.5 stab= 32.5 place= 83.3 soft= 50.0 | comp= 51.7 packed=54.0% disp=0.140
  pool_P29         fill= 48.4 cog= 50.4 stab= 35.6 place= 75.0 soft=100.0 | comp= 61.9 packed=64.0% disp=0.112
  pool_P31         fill= 40.1 cog= 52.1 stab= 26.5 place=100.0 soft= 93.8 | comp= 62.5 packed=76.2% disp=0.199
  shelftest_T00    fill= 28.9 cog= 53.3 stab= 41.3 place=100.0 soft=100.0 | comp= 64.7 packed=51.1% disp=0.136
  shelftest_T01    fill= 34.5 cog= 53.6 stab= 34.4 place=100.0 soft=100.0 | comp= 64.5 packed=56.0% disp=0.156
  shelftest_T03    fill= 38.3 cog= 53.1 stab= 29.9 place=100.0 soft= 75.0 | comp= 59.3 packed=58.0% disp=0.159
  shelftest_T04    fill= 37.5 cog= 50.5 stab= 31.1 place= 75.0 soft=100.0 | comp= 58.8 packed=54.0% disp=0.155
  shelftest_T08    fill= 32.6 cog= 53.5 stab= 37.6 place= 62.5 soft=100.0 | comp= 57.2 packed=62.5% disp=0.153
  shelftest_T12    fill= 35.3 cog= 54.4 stab= 31.9 place=100.0 soft=100.0 | comp= 64.3 packed=60.0% disp=0.145
  shelftest_T20    fill= 34.7 cog= 52.6 stab= 36.0 place=100.0 soft=100.0 | comp= 64.7 packed=63.3% disp=0.175
  shelftest_T22    fill= 30.0 cog= 55.0 stab= 28.2 place=100.0 soft=100.0 | comp= 62.6 packed=46.0% disp=0.183
  shelftest_T24    fill= 37.9 cog= 51.9 stab= 42.3 place=100.0 soft=100.0 | comp= 66.4 packed=75.0% disp=0.129
  shelftest_T27    fill= 34.6 cog= 53.2 stab= 24.9 place=100.0 soft= 50.0 | comp= 52.5 packed=48.0% disp=0.189
  shelftest_T29    fill= 37.7 cog= 53.7 stab= 34.1 place= 85.7 soft= 90.0 | comp= 60.2 packed=56.0% disp=0.157
  test_T00         fill= 40.8 cog= 53.4 stab= 32.2 place=100.0 soft=100.0 | comp= 65.3 packed=53.0% disp=0.131
  test_T04         fill= 40.3 cog= 55.3 stab= 39.1 place= 70.0 soft=100.0 | comp= 60.9 packed=64.4% disp=0.120
  test_T05         fill= 39.4 cog= 54.4 stab= 49.2 place= 75.0 soft=100.0 | comp= 63.6 packed=65.0% disp=0.109
  test_T10         fill= 28.9 cog= 55.2 stab= 45.6 place=100.0 soft=100.0 | comp= 65.9 packed=56.0% disp=0.125
  test_T11         fill= 48.4 cog= 51.4 stab= 36.7 place=100.0 soft=100.0 | comp= 67.3 packed=68.0% disp=0.113
  test_T12         fill= 33.5 cog= 53.5 stab= 19.9 place=100.0 soft= 73.1 | comp= 56.0 packed=48.0% disp=0.387
  test_T13         fill= 35.6 cog= 52.9 stab= 26.9 place= 85.0 soft= 83.3 | comp= 56.7 packed=47.0% disp=0.155
  test_T14         fill= 33.2 cog= 56.7 stab= 70.6 place= 83.3 soft= 87.5 | comp= 66.3 packed=85.0% disp=0.058
  test_T15         fill= 37.7 cog= 53.9 stab= 42.2 place=100.0 soft= 95.2 | comp= 65.8 packed=63.0% disp=0.127
  test_T25         fill= 36.6 cog= 54.3 stab= 36.1 place= 90.0 soft= 87.5 | comp= 60.9 packed=65.0% disp=0.212
  test_T27         fill= 34.6 cog= 52.8 stab= 36.7 place= 83.3 soft=100.0 | comp= 61.5 packed=62.2% disp=0.169
  test_T28         fill= 40.4 cog= 53.8 stab= 45.7 place= 86.4 soft= 96.0 | comp= 64.4 packed=78.8% disp=0.116
  == norm%=52.96 fill=38.07 cog=53.08 stab=36.24 place=90.62 soft=93.09 | COMPOSITE=62.22 packed=64.8%  [960s]
