pybullet build time: Aug 29 2026 17:03:42
pybullet build time: Aug 29 2026 17:03:42
### CO_base  overrides=[] patch=none
  ktest_L01        fill= 39.8 cog= 52.1 stab= 36.3 place=100.0 soft=100.0 | comp= 65.6 packed=71.1% disp=0.164
  ktest_L08        fill= 43.8 cog= 49.8 stab= 43.3 place=100.0 soft= 88.5 | comp= 65.1 packed=84.4% disp=0.151
  ktest_L11        fill= 44.8 cog= 50.0 stab= 38.3 place= 91.7 soft=100.0 | comp= 64.9 packed=66.7% disp=0.136
  ktest_L15        fill= 34.8 cog= 54.2 stab= 33.2 place=100.0 soft= 97.1 | comp= 63.8 packed=81.2% disp=0.207
  ktest_L16        fill= 31.3 cog= 56.1 stab= 19.5 place=100.0 soft=100.0 | comp= 61.4 packed=46.7% disp=0.333
  ktest_L17        fill= 36.1 cog= 52.9 stab= 45.0 place=100.0 soft= 93.8 | comp= 65.6 packed=60.0% disp=0.118
  ktest_L18        fill= 36.6 cog= 55.3 stab= 31.3 place=100.0 soft=100.0 | comp= 64.6 packed=68.9% disp=0.195
  ktest_L19        fill= 33.1 cog= 52.3 stab= 22.6 place=100.0 soft=100.0 | comp= 61.6 packed=65.0% disp=0.267
  ktest_L20        fill= 43.0 cog= 51.8 stab= 35.0 place=100.0 soft=100.0 | comp= 66.0 packed=77.5% disp=0.122
  ktest_L25        fill= 42.0 cog= 53.3 stab= 32.7 place=100.0 soft= 95.8 | comp= 64.8 packed=77.5% disp=0.160
  ktest_L26        fill= 35.4 cog= 49.7 stab= 28.8 place=100.0 soft=100.0 | comp= 62.8 packed=53.3% disp=0.201
  ktest_L27        fill= 35.8 cog= 54.0 stab= 49.1 place=100.0 soft=100.0 | comp= 67.8 packed=82.5% disp=0.142
  ktest_L28        fill= 44.6 cog= 52.8 stab= 46.3 place=100.0 soft= 80.0 | comp= 64.8 packed=91.1% disp=0.110
  ktest_L30        fill= 40.8 cog= 52.9 stab= 48.0 place=100.0 soft=100.0 | comp= 68.3 packed=85.0% disp=0.095
  pool_P07         fill= 42.1 cog= 54.4 stab= 32.2 place=100.0 soft=100.0 | comp= 65.7 packed=60.0% disp=0.139
  pool_P10         fill= 34.2 cog= 52.6 stab= 26.5 place=100.0 soft=100.0 | comp= 62.6 packed=48.9% disp=0.212
  pool_P16         fill= 41.9 cog= 50.4 stab= 44.8 place=100.0 soft= 86.7 | comp= 64.7 packed=100.0% disp=0.127
  pool_P18         fill= 36.2 cog= 52.9 stab= 39.3 place=100.0 soft=100.0 | comp= 65.7 packed=67.5% disp=0.122
  pool_P27         fill= 36.9 cog= 53.4 stab= 49.8 place= 50.0 soft=100.0 | comp= 58.0 packed=54.0% disp=0.092
  pool_P29         fill= 46.9 cog= 50.4 stab= 38.8 place=100.0 soft= 87.5 | comp= 64.7 packed=60.0% disp=0.103
  pool_P31         fill= 43.7 cog= 54.2 stab= 41.2 place= 50.0 soft= 92.9 | comp= 56.4 packed=87.5% disp=0.115
  shelftest_T00    fill= 37.4 cog= 53.1 stab= 51.5 place=100.0 soft= 89.3 | comp= 66.3 packed=75.6% disp=0.107
  shelftest_T01    fill= 36.3 cog= 52.1 stab= 33.2 place=100.0 soft=100.0 | comp= 64.3 packed=60.0% disp=0.192
  shelftest_T03    fill= 40.0 cog= 54.3 stab= 35.5 place=100.0 soft=100.0 | comp= 66.0 packed=57.0% disp=0.135
  shelftest_T04    fill= 40.9 cog= 51.3 stab= 38.6 place= 80.0 soft= 83.3 | comp= 58.8 packed=62.0% disp=0.120
  shelftest_T08    fill= 40.0 cog= 50.9 stab= 46.0 place=100.0 soft= 81.2 | comp= 63.6 packed=82.5% disp=0.101
  shelftest_T12    fill= 38.0 cog= 51.9 stab= 45.5 place=100.0 soft= 81.2 | comp= 63.3 packed=75.0% disp=0.104
  shelftest_T20    fill= 30.9 cog= 56.9 stab= 43.0 place=100.0 soft= 84.2 | comp= 63.0 packed=67.8% disp=0.177
  shelftest_T22    fill= 30.9 cog= 55.6 stab= 40.4 place= 87.5 soft=100.0 | comp= 62.9 packed=54.0% disp=0.115
  shelftest_T24    fill= 23.2 cog= 57.3 stab= 41.2 place=100.0 soft= 68.2 | comp= 58.0 packed=50.0% disp=0.190
  shelftest_T27    fill= 35.9 cog= 50.9 stab= 29.4 place=100.0 soft= 75.0 | comp= 58.2 packed=50.0% disp=0.176
  shelftest_T29    fill= 40.1 cog= 53.0 stab= 44.9 place=100.0 soft= 75.0 | comp= 62.6 packed=62.0% disp=0.120
  test_T00         fill= 38.3 cog= 53.9 stab= 24.0 place=100.0 soft=100.0 | comp= 63.3 packed=49.0% disp=0.209
  test_T04         fill= 43.6 cog= 53.7 stab= 43.7 place= 87.5 soft=100.0 | comp= 65.7 packed=68.9% disp=0.107
  test_T05         fill= 35.6 cog= 55.6 stab= 34.4 place=100.0 soft=100.0 | comp= 65.1 packed=70.0% disp=0.245
  test_T10         fill= 28.9 cog= 55.2 stab= 35.8 place=100.0 soft=100.0 | comp= 64.0 packed=56.0% disp=0.190
  test_T11         fill= 45.6 cog= 52.6 stab= 41.5 place=100.0 soft=100.0 | comp= 67.9 packed=64.0% disp=0.109
  test_T12         fill= 33.1 cog= 54.2 stab= 50.2 place=100.0 soft= 94.8 | comp= 66.5 packed=64.0% disp=0.096
  test_T13         fill= 41.7 cog= 54.8 stab= 34.4 place= 62.5 soft= 86.7 | comp= 56.0 packed=57.0% disp=0.141
  test_T14         fill= 28.2 cog= 57.1 stab= 53.5 place=100.0 soft= 73.3 | comp= 62.4 packed=57.5% disp=0.134
  test_T15         fill= 37.1 cog= 52.4 stab= 25.6 place=100.0 soft= 94.4 | comp= 61.9 packed=49.0% disp=0.293
  test_T25         fill= 31.1 cog= 54.5 stab= 33.9 place= 75.0 soft= 95.2 | comp= 57.9 packed=61.2% disp=0.201
  test_T27         fill= 39.1 cog= 56.1 stab= 50.5 place=100.0 soft= 87.5 | comp= 66.6 packed=68.9% disp=0.098
  test_T28         fill= 40.4 cog= 53.8 stab= 45.7 place= 86.4 soft= 96.0 | comp= 64.4 packed=78.8% disp=0.116
  == norm%=52.36 fill=37.73 cog=53.33 stab=38.74 place=94.78 soft=92.90 | COMPOSITE=63.50 packed=66.6%  [4525s]
