pybullet build time: Aug 29 2026 17:03:42
pybullet build time: Aug 29 2026 17:03:42
### CO_m2  overrides=['a:SMALL_SEEDS_MARGIN=2'] patch=none
  ktest_L01        fill= 26.5 cog= 54.8 stab= 33.8 place=100.0 soft=100.0 | comp= 63.0 packed=60.0% disp=0.277
  ktest_L08        fill= 43.8 cog= 49.8 stab= 43.3 place=100.0 soft= 88.5 | comp= 65.1 packed=84.4% disp=0.151
  ktest_L11        fill= 45.4 cog= 50.1 stab= 38.4 place= 90.0 soft= 94.4 | comp= 63.7 packed=67.8% disp=0.136
  ktest_L15        fill= 34.8 cog= 54.2 stab= 33.2 place=100.0 soft= 97.1 | comp= 63.8 packed=81.2% disp=0.207
  ktest_L16        fill= 31.3 cog= 56.1 stab= 19.5 place=100.0 soft=100.0 | comp= 61.4 packed=46.7% disp=0.333
  ktest_L17        fill= 38.7 cog= 53.3 stab= 39.0 place=100.0 soft= 88.9 | comp= 64.0 packed=68.0% disp=0.171
  ktest_L18        fill= 46.9 cog= 53.5 stab= 41.5 place=100.0 soft= 90.9 | comp= 66.6 packed=88.9% disp=0.140
  ktest_L19        fill= 42.8 cog= 55.8 stab= 37.8 place= 90.0 soft= 98.0 | comp= 64.9 packed=86.2% disp=0.171
  ktest_L20        fill= 43.0 cog= 51.8 stab= 35.0 place=100.0 soft=100.0 | comp= 66.0 packed=77.5% disp=0.122
  ktest_L25        fill= 37.9 cog= 51.2 stab= 36.4 place=100.0 soft= 84.4 | comp= 62.0 packed=85.0% disp=0.156
  ktest_L26        fill= 34.0 cog= 53.6 stab= 38.4 place=100.0 soft= 83.3 | comp= 61.9 packed=62.2% disp=0.146
  ktest_L27        fill= 35.8 cog= 54.0 stab= 49.1 place=100.0 soft=100.0 | comp= 67.8 packed=82.5% disp=0.142
  ktest_L28        fill= 40.1 cog= 56.1 stab= 44.3 place= 93.8 soft=100.0 | comp= 66.9 packed=82.2% disp=0.139
  ktest_L30        fill= 40.8 cog= 52.9 stab= 48.0 place=100.0 soft=100.0 | comp= 68.3 packed=85.0% disp=0.095
  pool_P07         fill= 36.5 cog= 55.5 stab= 34.2 place=100.0 soft=100.0 | comp= 65.2 packed=67.8% disp=0.155
  pool_P10         fill= 34.2 cog= 52.6 stab= 26.5 place=100.0 soft=100.0 | comp= 62.6 packed=48.9% disp=0.212
  pool_P16         fill= 23.5 cog= 56.3 stab= 31.6 place=100.0 soft=100.0 | comp= 62.3 packed=55.0% disp=0.418
  pool_P18         fill= 36.2 cog= 52.9 stab= 39.3 place=100.0 soft=100.0 | comp= 65.7 packed=67.5% disp=0.122
  pool_P27         fill= 32.1 cog= 52.8 stab= 45.3 place= 60.0 soft= 70.0 | comp= 52.0 packed=64.0% disp=0.150
  pool_P29         fill= 46.9 cog= 50.4 stab= 38.8 place=100.0 soft= 87.5 | comp= 64.7 packed=60.0% disp=0.103
  pool_P31         fill= 46.4 cog= 54.0 stab= 38.9 place=100.0 soft= 93.2 | comp= 66.5 packed=92.5% disp=0.123
  shelftest_T00    fill= 37.4 cog= 53.1 stab= 51.5 place=100.0 soft= 89.3 | comp= 66.3 packed=75.6% disp=0.107
  shelftest_T01    fill= 36.3 cog= 52.1 stab= 33.2 place=100.0 soft=100.0 | comp= 64.3 packed=60.0% disp=0.192
  shelftest_T03    fill= 22.5 cog= 57.8 stab= 29.7 place=100.0 soft=100.0 | comp= 62.0 packed=44.0% disp=0.308
  shelftest_T04    fill= 33.2 cog= 54.3 stab= 45.7 place= 71.4 soft=100.0 | comp= 60.9 packed=62.0% disp=0.121
  shelftest_T08    fill= 32.3 cog= 55.9 stab= 53.6 place=100.0 soft= 87.5 | comp= 65.9 packed=82.5% disp=0.093
  shelftest_T12    fill= 38.0 cog= 51.9 stab= 45.5 place=100.0 soft= 81.2 | comp= 63.3 packed=75.0% disp=0.104
  shelftest_T20    fill= 19.0 cog= 58.5 stab= 23.2 place=100.0 soft= 90.0 | comp= 58.1 packed=42.2% disp=0.440
  shelftest_T22    fill= 26.7 cog= 57.3 stab= 44.8 place= 66.7 soft=100.0 | comp= 59.1 packed=56.0% disp=0.171
  shelftest_T24    fill= 23.2 cog= 57.3 stab= 41.2 place=100.0 soft= 68.2 | comp= 58.0 packed=50.0% disp=0.190
  shelftest_T27    fill= 35.9 cog= 50.9 stab= 29.4 place=100.0 soft= 75.0 | comp= 58.2 packed=50.0% disp=0.176
  shelftest_T29    fill= 34.3 cog= 54.7 stab= 49.1 place=100.0 soft= 75.0 | comp= 62.6 packed=66.0% disp=0.116
  test_T00         fill= 38.3 cog= 53.9 stab= 24.0 place=100.0 soft=100.0 | comp= 63.3 packed=49.0% disp=0.209
  test_T04         fill= 43.6 cog= 53.7 stab= 43.7 place= 87.5 soft=100.0 | comp= 65.7 packed=68.9% disp=0.107
  test_T05         fill= 38.7 cog= 54.3 stab= 38.8 place=100.0 soft= 83.3 | comp= 63.0 packed=75.0% disp=0.120
  test_T10         fill= 28.9 cog= 55.2 stab= 35.8 place=100.0 soft=100.0 | comp= 64.0 packed=56.0% disp=0.190
  test_T11         fill= 37.7 cog= 54.9 stab= 43.6 place=100.0 soft= 94.1 | comp= 66.1 packed=76.0% disp=0.132
  test_T12         fill= 34.5 cog= 52.2 stab= 46.1 place= 83.3 soft= 97.4 | comp= 62.7 packed=71.0% disp=0.141
  test_T13         fill= 36.0 cog= 54.6 stab= 33.5 place= 77.8 soft=100.0 | comp= 60.4 packed=52.0% disp=0.187
  test_T14         fill= 34.7 cog= 57.4 stab= 51.3 place=100.0 soft= 87.0 | comp= 66.1 packed=82.5% disp=0.142
  test_T15         fill= 37.1 cog= 52.4 stab= 25.6 place=100.0 soft= 94.4 | comp= 61.9 packed=49.0% disp=0.293
  test_T25         fill= 24.9 cog= 52.1 stab= 17.5 place=100.0 soft=100.0 | comp= 58.9 packed=50.0% disp=0.536
  test_T27         fill= 39.8 cog= 55.1 stab= 54.9 place= 50.0 soft= 92.9 | comp= 58.5 packed=73.3% disp=0.080
  test_T28         fill= 34.2 cog= 56.7 stab= 40.9 place= 90.0 soft= 97.1 | comp= 63.8 packed=68.8% disp=0.123
  == norm%=49.41 fill=35.56 cog=54.05 stab=38.52 place=94.56 soft=92.92 | COMPOSITE=63.12 packed=67.0%  [4450s]
