pybullet build time: Aug 29 2026 17:03:42
pybullet build time: Aug 29 2026 17:03:42
pybullet build time: Aug 29 2026 17:03:42
pybullet build time: Aug 29 2026 17:03:42
pybullet build time: Aug 29 2026 17:03:42
### CON_opt44  overrides=['a:OFFLINE_CONSTRUCT=1'] patch=none
  ktest_L01        fill= 39.6 cog= 54.4 stab= 38.6 place=100.0 soft= 96.0 | comp= 65.7 packed=74.4% disp=0.157
  ktest_L08        fill= 38.7 cog= 52.1 stab= 40.1 place=100.0 soft= 86.4 | comp= 63.4 packed=75.6% disp=0.186
  ktest_L11        fill= 43.5 cog= 51.5 stab= 31.8 place= 87.5 soft=100.0 | comp= 62.9 packed=64.4% disp=0.142
  ktest_L15        fill= 36.6 cog= 53.9 stab= 37.5 place=100.0 soft= 92.9 | comp= 64.2 packed=82.5% disp=0.158
  ktest_L16        fill= 38.7 cog= 55.9 stab= 54.2 place=100.0 soft=100.0 | comp= 69.8 packed=66.7% disp=0.044
  ktest_L17        fill= 37.4 cog= 52.7 stab= 35.4 place=100.0 soft=100.0 | comp= 65.1 packed=64.0% disp=0.172
  ktest_L18        fill= 33.3 cog= 56.7 stab= 45.2 place=100.0 soft= 77.3 | comp= 62.5 packed=71.1% disp=0.165
  ktest_L19        fill= 33.6 cog= 54.8 stab= 26.0 place=100.0 soft=100.0 | comp= 62.9 packed=70.0% disp=0.218
  ktest_L20        fill= 34.0 cog= 54.1 stab= 45.0 place=100.0 soft=100.0 | comp= 66.6 packed=67.5% disp=0.100
  ktest_L25        fill= 10.1 cog= 39.2 stab= 54.8 place=100.0 soft=100.0 | comp= 60.8 packed=23.8% disp=0.207
  ktest_L26        fill= 36.0 cog= 52.5 stab= 33.8 place=100.0 soft=100.0 | comp= 64.5 packed=55.6% disp=0.139
  ktest_L27        fill= 34.5 cog= 55.3 stab= 46.9 place=100.0 soft=100.0 | comp= 67.3 packed=80.0% disp=0.182
  ktest_L28        fill= 40.1 cog= 51.8 stab= 41.5 place=100.0 soft= 71.4 | comp= 61.0 packed=80.0% disp=0.145
  ktest_L30        fill= 26.5 cog= 54.6 stab= 38.3 place=100.0 soft= 86.7 | comp= 61.2 packed=62.5% disp=0.158
  pool_P07         fill= 40.8 cog= 54.6 stab= 29.9 place=100.0 soft=100.0 | comp= 65.1 packed=57.8% disp=0.147
  pool_P10         fill= 36.0 cog= 55.2 stab= 43.5 place=100.0 soft= 94.4 | comp= 65.8 packed=64.4% disp=0.108
  pool_P16         fill= 32.0 cog= 51.7 stab= 34.6 place=100.0 soft= 87.5 | comp= 61.2 packed=67.5% disp=0.181
  pool_P18         fill= 36.7 cog= 51.0 stab= 57.9 place=100.0 soft= 92.9 | comp= 67.7 packed=77.5% disp=0.084
  pool_P27         fill= 38.1 cog= 52.0 stab= 51.4 place=100.0 soft= 90.9 | comp= 66.5 packed=66.0% disp=0.101
  pool_P29         fill= 34.7 cog= 54.4 stab= 39.8 place=100.0 soft= 87.5 | comp= 63.3 packed=56.0% disp=0.153
  pool_P31         fill= 43.7 cog= 54.2 stab= 41.2 place= 50.0 soft= 92.9 | comp= 56.4 packed=87.5% disp=0.115
  shelftest_T00    fill= 35.4 cog= 52.6 stab= 56.1 place=100.0 soft= 94.1 | comp= 67.6 packed=77.8% disp=0.077
  shelftest_T01    fill= 36.8 cog= 52.9 stab= 62.2 place=100.0 soft= 91.7 | comp= 68.7 packed=68.0% disp=0.055
  shelftest_T03    fill= 38.1 cog= 54.6 stab= 26.7 place=100.0 soft=100.0 | comp= 63.9 packed=55.0% disp=0.174
  shelftest_T04    fill= 43.3 cog= 53.9 stab= 51.9 place= 68.8 soft= 81.8 | comp= 59.9 packed=66.0% disp=0.076
  shelftest_T08    fill= 38.0 cog= 51.7 stab= 50.4 place=100.0 soft= 94.4 | comp= 66.9 packed=85.0% disp=0.091
  shelftest_T12    fill= 30.4 cog= 54.8 stab= 43.7 place= 66.7 soft= 94.4 | comp= 58.0 packed=65.0% disp=0.154
  shelftest_T20    fill= 34.4 cog= 50.9 stab= 47.9 place=100.0 soft= 93.3 | comp= 65.3 packed=71.1% disp=0.109
  shelftest_T22    fill= 40.2 cog= 52.0 stab= 48.4 place=100.0 soft=100.0 | comp= 68.1 packed=68.0% disp=0.080
  shelftest_T24    fill= 23.2 cog= 57.3 stab= 41.2 place=100.0 soft= 68.2 | comp= 58.0 packed=50.0% disp=0.190
  shelftest_T27    fill= 35.9 cog= 50.9 stab= 29.4 place=100.0 soft= 75.0 | comp= 58.2 packed=50.0% disp=0.176
  shelftest_T29    fill= 32.9 cog= 53.6 stab= 43.2 place=100.0 soft= 96.2 | comp= 65.2 packed=62.0% disp=0.136
  test_T00         fill= 40.8 cog= 53.4 stab= 32.2 place=100.0 soft=100.0 | comp= 65.3 packed=53.0% disp=0.131
  test_T04         fill= 41.7 cog= 54.4 stab= 58.1 place= 83.3 soft= 92.9 | comp= 66.1 packed=75.6% disp=0.066
  test_T05         fill= 38.3 cog= 55.0 stab= 51.3 place=100.0 soft=100.0 | comp= 68.9 packed=80.0% disp=0.110
  test_T10         fill= 24.2 cog= 62.8 stab= 53.9 place=100.0 soft= 97.9 | comp= 67.8 packed=54.0% disp=0.181
  test_T11         fill=  8.0 cog= 51.1 stab= 90.7 place=100.0 soft=100.0 | comp= 69.9 packed=28.0% disp=0.015
  test_T12         fill= 28.4 cog= 54.0 stab= 55.7 place=100.0 soft=100.0 | comp= 67.6 packed=56.0% disp=0.115
  test_T13         fill= 25.8 cog= 53.6 stab= 58.8 place= 80.0 soft= 88.6 | comp= 61.4 packed=54.0% disp=0.083
  test_T14         fill= 35.2 cog= 51.9 stab= 79.6 place= 90.0 soft= 93.3 | comp= 70.0 packed=87.5% disp=0.028
  test_T15         fill= 18.9 cog= 58.7 stab= 54.9 place=100.0 soft=100.0 | comp= 66.5 packed=37.0% disp=0.193
  test_T25         fill= 10.6 cog= 47.2 stab= 84.1 place=100.0 soft=100.0 | comp= 68.4 packed=31.2% disp=0.038
  test_T27         fill= 33.3 cog= 47.6 stab= 69.2 place=100.0 soft= 86.0 | comp= 67.2 packed=73.3% disp=0.063
  test_T28         fill= 27.7 cog= 58.1 stab= 61.3 place= 76.9 soft= 88.1 | comp= 62.4 packed=68.8% disp=0.092
  == norm%=46.19 fill=33.32 cog=53.31 stab=48.14 place=95.53 soft=93.01 | COMPOSITE=64.66 packed=64.3%  [1991s]
