pybullet build time: Aug 29 2026 17:03:42
pybullet build time: Aug 29 2026 17:03:42
pybullet build time: Aug 29 2026 17:03:42
pybullet build time: Aug 29 2026 17:03:42
pybullet build time: Aug 29 2026 17:03:42
pybullet build time: Aug 29 2026 17:03:42
pybullet build time: Aug 29 2026 17:03:42
pybullet build time: Aug 29 2026 17:03:42
pybullet build time: Aug 29 2026 17:03:42
pybullet build time: Aug 29 2026 17:03:42
pybullet build time: Aug 29 2026 17:03:42
pybullet build time: Aug 29 2026 17:03:42
pybullet build time: Aug 29 2026 17:03:42
pybullet build time: Aug 29 2026 17:03:42
### DG_400  overrides=['p:DG_DELTA=400'] patch=none
  P00              fill= 32.8 cog= 54.7 stab= 47.0 place=100.0 soft= 95.8 | comp= 66.1 packed=75.0% disp=0.155
  P01              fill= 35.1 cog= 53.1 stab= 47.2 place=100.0 soft= 92.5 | comp= 65.6 packed=62.0% disp=0.141
  P02              fill= 43.6 cog= 55.4 stab= 42.7 place=100.0 soft= 85.7 | comp= 65.5 packed=82.2% disp=0.167
  P03              fill= 28.4 cog= 54.1 stab= 27.3 place=100.0 soft=100.0 | comp= 62.0 packed=47.0% disp=0.269
  P04              fill= 24.3 cog= 59.1 stab= 26.9 place= 62.5 soft= 87.5 | comp= 52.1 packed=40.0% disp=0.286
  P05              fill= 27.3 cog= 55.9 stab= 26.8 place= 50.0 soft=100.0 | comp= 52.0 packed=57.5% disp=0.278
  P06              fill= 15.0 cog= 58.0 stab= 37.1 place=100.0 soft=100.0 | comp= 62.0 packed=27.5% disp=0.421
  P07              fill= 37.1 cog= 53.9 stab= 23.7 place=100.0 soft=100.0 | comp= 63.0 packed=53.3% disp=0.188
  P08              fill= 32.6 cog= 53.5 stab= 28.6 place=100.0 soft=100.0 | comp= 62.9 packed=53.3% disp=0.182
  P09              fill= 19.6 cog= 56.6 stab= 27.0 place=100.0 soft= 95.0 | comp= 59.6 packed=36.7% disp=0.377
  P10              fill= 36.9 cog= 53.2 stab= 31.5 place=100.0 soft=100.0 | comp= 64.3 packed=57.8% disp=0.164
  P11              fill= 30.8 cog= 53.1 stab= 38.5 place=100.0 soft= 91.7 | comp= 62.8 packed=57.5% disp=0.176
  P12              fill= 31.0 cog= 54.3 stab= 38.5 place=100.0 soft= 93.8 | comp= 63.5 packed=60.0% disp=0.154
  P13              fill= 28.2 cog= 53.8 stab= 32.7 place=100.0 soft= 80.8 | comp= 59.1 packed=48.0% disp=0.237
  P14              fill= 31.7 cog= 51.8 stab= 35.4 place= 78.6 soft= 95.8 | comp= 58.7 packed=57.8% disp=0.196
  P15              fill= 29.0 cog= 53.8 stab= 36.7 place=100.0 soft= 91.7 | comp= 62.2 packed=46.0% disp=0.154
  P16              fill= 44.0 cog= 51.4 stab= 47.7 place=100.0 soft= 67.9 | comp= 62.2 packed=97.5% disp=0.147
  P17              fill= 35.1 cog= 54.3 stab= 49.3 place= 70.0 soft= 83.3 | comp= 58.4 packed=72.5% disp=0.114
  P18              fill= 33.0 cog= 53.7 stab= 37.1 place=100.0 soft=100.0 | comp= 64.8 packed=65.0% disp=0.156
  P19              fill= 24.5 cog= 53.2 stab= 45.8 place= 83.3 soft= 94.1 | comp= 60.2 packed=66.2% disp=0.152
  P20              fill= 36.5 cog= 54.3 stab= 36.2 place=100.0 soft= 95.0 | comp= 64.4 packed=72.5% disp=0.180
  P21              fill= 34.3 cog= 53.0 stab= 30.7 place= 79.2 soft= 90.0 | comp= 57.4 packed=57.8% disp=0.213
  P22              fill= 22.1 cog= 59.0 stab= 41.4 place= 50.0 soft= 91.7 | comp= 52.8 packed=46.7% disp=0.155
  P23              fill= 41.5 cog= 53.7 stab= 44.3 place= 50.0 soft= 85.0 | comp= 54.9 packed=68.9% disp=0.113
  P24              fill= 35.4 cog= 52.3 stab= 39.7 place=100.0 soft= 93.3 | comp= 64.1 packed=61.0% disp=0.185
  P25              fill= 31.2 cog= 53.5 stab= 34.0 place= 62.5 soft=100.0 | comp= 56.2 packed=58.9% disp=0.218
  P26              fill= 33.8 cog= 55.1 stab= 29.9 place= 83.3 soft= 91.7 | comp= 58.8 packed=62.2% disp=0.207
  P27              fill= 35.1 cog= 53.6 stab= 27.5 place=100.0 soft=100.0 | comp= 63.2 packed=48.0% disp=0.194
  P28              fill= 34.5 cog= 55.4 stab= 37.8 place= 80.0 soft= 77.8 | comp= 57.1 packed=54.0% disp=0.223
  P29              fill= 35.8 cog= 51.7 stab= 20.6 place=100.0 soft=100.0 | comp= 61.6 packed=44.0% disp=0.203
  P30              fill= 27.3 cog= 59.0 stab= 45.2 place= 75.0 soft= 87.5 | comp= 58.8 packed=57.8% disp=0.170
  P31              fill= 39.9 cog= 53.5 stab= 39.3 place= 57.1 soft= 87.5 | comp= 55.5 packed=77.5% disp=0.152
  == norm%=44.29 fill=32.11 cog=54.41 stab=36.06 place=86.92 soft=92.34 | COMPOSITE=60.37 packed=58.5%  [211s]
