pybullet build time: Aug 29 2026 17:03:42
pybullet build time: Aug 29 2026 17:03:42
pybullet build time: Aug 29 2026 17:03:42
pybullet build time: Aug 29 2026 17:03:42
### DIV_pub_pe0  overrides=[] patch=none
  div_ktest_L01    fill= 34.6 cog= 55.4 stab= 20.7 place=100.0 soft=100.0 | comp= 62.1 packed=46.7% disp=0.191
  div_ktest_L08    fill= 18.0 cog= 66.0 stab= 12.9 place=100.0 soft=100.0 | comp= 59.4 packed=40.0% disp=0.283
  div_ktest_L11    fill= 28.8 cog= 54.7 stab= 25.2 place= 70.0 soft=100.0 | comp= 55.7 packed=48.9% disp=0.201
  div_ktest_L15    fill= 27.2 cog= 58.7 stab= 22.2 place= 90.0 soft=100.0 | comp= 59.6 packed=48.8% disp=0.254
  div_ktest_L16    fill= 32.8 cog= 56.3 stab= 45.8 place=100.0 soft= 91.7 | comp= 65.3 packed=64.4% disp=0.156
  div_ktest_L17    fill= 21.1 cog= 63.0 stab= 23.9 place=100.0 soft=100.0 | comp= 61.6 packed=34.0% disp=0.311
  div_ktest_L18    fill= 33.8 cog= 58.2 stab= 33.3 place=100.0 soft=100.0 | comp= 65.1 packed=55.6% disp=0.230
  div_ktest_L19    fill= 26.0 cog= 59.2 stab= 26.4 place= 78.6 soft=100.0 | comp= 58.0 packed=51.2% disp=0.249
  div_ktest_L20    fill= 26.7 cog= 56.5 stab= 28.3 place=100.0 soft=100.0 | comp= 62.3 packed=48.8% disp=0.181
  div_ktest_L25    fill= 32.6 cog= 55.2 stab= 27.6 place=100.0 soft=100.0 | comp= 63.1 packed=60.0% disp=0.205
  div_ktest_L26    fill= 28.8 cog= 52.4 stab= 40.6 place=100.0 soft= 87.5 | comp= 61.8 packed=48.9% disp=0.152
  div_ktest_L27    fill= 21.4 cog= 60.2 stab= 49.5 place= 88.9 soft= 81.2 | comp= 60.3 packed=52.5% disp=0.158
  div_ktest_L28    fill= 27.0 cog= 63.9 stab= 44.5 place=100.0 soft=100.0 | comp= 67.1 packed=46.7% disp=0.122
  div_ktest_L30    fill= 30.5 cog= 57.6 stab= 43.9 place=100.0 soft=100.0 | comp= 66.4 packed=65.0% disp=0.143
  div_pool_P07     fill= 30.9 cog= 55.2 stab= 26.2 place=100.0 soft=100.0 | comp= 62.5 packed=41.1% disp=0.177
  div_pool_P10     fill= 34.4 cog= 56.8 stab= 48.2 place= 94.4 soft= 85.7 | comp= 63.9 packed=55.6% disp=0.109
  div_pool_P16     fill= 30.6 cog= 59.5 stab= 39.3 place=100.0 soft=100.0 | comp= 65.9 packed=60.0% disp=0.209
  div_pool_P18     fill= 19.2 cog= 62.4 stab= 35.1 place=100.0 soft=100.0 | comp= 63.3 packed=50.0% disp=0.239
  div_pool_P27     fill= 34.0 cog= 56.1 stab= 28.2 place=100.0 soft=100.0 | comp= 63.7 packed=48.0% disp=0.244
  div_pool_P29     fill= 29.2 cog= 59.9 stab= 33.3 place= 50.0 soft=100.0 | comp= 54.5 packed=46.0% disp=0.177
  div_pool_P31     fill= 33.0 cog= 54.4 stab= 23.3 place= 62.5 soft=100.0 | comp= 54.7 packed=56.2% disp=0.174
  div_shelftest_T00 fill= 31.4 cog= 54.6 stab= 50.3 place=100.0 soft=100.0 | comp= 67.3 packed=60.0% disp=0.159
  div_shelftest_T01 fill= 33.5 cog= 60.7 stab= 40.0 place=100.0 soft= 92.9 | comp= 65.4 packed=42.0% disp=0.138
  div_shelftest_T03 fill= 33.9 cog= 55.2 stab= 30.2 place=100.0 soft=100.0 | comp= 63.9 packed=53.0% disp=0.206
  div_shelftest_T04 fill= 31.4 cog= 59.0 stab= 41.5 place= 77.3 soft= 81.2 | comp= 58.1 packed=48.0% disp=0.151
  div_shelftest_T08 fill= 23.2 cog= 56.8 stab= 43.1 place= 87.5 soft= 83.3 | comp= 58.8 packed=60.0% disp=0.158
  div_shelftest_T12 fill= 28.6 cog= 54.1 stab= 35.7 place= 75.0 soft=100.0 | comp= 58.7 packed=55.0% disp=0.218
  div_shelftest_T20 fill= 28.2 cog= 56.3 stab= 31.3 place= 68.8 soft=100.0 | comp= 56.9 packed=48.9% disp=0.178
  div_shelftest_T22 fill= 22.2 cog= 57.4 stab= 41.2 place= 50.0 soft=100.0 | comp= 54.2 packed=48.0% disp=0.230
  div_shelftest_T24 fill= 32.4 cog= 58.0 stab= 57.4 place=100.0 soft= 81.8 | comp= 65.9 packed=65.0% disp=0.120
  div_shelftest_T27 fill= 29.0 cog= 57.6 stab= 36.8 place=100.0 soft= 75.0 | comp= 59.7 packed=46.0% disp=0.153
  div_shelftest_T29 fill= 30.6 cog= 56.9 stab= 46.3 place= 90.0 soft= 75.0 | comp= 59.8 packed=46.0% disp=0.111
  div_test_T00     fill= 33.8 cog= 55.0 stab= 23.0 place=100.0 soft=100.0 | comp= 62.4 packed=40.0% disp=0.211
  div_test_T04     fill= 22.8 cog= 61.9 stab= 44.8 place= 83.3 soft= 93.8 | comp= 61.3 packed=51.1% disp=0.257
  div_test_T05     fill= 13.3 cog= 68.7 stab= 46.0 place=100.0 soft= 95.8 | comp= 64.8 packed=40.0% disp=0.173
  div_test_T10     fill= 23.2 cog= 61.2 stab= 70.6 place=100.0 soft= 95.8 | comp= 70.2 packed=54.0% disp=0.066
  div_test_T11     fill= 14.4 cog= 66.3 stab= 65.1 place=100.0 soft=100.0 | comp= 69.2 packed=44.0% disp=0.092
  div_test_T12     fill= 28.1 cog= 59.9 stab= 37.5 place= 87.5 soft=100.0 | comp= 62.6 packed=38.0% disp=0.167
  div_test_T13     fill= 27.9 cog= 58.3 stab= 24.7 place=100.0 soft=100.0 | comp= 62.2 packed=37.0% disp=0.190
  div_test_T14     fill= 25.8 cog= 63.2 stab= 69.7 place= 87.5 soft=100.0 | comp= 69.2 packed=60.0% disp=0.084
  div_test_T15     fill= 28.8 cog= 57.6 stab= 17.9 place=100.0 soft=100.0 | comp= 60.9 packed=33.0% disp=0.207
  div_test_T25     fill= 27.5 cog= 59.2 stab= 40.8 place= 50.0 soft= 97.1 | comp= 54.9 packed=51.2% disp=0.178
  div_test_T27     fill= 32.1 cog= 57.2 stab= 57.0 place=100.0 soft= 95.8 | comp= 68.4 packed=53.3% disp=0.115
  div_test_T28     fill= 24.1 cog= 58.5 stab= 25.1 place= 93.8 soft= 90.0 | comp= 58.3 packed=40.0% disp=0.245
  == norm%=29.90 fill=27.88 cog=58.53 stab=37.60 place=90.57 soft=95.54 | COMPOSITE=62.02 packed=49.6%  [1977s]
