pybullet build time: Aug 29 2026 17:03:42
pybullet build time: Aug 29 2026 17:03:42
pybullet build time: Aug 29 2026 17:03:42
pybullet build time: Aug 29 2026 17:03:42
pybullet build time: Aug 29 2026 17:03:42
### DIV_our  overrides=[] patch=none
  div_ktest_L01    fill= 43.1 cog= 49.8 stab= 29.1 place=100.0 soft=100.0 | comp= 64.4 packed=50.0% disp=0.117
  div_ktest_L08    fill= 34.5 cog= 53.0 stab= 20.3 place=100.0 soft=100.0 | comp= 61.5 packed=40.0% disp=0.224
  div_ktest_L11    fill= 33.6 cog= 51.3 stab= 22.6 place=100.0 soft=100.0 | comp= 61.5 packed=43.3% disp=0.203
  div_ktest_L15    fill= 36.9 cog= 49.7 stab= 27.3 place= 87.5 soft=100.0 | comp= 60.3 packed=52.5% disp=0.177
  div_ktest_L16    fill= 42.0 cog= 50.6 stab= 33.8 place=100.0 soft=100.0 | comp= 65.3 packed=53.3% disp=0.116
  div_ktest_L17    fill= 41.8 cog= 52.1 stab= 30.3 place= 92.9 soft=100.0 | comp= 63.4 packed=46.0% disp=0.118
  div_ktest_L18    fill= 37.6 cog= 52.4 stab= 29.4 place=100.0 soft=100.0 | comp= 63.9 packed=46.7% disp=0.135
  div_ktest_L19    fill= 30.6 cog= 53.1 stab= 23.1 place=100.0 soft=100.0 | comp= 61.4 packed=50.0% disp=0.210
  div_ktest_L20    fill= 33.3 cog= 49.3 stab= 27.3 place= 75.0 soft=100.0 | comp= 57.0 packed=48.8% disp=0.190
  div_ktest_L25    fill= 35.8 cog= 49.9 stab= 23.7 place=100.0 soft=100.0 | comp= 61.9 packed=53.8% disp=0.154
  div_ktest_L26    fill= 31.1 cog= 53.3 stab= 30.5 place= 75.0 soft=100.0 | comp= 58.0 packed=42.2% disp=0.133
  div_ktest_L27    fill= 38.8 cog= 51.8 stab= 25.2 place= 60.0 soft=100.0 | comp= 55.2 packed=60.0% disp=0.157
  div_ktest_L28    fill= 36.3 cog= 52.0 stab= 28.9 place= 87.5 soft=100.0 | comp= 60.9 packed=37.8% disp=0.104
  div_ktest_L30    fill= 34.7 cog= 52.9 stab= 38.2 place=100.0 soft=100.0 | comp= 65.2 packed=57.5% disp=0.153
  div_pool_P07     fill= 40.5 cog= 49.9 stab= 29.3 place=100.0 soft=100.0 | comp= 63.9 packed=47.8% disp=0.129
  div_pool_P10     fill= 24.5 cog= 52.2 stab= 32.8 place=100.0 soft=100.0 | comp= 61.9 packed=31.1% disp=0.142
  div_pool_P16     fill= 37.0 cog= 50.0 stab= 33.2 place= 75.0 soft=100.0 | comp= 59.0 packed=57.5% disp=0.116
  div_pool_P18     fill= 28.1 cog= 49.8 stab= 23.3 place=100.0 soft=100.0 | comp= 60.2 packed=35.0% disp=0.156
  div_pool_P27     fill= 37.2 cog= 50.5 stab= 33.0 place= 50.0 soft=100.0 | comp= 54.1 packed=40.0% disp=0.122
  div_pool_P29     fill= 37.8 cog= 52.1 stab= 35.4 place= 50.0 soft=100.0 | comp= 55.1 packed=44.0% disp=0.081
  div_pool_P31     fill= 37.9 cog= 49.0 stab= 25.4 place=100.0 soft= 50.0 | comp= 52.5 packed=48.8% disp=0.135
  div_shelftest_T00 fill= 28.4 cog= 53.7 stab= 39.6 place=100.0 soft=100.0 | comp= 64.3 packed=48.9% disp=0.220
  div_shelftest_T01 fill= 30.2 cog= 49.5 stab= 25.3 place=100.0 soft=100.0 | comp= 61.0 packed=30.0% disp=0.139
  div_shelftest_T03 fill= 38.3 cog= 48.5 stab= 33.0 place=100.0 soft=100.0 | comp= 64.0 packed=46.0% disp=0.146
  div_shelftest_T04 fill= 39.2 cog= 51.2 stab= 27.3 place= 91.7 soft=100.0 | comp= 61.9 packed=38.0% disp=0.136
  div_shelftest_T08 fill= 37.0 cog= 51.2 stab= 24.0 place= 66.7 soft=100.0 | comp= 55.8 packed=55.0% disp=0.199
  div_shelftest_T12 fill= 38.4 cog= 49.6 stab= 37.1 place=100.0 soft=100.0 | comp= 65.0 packed=57.5% disp=0.118
  div_shelftest_T20 fill= 33.2 cog= 53.3 stab= 25.2 place=100.0 soft=100.0 | comp= 62.3 packed=43.3% disp=0.180
  div_shelftest_T22 fill= 31.7 cog= 50.8 stab= 29.4 place= 66.7 soft=100.0 | comp= 55.7 packed=42.0% disp=0.139
  div_shelftest_T24 fill= 37.3 cog= 50.5 stab= 34.5 place=100.0 soft=100.0 | comp= 64.4 packed=55.0% disp=0.107
  div_shelftest_T27 fill= 25.3 cog= 54.6 stab= 28.3 place=100.0 soft=100.0 | comp= 61.7 packed=28.0% disp=0.164
  div_shelftest_T29 fill= 28.3 cog= 52.2 stab= 20.9 place= 90.0 soft=100.0 | comp= 58.3 packed=36.0% disp=0.210
  div_test_T00     fill= 40.5 cog= 49.7 stab= 33.3 place=100.0 soft=100.0 | comp= 64.7 packed=43.0% disp=0.132
  div_test_T04     fill= 37.8 cog= 53.2 stab= 46.0 place= 80.0 soft= 92.9 | comp= 62.0 packed=62.2% disp=0.114
  div_test_T05     fill= 36.1 cog= 52.9 stab= 34.5 place=100.0 soft=100.0 | comp= 64.7 packed=65.0% disp=0.126
  div_test_T10     fill= 42.4 cog= 50.1 stab= 42.3 place= 75.0 soft=100.0 | comp= 62.0 packed=50.0% disp=0.087
  div_test_T11     fill= 36.8 cog= 52.4 stab= 18.7 place=100.0 soft=100.0 | comp= 61.6 packed=40.0% disp=0.241
  div_test_T12     fill= 34.0 cog= 54.6 stab= 29.8 place=100.0 soft= 81.2 | comp= 59.9 packed=43.0% disp=0.162
  div_test_T13     fill= 33.9 cog= 51.7 stab= 32.6 place= 61.1 soft=100.0 | comp= 55.9 packed=43.0% disp=0.118
  div_test_T14     fill= 21.1 cog= 62.5 stab= 25.2 place=100.0 soft= 83.3 | comp= 58.4 packed=40.0% disp=0.287
  div_test_T15     fill= 38.7 cog= 48.0 stab= 26.2 place=100.0 soft=100.0 | comp= 62.6 packed=42.0% disp=0.144
  div_test_T25     fill= 36.7 cog= 53.5 stab= 44.8 place= 62.5 soft= 97.2 | comp= 58.9 packed=57.5% disp=0.163
  div_test_T27     fill= 32.6 cog= 51.0 stab= 37.8 place= 50.0 soft=100.0 | comp= 54.3 packed=46.7% disp=0.135
  div_test_T28     fill= 32.2 cog= 52.2 stab= 31.3 place= 91.7 soft=100.0 | comp= 61.5 packed=50.0% disp=0.166
  == norm%=37.70 fill=35.07 cog=51.63 stab=30.21 place=88.37 soft=97.83 | COMPOSITE=60.62 packed=46.5%  [1554s]
