pybullet build time: Aug 29 2026 17:03:42
pybullet build time: Aug 29 2026 17:03:42
pybullet build time: Aug 29 2026 17:03:42
pybullet build time: Aug 29 2026 17:03:42
pybullet build time: Aug 29 2026 17:03:42
pybullet build time: Aug 29 2026 17:03:42
pybullet build time: Aug 29 2026 17:03:42
### DM_base  overrides=[] patch=none
  M07_00_N         fill= 46.8 cog= 50.4 stab= 30.0 place= 50.0 soft= 66.7 | comp= 48.8 packed=44.4% disp=0.106
  M07_01_S         fill= 45.3 cog= 51.4 stab= 50.5 place= 90.0 soft=100.0 | comp= 67.4 packed=64.4% disp=0.084
  M07_02_N         fill= 40.7 cog= 52.7 stab= 43.0 place=100.0 soft=100.0 | comp= 67.3 packed=68.9% disp=0.113
  M07_03_S         fill= 26.9 cog= 51.1 stab= 23.1 place=100.0 soft=100.0 | comp= 60.2 packed=31.1% disp=0.182
  M07_04_N         fill= 41.3 cog= 51.8 stab= 45.7 place= 87.5 soft= 94.4 | comp= 64.2 packed=51.1% disp=0.095
  M07_05_S         fill= 19.9 cog= 55.4 stab= 36.4 place=100.0 soft=100.0 | comp= 62.3 packed=28.9% disp=0.197
  M07_06_N         fill= 35.4 cog= 53.8 stab= 24.4 place= 90.0 soft=100.0 | comp= 60.7 packed=60.0% disp=0.237
  M07_07_S         fill= 26.1 cog= 56.4 stab= 45.9 place= 83.3 soft=100.0 | comp= 62.3 packed=31.1% disp=0.101
  M07_08_N         fill= 46.1 cog= 51.6 stab= 22.9 place=100.0 soft=100.0 | comp= 64.1 packed=46.7% disp=0.135
  M07_09_S         fill= 29.7 cog= 50.0 stab= 34.7 place= 83.3 soft=100.0 | comp= 59.5 packed=40.0% disp=0.115
  M07_10_N         fill= 45.7 cog= 48.3 stab= 35.5 place=100.0 soft=100.0 | comp= 65.9 packed=40.0% disp=0.100
  M07_11_S         fill= 27.9 cog= 53.6 stab= 33.4 place= 50.0 soft=100.0 | comp= 53.0 packed=44.4% disp=0.161
  M12_00_N         fill= 40.3 cog= 51.3 stab= 29.9 place= 50.0 soft=100.0 | comp= 54.3 packed=42.2% disp=0.128
  M12_01_S         fill= 28.7 cog= 49.1 stab= 35.0 place= 83.3 soft=100.0 | comp= 59.2 packed=42.2% disp=0.160
  M12_02_N         fill= 39.1 cog= 54.7 stab= 28.0 place= 83.3 soft=100.0 | comp= 61.0 packed=53.3% disp=0.124
  M12_03_S         fill= 33.9 cog= 52.6 stab= 40.8 place=100.0 soft= 50.0 | comp= 55.5 packed=48.9% disp=0.112
  M12_04_N         fill= 37.5 cog= 52.6 stab= 22.5 place= 75.0 soft=100.0 | comp= 57.5 packed=51.1% disp=0.261
  M12_05_S         fill= 30.2 cog= 51.0 stab= 50.6 place=100.0 soft=100.0 | comp= 66.3 packed=51.1% disp=0.092
  M12_06_N         fill= 45.3 cog= 49.4 stab= 28.6 place=100.0 soft=100.0 | comp= 64.7 packed=62.2% disp=0.136
  M12_07_S         fill= 39.7 cog= 49.4 stab= 31.0 place= 75.0 soft=100.0 | comp= 59.0 packed=55.6% disp=0.115
  M12_08_N         fill= 42.0 cog= 51.3 stab= 41.5 place=100.0 soft=100.0 | comp= 67.0 packed=55.6% disp=0.089
  M12_09_S         fill= 30.6 cog= 52.3 stab= 39.3 place=100.0 soft=100.0 | comp= 64.4 packed=37.8% disp=0.159
  M12_10_N         fill= 40.6 cog= 50.5 stab= 25.3 place=100.0 soft=100.0 | comp= 63.3 packed=57.8% disp=0.171
  M12_11_S         fill= 23.3 cog= 54.5 stab= 21.3 place=100.0 soft=100.0 | comp= 59.8 packed=28.9% disp=0.209
  M18_00_N         fill= 46.3 cog= 51.5 stab= 35.7 place= 87.5 soft=100.0 | comp= 64.2 packed=60.0% disp=0.099
  M18_01_S         fill= 32.0 cog= 53.6 stab= 33.2 place=100.0 soft= 75.0 | comp= 58.8 packed=46.7% disp=0.124
  M18_02_N         fill= 37.3 cog= 54.2 stab= 21.8 place=100.0 soft=100.0 | comp= 62.7 packed=44.4% disp=0.193
  M18_03_S         fill= 39.1 cog= 53.2 stab= 31.5 place= 75.0 soft=100.0 | comp= 59.8 packed=51.1% disp=0.137
  M18_04_N         fill= 30.2 cog= 52.4 stab= 21.6 place=100.0 soft=100.0 | comp= 60.8 packed=40.0% disp=0.269
  M18_05_S         fill= 27.6 cog= 52.7 stab= 33.6 place= 50.0 soft=100.0 | comp= 52.8 packed=35.6% disp=0.127
  M18_06_N         fill= 31.9 cog= 54.5 stab= 36.8 place=100.0 soft=100.0 | comp= 64.6 packed=33.3% disp=0.089
  M18_07_S         fill= 34.6 cog= 53.9 stab= 34.0 place=100.0 soft=100.0 | comp= 64.5 packed=42.2% disp=0.169
  M18_08_N         fill= 38.8 cog= 51.3 stab= 38.6 place= 87.5 soft=100.0 | comp= 63.2 packed=66.7% disp=0.122
  M18_09_S         fill= 40.3 cog= 49.1 stab= 30.7 place=100.0 soft=100.0 | comp= 64.0 packed=44.4% disp=0.136
  M18_10_N         fill= 41.7 cog= 49.7 stab= 31.8 place= 83.3 soft= 90.0 | comp= 59.3 packed=51.1% disp=0.114
  M18_11_S         fill= 34.2 cog= 46.9 stab= 29.7 place=100.0 soft=100.0 | comp= 62.2 packed=35.6% disp=0.107
  M27_00_N         fill= 45.7 cog= 48.6 stab= 31.4 place=100.0 soft=100.0 | comp= 65.1 packed=51.1% disp=0.088
  M27_01_S         fill= 22.1 cog= 59.5 stab= 38.1 place= 83.3 soft=100.0 | comp= 60.6 packed=37.8% disp=0.148
  M27_02_N         fill= 45.9 cog= 50.3 stab= 23.6 place=100.0 soft=100.0 | comp= 64.0 packed=46.7% disp=0.136
  M27_03_S         fill= 40.3 cog= 49.0 stab= 39.3 place= 83.3 soft=100.0 | comp= 62.4 packed=53.3% disp=0.091
  M27_04_N         fill= 37.3 cog= 50.7 stab= 26.1 place= 87.5 soft=100.0 | comp= 60.3 packed=44.4% disp=0.172
  M27_05_S         fill= 33.1 cog= 51.6 stab= 35.3 place=100.0 soft= 50.0 | comp= 54.0 packed=44.4% disp=0.153
  M27_06_N         fill= 42.4 cog= 53.7 stab= 36.8 place=100.0 soft=100.0 | comp= 66.6 packed=53.3% disp=0.095
  M27_07_S         fill= 40.6 cog= 50.7 stab= 32.5 place=100.0 soft=100.0 | comp= 64.8 packed=53.3% disp=0.131
  M27_08_N         fill= 41.7 cog= 50.9 stab= 30.6 place=100.0 soft=100.0 | comp= 64.6 packed=53.3% disp=0.170
  M27_09_S         fill= 33.2 cog= 53.0 stab= 37.2 place= 75.0 soft=100.0 | comp= 59.7 packed=42.2% disp=0.096
  M27_10_N         fill= 43.9 cog= 50.7 stab= 18.0 place=100.0 soft=100.0 | comp= 62.5 packed=53.3% disp=0.184
  M27_11_S         fill= 40.9 cog= 48.8 stab= 32.5 place=100.0 soft=100.0 | comp= 64.4 packed=57.8% disp=0.127
  M45_00_N         fill= 36.1 cog= 51.1 stab= 27.2 place= 90.0 soft= 50.0 | comp= 50.9 packed=48.9% disp=0.167
  M45_01_S         fill= 39.3 cog= 50.2 stab= 24.3 place=100.0 soft=100.0 | comp= 62.8 packed=51.1% disp=0.146
  M45_02_N         fill= 41.8 cog= 49.8 stab= 35.6 place= 87.5 soft=100.0 | comp= 62.9 packed=57.8% disp=0.101
  M45_03_S         fill= 39.9 cog= 48.7 stab= 33.9 place= 83.3 soft=100.0 | comp= 61.2 packed=55.6% disp=0.119
  M45_04_N         fill= 43.0 cog= 47.5 stab= 34.0 place=100.0 soft=100.0 | comp= 64.9 packed=53.3% disp=0.107
  M45_05_S         fill= 35.4 cog= 50.3 stab= 33.8 place=100.0 soft=100.0 | comp= 63.9 packed=46.7% disp=0.103
  M45_06_N         fill= 34.6 cog= 47.9 stab= 22.0 place=100.0 soft=100.0 | comp= 60.9 packed=42.2% disp=0.258
  M45_07_S         fill= 29.3 cog= 55.4 stab= 37.4 place= 50.0 soft=100.0 | comp= 54.4 packed=46.7% disp=0.141
  M45_08_N         fill= 35.2 cog= 48.7 stab= 25.7 place= 75.0 soft=100.0 | comp= 56.9 packed=42.2% disp=0.208
  M45_09_S         fill= 31.7 cog= 54.8 stab= 28.7 place=100.0 soft=100.0 | comp= 63.0 packed=44.4% disp=0.118
  M45_10_N         fill= 35.0 cog= 49.7 stab= 23.8 place= 75.0 soft=100.0 | comp= 56.7 packed=37.8% disp=0.181
  M45_11_S         fill= 31.1 cog= 53.5 stab= 35.5 place=100.0 soft=100.0 | comp= 64.0 packed=44.4% disp=0.133
  == norm%=38.25 fill=36.61 cog=51.55 stab=32.36 place=89.57 soft=96.27 | COMPOSITE=61.27 packed=47.5%  [1449s]
