pybullet build time: Aug 29 2026 17:03:42
pybullet build time: Aug 29 2026 17:03:42
pybullet build time: Aug 29 2026 17:03:42
pybullet build time: Aug 29 2026 17:03:42
pybullet build time: Aug 29 2026 17:03:42
pybullet build time: Aug 29 2026 17:03:42
pybullet build time: Aug 29 2026 17:03:42
### DM_s1  overrides=['a:SMALL_SEEDS_MIN_DIVERSITY=0'] patch=none
  M07_00_N         fill= 46.8 cog= 50.4 stab= 30.0 place= 50.0 soft= 66.7 | comp= 48.8 packed=44.4% disp=0.106
  M07_01_S         fill= 34.5 cog= 52.8 stab= 36.6 place=100.0 soft=100.0 | comp= 64.8 packed=55.6% disp=0.173
  M07_02_N         fill= 39.5 cog= 53.6 stab= 32.5 place=100.0 soft=100.0 | comp= 65.1 packed=66.7% disp=0.157
  M07_03_S         fill= 25.9 cog= 58.1 stab= 39.0 place= 50.0 soft=100.0 | comp= 54.6 packed=48.9% disp=0.162
  M07_04_N         fill= 36.4 cog= 52.3 stab= 27.8 place=100.0 soft=100.0 | comp= 63.3 packed=46.7% disp=0.176
  M07_05_S         fill= 25.3 cog= 52.1 stab= 20.4 place=100.0 soft=100.0 | comp= 59.6 packed=35.6% disp=0.273
  M07_06_N         fill= 41.7 cog= 53.7 stab= 42.4 place= 80.0 soft=100.0 | comp= 63.6 packed=75.6% disp=0.119
  M07_07_S         fill= 32.0 cog= 50.0 stab= 44.5 place= 66.7 soft=100.0 | comp= 58.6 packed=42.2% disp=0.101
  M07_08_N         fill= 37.5 cog= 51.9 stab= 33.0 place=100.0 soft=100.0 | comp= 64.5 packed=51.1% disp=0.121
  M07_09_S         fill= 29.7 cog= 50.0 stab= 34.7 place= 83.3 soft=100.0 | comp= 59.5 packed=40.0% disp=0.115
  M07_10_N         fill= 34.5 cog= 52.1 stab= 27.9 place= 50.0 soft=100.0 | comp= 52.9 packed=35.6% disp=0.126
  M07_11_S         fill= 35.7 cog= 55.5 stab= 32.9 place=100.0 soft=100.0 | comp= 64.8 packed=60.0% disp=0.132
  M12_00_N         fill= 40.3 cog= 51.3 stab= 29.9 place= 50.0 soft=100.0 | comp= 54.3 packed=42.2% disp=0.128
  M12_01_S         fill= 28.0 cog= 55.8 stab= 30.5 place=100.0 soft=100.0 | comp= 62.8 packed=51.1% disp=0.175
  M12_02_N         fill= 39.1 cog= 54.1 stab= 23.9 place=100.0 soft=100.0 | comp= 63.4 packed=53.3% disp=0.149
  M12_03_S         fill= 27.9 cog= 53.1 stab= 28.4 place=100.0 soft=100.0 | comp= 61.9 packed=44.4% disp=0.196
  M12_04_N         fill= 36.7 cog= 54.3 stab= 48.5 place=100.0 soft=100.0 | comp= 67.9 packed=66.7% disp=0.103
  M12_05_S         fill= 33.1 cog= 51.0 stab= 53.3 place=100.0 soft=100.0 | comp= 67.5 packed=55.6% disp=0.077
  M12_06_N         fill= 40.6 cog= 52.8 stab= 33.7 place= 75.0 soft=100.0 | comp= 60.4 packed=64.4% disp=0.162
  M12_07_S         fill= 39.7 cog= 49.4 stab= 31.0 place= 75.0 soft=100.0 | comp= 59.0 packed=55.6% disp=0.115
  M12_08_N         fill= 38.6 cog= 50.7 stab= 40.0 place=100.0 soft=100.0 | comp= 65.9 packed=57.8% disp=0.110
  M12_09_S         fill= 17.1 cog= 54.5 stab= 44.9 place=100.0 soft=100.0 | comp= 63.3 packed=33.3% disp=0.170
  M12_10_N         fill= 40.6 cog= 50.5 stab= 25.3 place=100.0 soft=100.0 | comp= 63.3 packed=57.8% disp=0.171
  M12_11_S         fill= 26.8 cog= 51.8 stab= 34.1 place= 50.0 soft=100.0 | comp= 52.5 packed=51.1% disp=0.137
  M18_00_N         fill= 34.5 cog= 56.2 stab= 38.4 place=100.0 soft=100.0 | comp= 65.8 packed=62.2% disp=0.178
  M18_01_S         fill= 28.3 cog= 53.9 stab= 41.1 place=100.0 soft= 83.3 | comp= 61.3 packed=48.9% disp=0.195
  M18_02_N         fill= 46.4 cog= 50.6 stab= 35.6 place=100.0 soft=100.0 | comp= 66.5 packed=60.0% disp=0.106
  M18_03_S         fill= 34.0 cog= 55.4 stab= 40.7 place= 83.3 soft=100.0 | comp= 62.7 packed=57.8% disp=0.123
  M18_04_N         fill= 31.1 cog= 52.9 stab= 36.0 place= 75.0 soft=100.0 | comp= 59.0 packed=51.1% disp=0.128
  M18_05_S         fill= 35.5 cog= 51.8 stab= 38.4 place= 50.0 soft= 66.7 | comp= 48.5 packed=57.8% disp=0.133
  M18_06_N         fill= 29.7 cog= 57.2 stab= 24.5 place=100.0 soft=100.0 | comp= 62.3 packed=48.9% disp=0.204
  M18_07_S         fill= 34.6 cog= 53.9 stab= 34.0 place=100.0 soft=100.0 | comp= 64.5 packed=42.2% disp=0.169
  M18_08_N         fill= 38.8 cog= 51.3 stab= 38.6 place= 87.5 soft=100.0 | comp= 63.2 packed=66.7% disp=0.122
  M18_09_S         fill= 27.7 cog= 56.4 stab= 45.1 place=100.0 soft=100.0 | comp= 65.8 packed=48.9% disp=0.140
  M18_10_N         fill= 37.2 cog= 53.2 stab= 15.5 place=100.0 soft=100.0 | comp= 61.2 packed=44.4% disp=0.236
  M18_11_S         fill= 33.1 cog= 51.5 stab= 44.9 place= 87.5 soft=100.0 | comp= 63.4 packed=57.8% disp=0.159
  M27_00_N         fill= 38.9 cog= 50.3 stab= 28.8 place=100.0 soft=100.0 | comp= 63.6 packed=55.6% disp=0.100
  M27_01_S         fill= 31.4 cog= 52.0 stab= 37.5 place= 80.0 soft= 50.0 | comp= 50.2 packed=55.6% disp=0.161
  M27_02_N         fill= 38.1 cog= 53.6 stab= 29.9 place=100.0 soft=100.0 | comp= 64.3 packed=62.2% disp=0.161
  M27_03_S         fill= 40.0 cog= 49.5 stab= 31.6 place= 75.0 soft=100.0 | comp= 59.2 packed=51.1% disp=0.106
  M27_04_N         fill= 37.3 cog= 50.7 stab= 26.1 place= 87.5 soft=100.0 | comp= 60.3 packed=44.4% disp=0.172
  M27_05_S         fill= 33.2 cog= 52.7 stab= 44.7 place= 50.0 soft= 50.0 | comp= 46.1 packed=55.6% disp=0.106
  M27_06_N         fill= 39.1 cog= 52.3 stab= 35.2 place=100.0 soft=100.0 | comp= 65.3 packed=60.0% disp=0.127
  M27_07_S         fill= 25.4 cog= 55.2 stab= 32.2 place= 62.5 soft=100.0 | comp= 55.1 packed=46.7% disp=0.258
  M27_08_N         fill= 43.3 cog= 48.1 stab= 36.3 place= 50.0 soft=100.0 | comp= 55.5 packed=68.9% disp=0.135
  M27_09_S         fill= 25.2 cog= 51.1 stab= 26.3 place=100.0 soft=100.0 | comp= 60.5 packed=42.2% disp=0.221
  M27_10_N         fill= 32.3 cog= 56.3 stab= 33.3 place=100.0 soft=100.0 | comp= 64.4 packed=60.0% disp=0.147
  M27_11_S         fill= 33.5 cog= 53.3 stab= 38.8 place=100.0 soft= 50.0 | comp= 55.1 packed=57.8% disp=0.109
  M45_00_N         fill= 39.1 cog= 54.0 stab= 39.2 place= 83.3 soft=100.0 | comp= 63.1 packed=66.7% disp=0.146
  M45_01_S         fill= 32.4 cog= 50.2 stab= 35.9 place= 50.0 soft=100.0 | comp= 53.7 packed=57.8% disp=0.123
  M45_02_N         fill= 39.9 cog= 52.9 stab= 34.4 place= 80.0 soft=100.0 | comp= 61.4 packed=64.4% disp=0.121
  M45_03_S         fill= 24.9 cog= 51.6 stab= 19.6 place= 50.0 soft=100.0 | comp= 49.2 packed=40.0% disp=0.372
  M45_04_N         fill= 31.3 cog= 55.0 stab= 51.3 place= 50.0 soft=100.0 | comp= 57.5 packed=60.0% disp=0.137
  M45_05_S         fill= 30.5 cog= 50.3 stab= 37.1 place=100.0 soft=100.0 | comp= 63.6 packed=53.3% disp=0.252
  M45_06_N         fill= 37.0 cog= 53.7 stab= 26.9 place= 87.5 soft=100.0 | comp= 61.0 packed=60.0% disp=0.172
  M45_07_S         fill= 28.3 cog= 52.1 stab= 29.8 place= 50.0 soft=100.0 | comp= 52.0 packed=51.1% disp=0.187
  M45_08_N         fill= 35.3 cog= 50.1 stab= 29.0 place=100.0 soft=100.0 | comp= 62.9 packed=53.3% disp=0.173
  M45_09_S         fill= 28.9 cog= 52.3 stab= 32.7 place=100.0 soft= 87.5 | comp= 60.3 packed=55.6% disp=0.154
  M45_10_N         fill= 42.9 cog= 51.9 stab= 46.3 place= 50.0 soft=100.0 | comp= 58.2 packed=64.4% disp=0.101
  M45_11_S         fill= 20.5 cog= 53.0 stab= 37.8 place= 75.0 soft=100.0 | comp= 57.3 packed=37.8% disp=0.171
  == norm%=35.67 fill=34.12 cog=52.64 stab=34.64 place=83.24 soft=95.90 | COMPOSITE=60.11 packed=53.4%  [1482s]
