pybullet build time: Aug 29 2026 17:03:42
pybullet build time: Aug 29 2026 17:03:42
pybullet build time: Aug 29 2026 17:03:42
pybullet build time: Aug 29 2026 17:03:42
pybullet build time: Aug 29 2026 17:03:42
pybullet build time: Aug 29 2026 17:03:42
pybullet build time: Aug 29 2026 17:03:42
pybullet build time: Aug 29 2026 17:03:42
pybullet build time: Aug 29 2026 17:03:42
pybullet build time: Aug 29 2026 17:03:42
pybullet build time: Aug 29 2026 17:03:42
pybullet build time: Aug 29 2026 17:03:42
pybullet build time: Aug 29 2026 17:03:42
pybullet build time: Aug 29 2026 17:03:42
### E1A_pool  overrides=['p:SUPPORT_BALANCED=1', 'p:BAL_COVER=0.35', 'p:BAL_SPAN=0.40', 'p:BAL_CENTROID=0.25'] patch=none
  P00              fill= 37.3 cog= 57.0 stab= 43.1 place=100.0 soft= 87.5 | comp= 65.0 packed=77.5% disp=0.158
  P01              fill= 36.0 cog= 53.6 stab= 37.4 place=100.0 soft= 97.5 | comp= 64.9 packed=60.0% disp=0.158
  P02              fill= 32.9 cog= 56.0 stab= 46.8 place=100.0 soft=100.0 | comp= 67.1 packed=73.3% disp=0.142
  P03              fill= 37.7 cog= 52.8 stab= 34.1 place= 90.0 soft= 78.6 | comp= 58.6 packed=60.0% disp=0.146
  P04              fill= 32.1 cog= 57.7 stab= 36.1 place= 83.3 soft= 90.0 | comp= 59.8 packed=52.0% disp=0.115
  P05              fill= 32.4 cog= 53.3 stab= 48.0 place= 50.0 soft= 93.8 | comp= 55.5 packed=67.5% disp=0.165
  P06              fill= 39.7 cog= 54.0 stab= 45.7 place=100.0 soft= 87.5 | comp= 65.4 packed=80.0% disp=0.101
  P07              fill= 39.9 cog= 53.5 stab= 29.9 place=100.0 soft=100.0 | comp= 64.7 packed=62.2% disp=0.144
  P08              fill= 34.7 cog= 52.9 stab= 28.1 place=100.0 soft=100.0 | comp= 63.1 packed=60.0% disp=0.172
  P09              fill= 32.0 cog= 54.5 stab= 41.5 place= 77.8 soft= 75.0 | comp= 56.2 packed=60.0% disp=0.172
  P10              fill= 36.9 cog= 51.8 stab= 30.1 place=100.0 soft=100.0 | comp= 63.8 packed=53.3% disp=0.240
  P11              fill= 31.8 cog= 52.2 stab= 39.1 place=100.0 soft= 83.3 | comp= 61.3 packed=60.0% disp=0.132
  P12              fill= 35.3 cog= 52.8 stab= 40.7 place=100.0 soft= 89.1 | comp= 63.6 packed=76.7% disp=0.143
  P13              fill= 39.9 cog= 53.2 stab= 42.5 place=100.0 soft= 84.2 | comp= 64.0 packed=68.0% disp=0.118
  P14              fill= 32.8 cog= 55.9 stab= 36.4 place= 93.8 soft= 96.2 | comp= 63.0 packed=63.3% disp=0.184
  P15              fill= 33.5 cog= 57.2 stab= 40.2 place=100.0 soft=100.0 | comp= 66.2 packed=52.0% disp=0.125
  P16              fill= 31.4 cog= 58.0 stab= 30.8 place=100.0 soft=100.0 | comp= 64.0 packed=75.0% disp=0.286
  P17              fill= 27.4 cog= 55.9 stab= 37.3 place=100.0 soft=100.0 | comp= 64.1 packed=55.0% disp=0.144
  P18              fill= 37.0 cog= 53.0 stab= 38.8 place=100.0 soft= 50.0 | comp= 55.8 packed=70.0% disp=0.165
  P19              fill= 31.5 cog= 54.7 stab= 37.9 place=100.0 soft= 87.5 | comp= 62.3 packed=65.0% disp=0.219
  P20              fill= 35.9 cog= 57.2 stab= 37.1 place=100.0 soft=100.0 | comp= 66.0 packed=67.5% disp=0.131
  P21              fill= 34.6 cog= 53.4 stab= 36.8 place= 84.6 soft=100.0 | comp= 61.9 packed=63.3% disp=0.136
  P22              fill= 31.1 cog= 58.6 stab= 47.1 place=100.0 soft=100.0 | comp= 67.4 packed=62.2% disp=0.108
  P23              fill= 35.5 cog= 52.9 stab= 37.6 place=100.0 soft=100.0 | comp= 65.2 packed=64.4% disp=0.176
  P24              fill= 30.3 cog= 56.0 stab= 38.7 place= 93.8 soft= 84.4 | comp= 60.6 packed=54.0% disp=0.163
  P25              fill= 28.9 cog= 58.1 stab= 36.2 place= 68.8 soft=100.0 | comp= 58.4 packed=57.8% disp=0.158
  P26              fill= 42.3 cog= 50.7 stab= 30.1 place=100.0 soft=100.0 | comp= 64.6 packed=68.9% disp=0.154
  P27              fill= 42.2 cog= 52.1 stab= 35.9 place=100.0 soft=100.0 | comp= 66.0 packed=58.0% disp=0.102
  P28              fill= 40.3 cog= 54.0 stab= 43.5 place=100.0 soft= 95.8 | comp= 66.7 packed=66.0% disp=0.144
  P29              fill= 45.8 cog= 52.8 stab= 32.2 place=100.0 soft=100.0 | comp= 66.2 packed=60.0% disp=0.124
  P30              fill= 33.4 cog= 58.0 stab= 49.7 place= 50.0 soft= 93.3 | comp= 56.9 packed=75.6% disp=0.123
  P31              fill= 39.4 cog= 54.2 stab= 37.5 place= 75.0 soft= 76.5 | comp= 56.5 packed=86.2% disp=0.122
  == norm%=48.66 fill=35.37 cog=54.62 stab=38.34 place=92.72 soft=92.19 | COMPOSITE=62.65 packed=64.8%  [228s]
