pybullet build time: Aug 29 2026 17:03:42
pybullet build time: Aug 29 2026 17:03:42
pybullet build time: Aug 29 2026 17:03:42
pybullet build time: Aug 29 2026 17:03:42
pybullet build time: Aug 29 2026 17:03:42
pybullet build time: Aug 29 2026 17:03:42
pybullet build time: Aug 29 2026 17:03:42
pybullet build time: Aug 29 2026 17:03:42
pybullet build time: Aug 29 2026 17:03:42
pybullet build time: Aug 29 2026 17:03:42
pybullet build time: Aug 29 2026 17:03:42
pybullet build time: Aug 29 2026 17:03:42
pybullet build time: Aug 29 2026 17:03:42
pybullet build time: Aug 29 2026 17:03:42
  fork1c:ktest_L00              28/ 50 end=stuck   rescued=True  extra=+1 fork_s=   4.3 replay_ok=True
  fork1c:ktest_L03              37/ 40 end=stuck   rescued=False extra=+0 fork_s=   7.9 replay_ok=True
  fork1c:ktest_L04              36/ 45 end=stuck   rescued=False extra=+0 fork_s=  28.7 replay_ok=True
  fork1c:ktest_L06              29/ 40 end=stuck   rescued=True  extra=+1 fork_s=   7.2 replay_ok=True
  fork1c:ktest_L07              27/ 45 end=stuck   rescued=False extra=+0 fork_s=  66.9 replay_ok=True
  fork1c:ktest_L08              34/ 45 end=stuck   rescued=False extra=+0 fork_s=  61.0 replay_ok=True
  fork1c:ktest_L09              32/ 40 end=stuck   rescued=True  extra=+1 fork_s=  27.6 replay_ok=True
  fork1c:ktest_L10              31/ 50 end=stuck   rescued=False extra=+0 fork_s=  38.7 replay_ok=True
  fork1c:ktest_L16              22/ 45 end=topple  rescued=False extra=+0 fork_s=   1.5 replay_ok=True
  fork1c:ktest_L17              30/ 50 end=stuck   rescued=True  extra=+1 fork_s=   4.7 replay_ok=True
  fork1c:ktest_L18              36/ 45 end=stuck   rescued=False extra=+0 fork_s=  37.2 replay_ok=True
  fork1c:ktest_L21              28/ 50 end=stuck   rescued=False extra=+0 fork_s=  24.6 replay_ok=True
  fork1c:ktest_L23              29/ 50 end=stuck   rescued=True  extra=+2 fork_s=   8.4 replay_ok=True
  fork1c:ktest_L24              30/ 45 end=stuck   rescued=True  extra=+1 fork_s=   3.9 replay_ok=True
  fork1c:ktest_L26              21/ 45 end=stuck   rescued=True  extra=+1 fork_s=   4.7 replay_ok=True
  fork1c:ktest_L27              32/ 40 end=stuck   rescued=True  extra=+1 fork_s=  24.9 replay_ok=True
  fork1c:ktest_L28              40/ 45 end=stuck   rescued=True  extra=+1 fork_s=   5.5 replay_ok=True
  fork1c:ktest_L29              33/ 45 end=stuck   rescued=False extra=+0 fork_s=  31.5 replay_ok=True
  fork1c:ktest_L30              27/ 40 end=stuck   rescued=False extra=+0 fork_s=  17.9 replay_ok=True
  fork1c:ktest_L31              25/ 40 end=stuck   rescued=False extra=+0 fork_s= 100.5 replay_ok=True
  fork1c:pool_P00               31/ 40 end=stuck   rescued=False extra=+0 fork_s=  25.6 replay_ok=True
  fork1c:pool_P02               32/ 45 end=stuck   rescued=True  extra=+1 fork_s=  11.2 replay_ok=True
  fork1c:pool_P10               22/ 45 end=stuck   rescued=False extra=+0 fork_s=  12.7 replay_ok=True
  fork1c:pool_P11               25/ 40 end=stuck   rescued=False extra=+0 fork_s=  17.4 replay_ok=True
  fork1c:pool_P16               40/ 40 end=all     rescued=False extra=+0 fork_s=   0.0 replay_ok=None
  fork1c:pool_P20               28/ 40 end=stuck   rescued=False extra=+0 fork_s=  45.7 replay_ok=True
  fork1c:pool_P26               31/ 45 end=stuck   rescued=False extra=+0 fork_s=  10.1 replay_ok=True
  fork1c:pool_P27               23/ 50 end=topple  rescued=False extra=+0 fork_s=   3.9 replay_ok=True
  fork1c:pool_P28               32/ 50 end=stuck   rescued=False extra=+0 fork_s=   3.5 replay_ok=True
  fork1c:pool_P29               30/ 50 end=stuck   rescued=False extra=+0 fork_s=   3.0 replay_ok=True
  fork1c:shelftest_T00          30/ 45 end=stuck   rescued=True  extra=+1 fork_s=   7.9 replay_ok=True
  fork1c:shelftest_T01          26/ 50 end=stuck   rescued=True  extra=+2 fork_s=   6.1 replay_ok=True
  fork1c:shelftest_T02          28/ 45 end=stuck   rescued=True  extra=+1 fork_s=   5.8 replay_ok=True
  fork1c:shelftest_T06          27/ 40 end=stuck   rescued=True  extra=+1 fork_s=   9.3 replay_ok=True
  fork1c:shelftest_T08          29/ 40 end=stuck   rescued=False extra=+0 fork_s=  25.1 replay_ok=True
  fork1c:shelftest_T09          28/ 45 end=stuck   rescued=True  extra=+1 fork_s=   8.9 replay_ok=True
  fork1c:shelftest_T10          28/ 50 end=stuck   rescued=False extra=+0 fork_s=  15.5 replay_ok=True
  fork1c:shelftest_T11          30/ 45 end=stuck   rescued=True  extra=+1 fork_s=   7.3 replay_ok=True
  fork1c:shelftest_T12          25/ 40 end=stuck   rescued=True  extra=+1 fork_s=   6.8 replay_ok=True
  fork1c:shelftest_T14          32/ 50 end=stuck   rescued=False extra=+0 fork_s=  24.6 replay_ok=True
  fork1c:shelftest_T15          22/ 45 end=topple  rescued=False extra=+0 fork_s=   2.9 replay_ok=True
  fork1c:shelftest_T19          30/ 50 end=stuck   rescued=True  extra=+2 fork_s=   4.0 replay_ok=True
  fork1c:shelftest_T23          20/ 50 end=topple  rescued=False extra=+0 fork_s=   1.3 replay_ok=True
  fork1c:shelftest_T24          28/ 40 end=stuck   rescued=True  extra=+1 fork_s=  20.5 replay_ok=True
  fork1c:shelftest_T25          28/ 50 end=stuck   rescued=False extra=+0 fork_s=  52.1 replay_ok=True
  fork1c:shelftest_T28          29/ 45 end=stuck   rescued=False extra=+0 fork_s=  48.6 replay_ok=True
  fork1c:shelftest_T29          25/ 50 end=stuck   rescued=True  extra=+2 fork_s=   2.6 replay_ok=True
  fork1c:shelftest_T30          27/ 45 end=stuck   rescued=False extra=+0 fork_s=  10.3 replay_ok=True
  fork1c:test_T01               32/ 40 end=stuck   rescued=True  extra=+1 fork_s=   4.6 replay_ok=True
  fork1c:test_T03               25/ 40 end=stuck   rescued=False extra=+0 fork_s=   6.3 replay_ok=True
  fork1c:test_T05               30/ 40 end=stuck   rescued=False extra=+0 fork_s=   2.3 replay_ok=True
  fork1c:test_T06               16/ 40 end=topple  rescued=False extra=+0 fork_s=   0.1 replay_ok=True
  fork1c:test_T07               29/ 50 end=stuck   rescued=True  extra=+1 fork_s=   4.7 replay_ok=True
  fork1c:test_T09               34/ 40 end=stuck   rescued=False extra=+0 fork_s=  14.0 replay_ok=True
  fork1c:test_T11               29/ 50 end=stuck   rescued=True  extra=+1 fork_s=   8.3 replay_ok=True
  fork1c:test_T14               23/ 40 end=topple  rescued=False extra=+0 fork_s=   1.7 replay_ok=True
  fork1c:test_T17               31/ 45 end=stuck   rescued=True  extra=+1 fork_s=   6.6 replay_ok=True
  fork1c:test_T20               26/ 40 end=stuck   rescued=False extra=+0 fork_s=  10.2 replay_ok=True
  fork1c:test_T24               37/ 40 end=stuck   rescued=False extra=+0 fork_s=   5.6 replay_ok=True
  fork1c:test_T27               29/ 45 end=stuck   rescued=True  extra=+1 fork_s=   7.0 replay_ok=True
  fork1c:test_T30               32/ 40 end=stuck   rescued=False extra=+0 fork_s=  30.6 replay_ok=True
== base2: 61 scenes, 60 ended early, rescued 25; extra items per early-ended scene 0.48
   end=stuck   n= 54 rescued= 25 extra/scene=0.54
   end=topple  n=  6 rescued=  0 extra/scene=0.00
