pybullet build time: Aug 29 2026 17:03:42
pybullet build time: Aug 29 2026 17:03:42
pybullet build time: Aug 29 2026 17:03:42
pybullet build time: Aug 29 2026 17:03:42
pybullet build time: Aug 29 2026 17:03:42
pybullet build time: Aug 29 2026 17:03:42
pybullet build time: Aug 29 2026 17:03:42
pybullet build time: Aug 29 2026 17:03:42
pybullet build time: Aug 29 2026 17:03:42
pybullet build time: Aug 29 2026 17:03:42
pybullet build time: Aug 29 2026 17:03:42
pybullet build time: Aug 29 2026 17:03:42
pybullet build time: Aug 29 2026 17:03:42
pybullet build time: Aug 29 2026 17:03:42
### H_F1  overrides=['p:FLOOR_FRAC=1'] patch=none
  P00              fill= 34.8 cog= 53.4 stab= 37.2 place=100.0 soft=100.0 | comp= 65.1 packed=82.5% disp=0.166
  P01              fill= 41.7 cog= 53.7 stab= 38.9 place=100.0 soft= 97.6 | comp= 66.4 packed=64.0% disp=0.168
  P02              fill= 31.6 cog= 57.8 stab= 37.0 place=100.0 soft=100.0 | comp= 65.3 packed=71.1% disp=0.189
  P03              fill= 35.1 cog= 53.2 stab= 34.5 place=100.0 soft=100.0 | comp= 64.6 packed=54.0% disp=0.166
  P04              fill= 31.7 cog= 56.0 stab= 26.0 place= 70.0 soft= 80.0 | comp= 52.7 packed=50.0% disp=0.303
  P05              fill= 33.7 cog= 53.0 stab= 39.7 place= 75.0 soft= 93.8 | comp= 59.0 packed=70.0% disp=0.191
  P06              fill= 33.9 cog= 55.4 stab= 50.7 place=100.0 soft= 86.4 | comp= 65.3 packed=70.0% disp=0.146
  P07              fill= 42.1 cog= 54.4 stab= 32.2 place=100.0 soft=100.0 | comp= 65.7 packed=60.0% disp=0.139
  P08              fill= 37.9 cog= 53.4 stab= 36.5 place=100.0 soft=100.0 | comp= 65.6 packed=64.4% disp=0.129
  P09              fill= 32.0 cog= 56.9 stab= 24.7 place= 72.7 soft= 92.5 | comp= 55.8 packed=65.6% disp=0.168
  P10              fill= 34.2 cog= 52.3 stab= 23.0 place=100.0 soft=100.0 | comp= 61.9 packed=48.9% disp=0.214
  P11              fill= 33.5 cog= 55.4 stab= 36.5 place=100.0 soft= 83.3 | comp= 61.7 packed=65.0% disp=0.164
  P12              fill= 34.5 cog= 52.5 stab= 43.3 place=100.0 soft= 97.7 | comp= 65.6 packed=72.2% disp=0.147
  P13              fill= 37.8 cog= 53.0 stab= 40.4 place=100.0 soft= 86.1 | comp= 63.4 packed=65.0% disp=0.134
  P14              fill= 37.1 cog= 53.4 stab= 40.6 place= 93.8 soft= 97.4 | comp= 64.4 packed=71.1% disp=0.121
  P15              fill= 33.0 cog= 55.7 stab= 35.3 place=100.0 soft= 83.3 | comp= 61.5 packed=50.0% disp=0.191
  P16              fill= 31.4 cog= 57.9 stab= 29.3 place=100.0 soft=100.0 | comp= 63.7 packed=75.0% disp=0.334
  P17              fill= 27.4 cog= 55.0 stab= 31.9 place= 87.5 soft=100.0 | comp= 60.4 packed=55.0% disp=0.160
  P18              fill= 37.0 cog= 50.2 stab= 27.0 place=100.0 soft=100.0 | comp= 62.8 packed=67.5% disp=0.237
  P19              fill= 37.0 cog= 54.1 stab= 40.1 place= 94.4 soft= 97.6 | comp= 64.7 packed=78.8% disp=0.193
  P20              fill= 34.9 cog= 57.6 stab= 36.4 place=100.0 soft=100.0 | comp= 65.8 packed=67.5% disp=0.168
  P21              fill= 37.8 cog= 52.5 stab= 37.8 place= 88.5 soft= 80.8 | comp= 59.5 packed=68.9% disp=0.126
  P22              fill= 35.0 cog= 57.6 stab= 46.3 place= 66.7 soft= 87.5 | comp= 58.6 packed=66.7% disp=0.143
  P23              fill= 26.6 cog= 55.8 stab= 31.6 place=100.0 soft=100.0 | comp= 62.8 packed=46.7% disp=0.361
  P24              fill= 38.8 cog= 54.7 stab= 37.0 place=100.0 soft= 85.3 | comp= 63.2 packed=64.0% disp=0.151
  P25              fill= 15.8 cog= 59.0 stab= 18.4 place=100.0 soft=100.0 | comp= 58.6 packed=30.0% disp=0.495
  P26              fill= 37.6 cog= 52.5 stab= 40.2 place=100.0 soft=100.0 | comp= 66.0 packed=68.9% disp=0.142
  P27              fill= 35.6 cog= 51.0 stab= 28.6 place=100.0 soft=100.0 | comp= 63.0 packed=46.0% disp=0.183
  P28              fill= 40.3 cog= 55.8 stab= 42.6 place=100.0 soft= 87.5 | comp= 65.2 packed=66.0% disp=0.130
  P29              fill= 45.8 cog= 51.6 stab= 36.2 place=100.0 soft=100.0 | comp= 66.7 packed=58.0% disp=0.106
  P30              fill= 37.6 cog= 55.4 stab= 47.4 place= 75.0 soft= 90.6 | comp= 61.2 packed=77.8% disp=0.127
  P31              fill= 42.9 cog= 53.7 stab= 35.5 place= 80.0 soft= 82.4 | comp= 58.9 packed=85.0% disp=0.167
  == norm%=48.41 fill=35.18 cog=54.50 stab=35.70 place=93.86 soft=94.06 | COMPOSITE=62.66 packed=63.9%  [214s]
