pybullet build time: Aug 29 2026 17:03:42
pybullet build time: Aug 29 2026 17:03:42
pybullet build time: Aug 29 2026 17:03:42
pybullet build time: Aug 29 2026 17:03:42
pybullet build time: Aug 29 2026 17:03:42
pybullet build time: Aug 29 2026 17:03:42
pybullet build time: Aug 29 2026 17:03:42
pybullet build time: Aug 29 2026 17:03:42
pybullet build time: Aug 29 2026 17:03:42
pybullet build time: Aug 29 2026 17:03:42
pybullet build time: Aug 29 2026 17:03:42
pybullet build time: Aug 29 2026 17:03:42
pybullet build time: Aug 29 2026 17:03:42
pybullet build time: Aug 29 2026 17:03:42
### H_F4  overrides=['p:FLOOR_FRAC=1', 'p:FLOOR_SEAM=2'] patch=none
  P00              fill= 28.7 cog= 55.9 stab= 47.7 place=100.0 soft= 91.7 | comp= 64.8 packed=77.5% disp=0.085
  P01              fill= 27.1 cog= 61.0 stab= 41.8 place=100.0 soft= 91.2 | comp= 64.2 packed=46.0% disp=0.261
  P02              fill= 22.7 cog= 64.1 stab= 47.8 place=100.0 soft=100.0 | comp= 66.9 packed=48.9% disp=0.170
  P03              fill= 35.0 cog= 56.1 stab= 35.8 place= 85.0 soft= 75.0 | comp= 57.4 packed=60.0% disp=0.165
  P04              fill= 31.3 cog= 57.4 stab= 35.2 place= 80.0 soft= 70.0 | comp= 54.8 packed=48.0% disp=0.107
  P05              fill= 26.2 cog= 56.7 stab= 37.5 place= 50.0 soft= 80.0 | comp= 50.1 packed=57.5% disp=0.205
  P06              fill= 29.5 cog= 59.7 stab= 39.9 place=100.0 soft= 90.9 | comp= 64.0 packed=65.0% disp=0.241
  P07              fill= 39.9 cog= 51.8 stab= 28.1 place=100.0 soft=100.0 | comp= 64.0 packed=52.2% disp=0.118
  P08              fill= 43.8 cog= 52.0 stab= 32.8 place=100.0 soft=100.0 | comp= 65.7 packed=71.1% disp=0.129
  P09              fill= 25.7 cog= 55.3 stab= 38.3 place= 92.9 soft= 80.0 | comp= 58.4 packed=54.4% disp=0.176
  P10              fill= 32.1 cog= 46.0 stab= 28.3 place=100.0 soft=100.0 | comp= 61.3 packed=40.0% disp=0.183
  P11              fill= 28.5 cog= 50.8 stab= 43.1 place=100.0 soft= 66.7 | comp= 57.8 packed=55.0% disp=0.146
  P12              fill= 33.1 cog= 53.4 stab= 34.1 place=100.0 soft= 78.6 | comp= 59.8 packed=61.1% disp=0.185
  P13              fill= 33.3 cog= 55.6 stab= 34.3 place=100.0 soft= 81.2 | comp= 60.9 packed=56.0% disp=0.219
  P14              fill= 28.0 cog= 54.2 stab= 37.0 place= 81.2 soft= 88.2 | comp= 57.7 packed=67.8% disp=0.166
  P15              fill= 31.9 cog= 53.5 stab= 27.7 place=100.0 soft=100.0 | comp= 62.6 packed=48.0% disp=0.151
  P16              fill= 46.3 cog= 52.5 stab= 38.5 place= 66.7 soft= 96.2 | comp= 60.0 packed=95.0% disp=0.160
  P17              fill= 28.1 cog= 47.5 stab= 43.1 place=100.0 soft=100.0 | comp= 63.7 packed=50.0% disp=0.077
  P18              fill= 32.5 cog= 47.0 stab= 31.5 place=100.0 soft=100.0 | comp= 62.2 packed=52.5% disp=0.124
  P19              fill= 26.0 cog= 57.5 stab= 36.6 place= 72.2 soft= 90.0 | comp= 56.5 packed=75.0% disp=0.187
  P20              fill= 20.4 cog= 62.3 stab= 45.9 place=100.0 soft= 94.4 | comp= 64.6 packed=50.0% disp=0.195
  P21              fill= 34.0 cog= 56.0 stab= 35.6 place= 69.2 soft= 79.2 | comp= 54.8 packed=63.3% disp=0.140
  P22              fill= 30.3 cog= 58.9 stab= 41.4 place= 50.0 soft= 93.8 | comp= 54.9 packed=62.2% disp=0.200
  P23              fill= 27.8 cog= 55.9 stab= 34.9 place= 50.0 soft=100.0 | comp= 53.7 packed=53.3% disp=0.321
  P24              fill= 32.9 cog= 56.4 stab= 33.8 place=100.0 soft= 87.5 | comp= 62.1 packed=57.0% disp=0.210
  P25              fill= 35.5 cog= 55.2 stab= 36.0 place= 72.2 soft= 77.8 | comp= 55.3 packed=67.8% disp=0.187
  P26              fill= 33.1 cog= 55.6 stab= 25.4 place=100.0 soft= 90.0 | comp= 60.8 packed=57.8% disp=0.209
  P27              fill= 32.1 cog= 45.2 stab= 28.3 place=100.0 soft=100.0 | comp= 61.1 packed=36.0% disp=0.176
  P28              fill= 31.4 cog= 56.7 stab= 45.5 place=100.0 soft= 77.8 | comp= 62.3 packed=54.0% disp=0.256
  P29              fill= 42.0 cog= 54.3 stab= 36.8 place=100.0 soft=100.0 | comp= 66.6 packed=54.0% disp=0.111
  P30              fill= 32.5 cog= 57.4 stab= 50.4 place= 87.5 soft= 73.1 | comp= 60.2 packed=66.7% disp=0.143
  P31              fill= 42.4 cog= 54.9 stab= 34.3 place= 80.0 soft= 82.1 | comp= 58.8 packed=81.2% disp=0.135
  == norm%=44.02 fill=32.00 cog=54.90 stab=37.10 place=88.65 soft=88.60 | COMPOSITE=60.25 packed=58.9%  [202s]
