pybullet build time: Aug 29 2026 17:03:42
pybullet build time: Aug 29 2026 17:03:42
pybullet build time: Aug 29 2026 17:03:42
pybullet build time: Aug 29 2026 17:03:42
pybullet build time: Aug 29 2026 17:03:42
### MH15_pool  overrides=['p:W_MASS_HIGH=15'] patch=none
  P00              fill= 33.8 cog= 57.0 stab= 41.9 place=100.0 soft= 95.8 | comp= 65.7 packed=82.5% disp=0.165
  P01              fill= 16.3 cog= 58.9 stab= 24.3 place=100.0 soft= 95.8 | comp= 59.1 packed=32.0% disp=0.394
  P02              fill= 32.7 cog= 57.7 stab= 44.1 place=100.0 soft=100.0 | comp= 66.9 packed=71.1% disp=0.143
  P03              fill= 28.1 cog= 57.1 stab= 33.9 place= 87.5 soft=100.0 | comp= 61.3 packed=45.0% disp=0.271
  P04              fill= 33.2 cog= 56.9 stab= 34.2 place= 66.7 soft= 90.0 | comp= 56.2 packed=52.0% disp=0.136
  P05              fill= 33.7 cog= 53.0 stab= 39.7 place= 75.0 soft= 93.8 | comp= 59.0 packed=70.0% disp=0.191
  P06              fill= 32.4 cog= 55.1 stab= 49.0 place=100.0 soft= 95.8 | comp= 66.5 packed=72.5% disp=0.100
  P07              fill= 41.5 cog= 55.1 stab= 32.7 place=100.0 soft= 50.0 | comp= 55.8 packed=63.3% disp=0.125
  P08              fill= 37.9 cog= 54.2 stab= 27.5 place=100.0 soft= 87.5 | comp= 61.4 packed=64.4% disp=0.148
  P09              fill= 28.2 cog= 58.4 stab= 37.9 place= 85.7 soft= 93.8 | comp= 60.8 packed=55.6% disp=0.203
  P10              fill= 36.7 cog= 54.5 stab= 30.0 place=100.0 soft=100.0 | comp= 64.2 packed=57.8% disp=0.159
  P11              fill= 28.7 cog= 54.9 stab= 37.0 place=100.0 soft= 91.7 | comp= 62.5 packed=57.5% disp=0.192
  P12              fill= 40.0 cog= 53.5 stab= 45.7 place=100.0 soft= 93.8 | comp= 66.6 packed=78.9% disp=0.151
  P13              fill= 39.2 cog= 51.9 stab= 45.8 place=100.0 soft= 94.7 | comp= 66.3 packed=70.0% disp=0.104
  P14              fill= 37.2 cog= 54.0 stab= 39.2 place= 75.0 soft=100.0 | comp= 61.1 packed=68.9% disp=0.148
  P15              fill= 33.0 cog= 55.7 stab= 35.3 place=100.0 soft= 83.3 | comp= 61.5 packed=50.0% disp=0.191
  P16              fill= 37.8 cog= 52.5 stab= 49.3 place=100.0 soft= 89.3 | comp= 65.8 packed=92.5% disp=0.123
  P17              fill= 32.6 cog= 51.8 stab= 46.1 place= 90.0 soft= 80.0 | comp= 60.1 packed=65.0% disp=0.100
  P18              fill= 36.2 cog= 54.6 stab= 40.6 place=100.0 soft=100.0 | comp= 66.3 packed=72.5% disp=0.132
  P19              fill= 37.9 cog= 53.2 stab= 40.9 place= 94.4 soft= 95.5 | comp= 64.4 packed=80.0% disp=0.190
  P20              fill= 36.3 cog= 56.1 stab= 33.0 place=100.0 soft=100.0 | comp= 65.1 packed=75.0% disp=0.198
  P21              fill= 34.1 cog= 53.5 stab= 33.3 place= 92.3 soft= 95.8 | comp= 61.8 packed=64.4% disp=0.149
  P22              fill= 35.0 cog= 57.6 stab= 41.9 place= 66.7 soft= 93.8 | comp= 59.0 packed=66.7% disp=0.146
  P23              fill= 26.6 cog= 55.8 stab= 31.6 place=100.0 soft=100.0 | comp= 62.8 packed=46.7% disp=0.361
  P24              fill= 37.7 cog= 53.4 stab= 38.9 place= 93.8 soft= 87.5 | comp= 62.3 packed=62.0% disp=0.162
  P25              fill= 15.3 cog= 60.5 stab= 18.3 place=100.0 soft=100.0 | comp= 58.8 packed=30.0% disp=0.487
  P26              fill= 40.8 cog= 51.8 stab= 42.1 place=100.0 soft=100.0 | comp= 66.9 packed=71.1% disp=0.141
  P27              fill= 37.5 cog= 53.5 stab= 27.7 place= 50.0 soft=100.0 | comp= 53.7 packed=52.0% disp=0.189
  P28              fill= 36.5 cog= 56.8 stab= 50.2 place= 93.8 soft=100.0 | comp= 67.4 packed=62.0% disp=0.125
  P29              fill= 39.7 cog= 53.6 stab= 24.0 place=100.0 soft=100.0 | comp= 63.5 packed=50.0% disp=0.166
  P30              fill= 30.8 cog= 56.6 stab= 53.0 place= 75.0 soft= 96.7 | comp= 62.4 packed=75.6% disp=0.108
  P31              fill= 42.6 cog= 53.5 stab= 37.6 place= 71.4 soft= 92.9 | comp= 59.6 packed=78.8% disp=0.135
  == norm%=47.11 fill=34.06 cog=55.08 stab=37.72 place=91.16 soft=93.67 | COMPOSITE=62.34 packed=63.6%  [450s]
