pybullet build time: Aug 29 2026 17:03:42
pybullet build time: Aug 29 2026 17:03:42
pybullet build time: Aug 29 2026 17:03:42
### PR_both  overrides=['p:W_PRIO_DOOR=326.87', 'p:W_PRIO_HIGH=415.8'] patch=none
  dense_D00        fill= 41.8 cog= 54.0 stab= 42.1 place=100.0 soft= 88.9 | comp= 65.4 packed=55.0% disp=0.131
  dense_D01        fill= 35.6 cog= 54.8 stab= 34.4 place=100.0 soft=100.0 | comp= 65.0 packed=52.7% disp=0.159
  dense_D03        fill= 36.1 cog= 58.8 stab= 41.2 place= 90.0 soft= 80.8 | comp= 61.4 packed=74.0% disp=0.152
  dense_D04        fill= 37.0 cog= 53.5 stab= 47.4 place=100.0 soft= 95.0 | comp= 66.6 packed=52.7% disp=0.125
  dense_D08        fill= 37.9 cog= 53.7 stab= 29.7 place= 83.3 soft=100.0 | comp= 60.9 packed=51.8% disp=0.151
  dense_D10        fill= 33.3 cog= 53.2 stab= 24.7 place=100.0 soft=100.0 | comp= 62.2 packed=48.0% disp=0.172
  dense_D11        fill= 39.7 cog= 52.7 stab= 36.8 place=100.0 soft=100.0 | comp= 65.8 packed=66.0% disp=0.147
  dense_D16        fill= 32.0 cog= 56.1 stab= 41.2 place= 71.4 soft=100.0 | comp= 60.1 packed=46.7% disp=0.185
  dense_D17        fill= 40.9 cog= 54.2 stab= 27.3 place=100.0 soft=100.0 | comp= 64.5 packed=46.7% disp=0.146
  dense_D18        fill= 29.2 cog= 54.6 stab= 40.5 place=100.0 soft=100.0 | comp= 64.9 packed=49.1% disp=0.187
  dense_D20        fill= 41.6 cog= 53.7 stab= 29.6 place=100.0 soft=100.0 | comp= 65.0 packed=52.7% disp=0.156
  dense_D21        fill= 26.7 cog= 53.8 stab= 38.6 place=100.0 soft= 92.9 | comp= 62.4 packed=42.7% disp=0.183
  dense_D22        fill= 36.9 cog= 52.7 stab= 36.4 place=100.0 soft= 95.5 | comp= 64.3 packed=57.5% disp=0.171
  dense_D24        fill= 28.8 cog= 55.0 stab= 39.3 place= 66.7 soft= 93.8 | comp= 56.7 packed=46.0% disp=0.136
  dense_D28        fill= 36.8 cog= 53.3 stab= 28.4 place= 66.7 soft=100.0 | comp= 57.0 packed=48.0% disp=0.127
  dense_D29        fill= 34.5 cog= 56.1 stab= 37.7 place= 90.0 soft=100.0 | comp= 63.7 packed=38.2% disp=0.169
  dense_D30        fill= 31.3 cog= 52.6 stab= 44.6 place= 60.0 soft= 97.4 | comp= 57.2 packed=59.0% disp=0.181
  densetest_E01    fill= 37.5 cog= 54.3 stab= 23.0 place=100.0 soft=100.0 | comp= 63.0 packed=40.8% disp=0.187
  densetest_E02    fill= 40.5 cog= 54.6 stab= 28.1 place= 90.0 soft=100.0 | comp= 62.6 packed=47.0% disp=0.115
  densetest_E04    fill= 38.5 cog= 55.5 stab= 36.1 place= 87.5 soft= 79.4 | comp= 59.4 packed=65.0% disp=0.153
  densetest_E05    fill= 39.5 cog= 57.9 stab= 46.2 place=100.0 soft= 88.5 | comp= 66.4 packed=51.7% disp=0.116
  densetest_E07    fill= 33.7 cog= 57.2 stab= 40.8 place= 83.3 soft= 85.0 | comp= 60.0 packed=49.1% disp=0.208
  densetest_E08    fill= 37.0 cog= 53.8 stab= 23.1 place= 70.0 soft=100.0 | comp= 56.8 packed=45.0% disp=0.164
  densetest_E11    fill= 38.2 cog= 54.4 stab= 39.3 place= 84.6 soft= 86.1 | comp= 60.5 packed=57.3% disp=0.131
  densetest_E12    fill= 30.1 cog= 54.2 stab= 39.9 place=100.0 soft= 66.7 | comp= 58.2 packed=47.3% disp=0.176
  densetest_E14    fill= 16.2 cog= 55.7 stab= 46.7 place= 50.0 soft=100.0 | comp= 53.7 packed=33.3% disp=0.265
  densetest_E15    fill= 36.2 cog= 55.4 stab= 27.9 place= 87.5 soft= 92.9 | comp= 60.0 packed=49.1% disp=0.226
  densetest_E17    fill= 33.8 cog= 58.5 stab= 41.5 place=100.0 soft=100.0 | comp= 66.7 packed=48.3% disp=0.150
  densetest_E18    fill= 41.6 cog= 52.7 stab= 35.8 place= 66.7 soft= 87.5 | comp= 56.9 packed=62.0% disp=0.200
  densetest_E19    fill= 33.3 cog= 54.5 stab= 34.1 place=100.0 soft= 97.1 | comp= 63.8 packed=46.7% disp=0.189
  densetest_E20    fill= 37.6 cog= 51.5 stab= 29.6 place= 70.0 soft=100.0 | comp= 57.7 packed=43.3% disp=0.153
  densetest_E22    fill= 35.3 cog= 55.0 stab= 44.8 place= 83.3 soft= 80.0 | comp= 59.7 packed=64.0% disp=0.114
  densetest_E24    fill= 30.4 cog= 53.3 stab= 49.1 place=100.0 soft= 91.7 | comp= 64.9 packed=58.0% disp=0.119
  densetest_E29    fill= 28.8 cog= 56.3 stab= 46.1 place=100.0 soft= 62.5 | comp= 58.7 packed=45.0% disp=0.149
  densetest_E30    fill= 43.9 cog= 53.8 stab= 32.9 place=100.0 soft= 50.0 | comp= 56.1 packed=53.3% disp=0.135
  densetest_E31    fill= 24.3 cog= 63.6 stab= 34.0 place=100.0 soft= 77.8 | comp= 59.9 packed=54.0% disp=0.255
  ktest_L02        fill= 35.6 cog= 54.6 stab= 37.6 place=100.0 soft= 96.9 | comp= 64.9 packed=75.6% disp=0.134
  ktest_L03        fill= 44.3 cog= 53.7 stab= 49.1 place=100.0 soft= 96.9 | comp= 68.8 packed=92.5% disp=0.116
  ktest_L04        fill= 44.2 cog= 55.7 stab= 44.8 place=100.0 soft=100.0 | comp= 68.9 packed=73.3% disp=0.102
  ktest_L05        fill= 37.3 cog= 53.9 stab= 35.5 place=100.0 soft= 90.5 | comp= 63.4 packed=76.2% disp=0.210
  ktest_L06        fill= 31.5 cog= 53.5 stab= 39.0 place= 90.0 soft= 95.5 | comp= 61.9 packed=70.0% disp=0.183
  ktest_L07        fill= 28.4 cog= 58.1 stab= 53.1 place=100.0 soft=100.0 | comp= 67.9 packed=53.3% disp=0.143
  ktest_L08        fill= 34.8 cog= 52.1 stab= 49.2 place=100.0 soft= 90.9 | comp= 65.4 packed=75.6% disp=0.107
  ktest_L09        fill= 37.9 cog= 53.6 stab= 53.3 place=100.0 soft= 95.8 | comp= 68.1 packed=80.0% disp=0.077
  ktest_L10        fill= 31.7 cog= 57.3 stab= 43.2 place= 92.9 soft= 96.2 | comp= 64.3 packed=58.0% disp=0.099
  ktest_L11        fill= 39.6 cog= 52.9 stab= 24.6 place=100.0 soft=100.0 | comp= 63.4 packed=58.9% disp=0.183
  ktest_L12        fill= 33.7 cog= 55.4 stab= 42.9 place=100.0 soft=100.0 | comp= 66.4 packed=59.0% disp=0.138
  ktest_L13        fill= 25.6 cog= 55.7 stab= 44.0 place=100.0 soft= 92.9 | comp= 63.6 packed=63.3% disp=0.142
  ktest_L14        fill= 25.3 cog= 58.5 stab= 35.5 place=100.0 soft=100.0 | comp= 63.9 packed=56.2% disp=0.260
  ktest_L15        fill= 32.9 cog= 53.4 stab= 41.7 place=100.0 soft= 75.0 | comp= 60.6 packed=83.8% disp=0.133
  ktest_L17        fill= 42.5 cog= 53.2 stab= 43.0 place= 83.3 soft= 70.0 | comp= 58.4 packed=74.0% disp=0.126
  ktest_L19        fill= 37.5 cog= 56.1 stab= 25.7 place= 93.8 soft= 95.8 | comp= 61.8 packed=75.0% disp=0.233
  ktest_L20        fill= 39.5 cog= 53.1 stab= 27.6 place=100.0 soft=100.0 | comp= 64.0 packed=66.2% disp=0.165
  ktest_L21        fill= 35.1 cog= 53.6 stab= 40.6 place= 83.3 soft= 81.2 | comp= 58.8 packed=64.0% disp=0.179
  ktest_L22        fill= 34.4 cog= 54.1 stab= 45.0 place=100.0 soft= 87.0 | comp= 64.1 packed=63.0% disp=0.127
  ktest_L23        fill= 32.1 cog= 58.2 stab= 43.8 place=100.0 soft= 88.5 | comp= 64.5 packed=56.0% disp=0.151
  ktest_L24        fill= 28.7 cog= 55.2 stab= 34.7 place=100.0 soft= 90.0 | comp= 61.7 packed=66.7% disp=0.163
  ktest_L26        fill= 34.6 cog= 52.2 stab= 27.5 place=100.0 soft=100.0 | comp= 62.9 packed=44.4% disp=0.156
  ktest_L27        fill= 36.9 cog= 52.4 stab= 50.4 place= 80.0 soft= 76.9 | comp= 59.3 packed=82.5% disp=0.099
  ktest_L28        fill= 30.9 cog= 55.1 stab= 28.4 place=100.0 soft=100.0 | comp= 62.9 packed=62.2% disp=0.355
  ktest_L29        fill= 35.5 cog= 55.3 stab= 35.2 place=100.0 soft=100.0 | comp= 65.2 packed=71.1% disp=0.205
  ktest_L30        fill= 33.0 cog= 55.2 stab= 49.3 place= 75.0 soft= 60.0 | comp= 54.5 packed=77.5% disp=0.113
  pool_P02         fill= 36.8 cog= 55.3 stab= 45.9 place=100.0 soft= 84.6 | comp= 64.5 packed=77.8% disp=0.148
  pool_P03         fill= 29.7 cog= 57.4 stab= 29.9 place=100.0 soft=100.0 | comp= 63.4 packed=49.0% disp=0.257
  pool_P04         fill= 33.2 cog= 56.1 stab= 38.9 place= 91.7 soft=100.0 | comp= 64.0 packed=52.0% disp=0.156
  pool_P05         fill= 34.4 cog= 54.2 stab= 37.8 place= 50.0 soft=100.0 | comp= 55.3 packed=67.5% disp=0.214
  pool_P09         fill= 30.8 cog= 57.1 stab= 44.5 place=100.0 soft= 92.1 | comp= 64.9 packed=61.1% disp=0.159
  pool_P10         fill= 36.3 cog= 51.2 stab= 27.9 place=100.0 soft=100.0 | comp= 63.1 packed=48.9% disp=0.213
  pool_P14         fill= 31.4 cog= 54.0 stab= 36.5 place= 85.7 soft= 92.3 | comp= 60.0 packed=62.2% disp=0.177
  pool_P16         fill= 43.7 cog= 52.5 stab= 42.0 place=100.0 soft=100.0 | comp= 67.6 packed=100.0% disp=0.146
  pool_P17         fill= 27.4 cog= 55.0 stab= 31.9 place= 87.5 soft=100.0 | comp= 60.4 packed=55.0% disp=0.160
  pool_P19         fill= 27.5 cog= 52.8 stab= 30.3 place= 75.0 soft= 92.3 | comp= 55.6 packed=60.0% disp=0.357
  pool_P21         fill= 33.6 cog= 53.0 stab= 30.4 place= 79.2 soft= 90.0 | comp= 57.2 packed=58.9% disp=0.165
  pool_P22         fill= 20.3 cog= 60.5 stab= 22.2 place= 75.0 soft= 87.5 | comp= 53.1 packed=37.8% disp=0.227
  pool_P23         fill= 26.6 cog= 55.8 stab= 34.4 place=100.0 soft=100.0 | comp= 63.4 packed=46.7% disp=0.350
  pool_P24         fill= 23.5 cog= 54.3 stab= 25.1 place=100.0 soft=100.0 | comp= 60.6 packed=37.0% disp=0.415
  pool_P25         fill= 18.2 cog= 54.1 stab= 16.8 place=100.0 soft=100.0 | comp= 57.8 packed=30.0% disp=0.486
  pool_P26         fill= 36.3 cog= 54.9 stab= 35.5 place=100.0 soft=100.0 | comp= 65.3 packed=66.7% disp=0.152
  pool_P27         fill= 35.6 cog= 51.0 stab= 27.5 place=100.0 soft=100.0 | comp= 62.8 packed=46.0% disp=0.194
  pool_P28         fill= 35.1 cog= 55.9 stab= 34.0 place= 80.0 soft= 90.0 | comp= 59.0 packed=56.0% disp=0.166
  pool_P29         fill= 46.3 cog= 51.0 stab= 34.7 place=100.0 soft=100.0 | comp= 66.4 packed=58.0% disp=0.103
  pool_P30         fill= 37.6 cog= 55.4 stab= 50.1 place= 75.0 soft= 90.6 | comp= 61.7 packed=77.8% disp=0.129
  pool_P31         fill= 37.9 cog= 53.0 stab= 35.2 place= 92.9 soft= 87.5 | comp= 61.3 packed=75.0% disp=0.133
  shelftest_T02    fill= 33.9 cog= 54.2 stab= 37.5 place=100.0 soft= 95.0 | comp= 64.1 packed=62.2% disp=0.163
  shelftest_T04    fill= 38.1 cog= 54.3 stab= 27.9 place=100.0 soft=100.0 | comp= 64.1 packed=56.0% disp=0.187
  shelftest_T05    fill= 32.9 cog= 53.8 stab= 38.2 place= 83.3 soft= 81.8 | comp= 58.0 packed=60.0% disp=0.161
  shelftest_T06    fill= 32.7 cog= 53.9 stab= 53.7 place=100.0 soft= 96.2 | comp= 67.3 packed=75.0% disp=0.067
  shelftest_T08    fill= 40.8 cog= 52.8 stab= 38.5 place= 50.0 soft= 66.7 | comp= 49.7 packed=80.0% disp=0.124
  shelftest_T09    fill= 38.4 cog= 52.5 stab= 55.2 place= 90.0 soft= 96.2 | comp= 66.5 packed=66.7% disp=0.092
  shelftest_T10    fill= 31.8 cog= 54.5 stab= 49.6 place= 85.7 soft= 78.6 | comp= 60.0 packed=54.0% disp=0.097
  shelftest_T12    fill= 17.1 cog= 58.0 stab= 40.5 place=100.0 soft= 95.0 | comp= 62.1 packed=62.5% disp=0.136
  shelftest_T15    fill= 22.4 cog= 54.2 stab= 40.6 place= 50.0 soft=100.0 | comp= 53.4 packed=46.7% disp=0.257
  shelftest_T16    fill= 34.4 cog= 54.7 stab= 47.0 place=100.0 soft= 57.1 | comp= 58.7 packed=77.5% disp=0.122
  shelftest_T19    fill= 37.5 cog= 53.1 stab= 51.8 place=100.0 soft= 77.8 | comp= 64.0 packed=62.0% disp=0.104
  shelftest_T20    fill= 37.5 cog= 54.1 stab= 41.8 place= 87.5 soft= 65.0 | comp= 57.2 packed=67.8% disp=0.105
  shelftest_T21    fill= 22.9 cog= 56.0 stab= 32.7 place= 94.4 soft=100.0 | comp= 61.2 packed=48.8% disp=0.263
  shelftest_T22    fill= 33.3 cog= 53.7 stab= 35.2 place= 75.0 soft=100.0 | comp= 59.4 packed=50.0% disp=0.110
  shelftest_T23    fill= 33.5 cog= 54.2 stab= 46.9 place=100.0 soft= 91.7 | comp= 65.3 packed=62.0% disp=0.152
  shelftest_T25    fill= 38.6 cog= 54.2 stab= 39.7 place=100.0 soft= 78.6 | comp= 62.2 packed=56.0% disp=0.086
  shelftest_T26    fill= 33.6 cog= 53.7 stab= 46.0 place=100.0 soft= 81.2 | comp= 62.9 packed=60.0% disp=0.106
  shelftest_T29    fill= 33.6 cog= 52.5 stab= 24.9 place=100.0 soft=100.0 | comp= 62.2 packed=50.0% disp=0.192
  shelftest_T31    fill= 24.2 cog= 58.0 stab= 43.0 place= 80.0 soft= 70.0 | comp= 55.0 packed=48.9% disp=0.168
  test_T01         fill= 32.5 cog= 57.4 stab= 48.0 place= 50.0 soft= 92.9 | comp= 56.2 packed=80.0% disp=0.152
  test_T02         fill= 15.9 cog= 57.3 stab= 60.2 place=100.0 soft= 95.0 | comp= 65.7 packed=37.8% disp=0.130
  test_T03         fill= 26.0 cog= 56.0 stab= 46.9 place= 50.0 soft=100.0 | comp= 55.8 packed=62.5% disp=0.204
  test_T04         fill= 37.1 cog= 57.2 stab= 44.0 place= 70.0 soft= 60.0 | comp= 53.7 packed=55.6% disp=0.151
  test_T05         fill= 43.3 cog= 52.9 stab= 36.5 place= 75.0 soft= 77.3 | comp= 57.0 packed=72.5% disp=0.102
  test_T06         fill= 17.5 cog= 55.6 stab= 45.4 place=100.0 soft=100.0 | comp= 63.7 packed=40.0% disp=0.162
  test_T10         fill= 35.4 cog= 56.1 stab= 41.3 place=100.0 soft= 95.8 | comp= 65.7 packed=60.0% disp=0.197
  test_T12         fill= 37.2 cog= 56.0 stab= 39.0 place= 83.3 soft= 97.7 | comp= 62.6 packed=57.0% disp=0.176
  test_T13         fill= 40.1 cog= 53.4 stab= 33.1 place= 95.0 soft= 87.5 | comp= 61.8 packed=48.0% disp=0.133
  test_T14         fill= 28.2 cog= 57.6 stab= 54.3 place=100.0 soft= 65.4 | comp= 61.1 packed=52.5% disp=0.123
  test_T19         fill= 37.6 cog= 53.1 stab= 49.1 place= 93.8 soft= 98.0 | comp= 66.3 packed=70.0% disp=0.073
  test_T20         fill= 11.3 cog= 56.7 stab= 52.6 place=100.0 soft=100.0 | comp= 64.1 packed=27.5% disp=0.221
  test_T21         fill= 27.5 cog= 57.4 stab= 53.6 place= 62.5 soft= 80.9 | comp= 56.4 packed=71.2% disp=0.131
  test_T22         fill= 21.1 cog= 52.6 stab= 48.2 place=100.0 soft=100.0 | comp= 64.4 packed=37.0% disp=0.209
  test_T23         fill= 36.8 cog= 52.8 stab= 49.1 place= 78.6 soft= 96.2 | comp= 62.7 packed=57.0% disp=0.107
  test_T24         fill= 31.9 cog= 56.4 stab= 47.1 place= 87.5 soft= 97.7 | comp= 64.1 packed=77.5% disp=0.229
  test_T25         fill= 22.7 cog= 57.4 stab= 19.7 place=100.0 soft=100.0 | comp= 60.0 packed=42.5% disp=0.406
  test_T27         fill= 40.5 cog= 57.1 stab= 50.3 place= 83.3 soft= 85.0 | comp= 63.2 packed=64.4% disp=0.085
  test_T28         fill= 39.1 cog= 49.8 stab= 27.6 place= 81.2 soft=100.0 | comp= 59.6 packed=61.2% disp=0.198
  test_T30         fill= 19.9 cog= 59.1 stab= 67.6 place=100.0 soft=100.0 | comp= 69.3 packed=65.0% disp=0.091
  test_T31         fill= 27.4 cog= 55.9 stab= 40.7 place=100.0 soft= 87.1 | comp= 62.2 packed=55.0% disp=0.176
  == norm%=43.83 fill=33.24 cog=54.81 stab=39.19 place=90.22 soft=91.24 | COMPOSITE=61.74 packed=58.4%  [2922s]
