pybullet build time: Aug 29 2026 17:03:42
pybullet build time: Aug 29 2026 17:03:42
pybullet build time: Aug 29 2026 17:03:42
### PR_door  overrides=['p:W_PRIO_DOOR=326.87'] patch=none
  dense_D00        fill= 39.7 cog= 55.5 stab= 39.5 place=100.0 soft= 88.9 | comp= 64.7 packed=51.7% disp=0.136
  dense_D01        fill= 33.8 cog= 55.6 stab= 36.1 place=100.0 soft= 90.0 | comp= 63.1 packed=50.9% disp=0.148
  dense_D03        fill= 34.1 cog= 57.6 stab= 39.4 place=100.0 soft= 62.5 | comp= 58.7 packed=62.0% disp=0.145
  dense_D04        fill= 35.0 cog= 53.4 stab= 44.0 place=100.0 soft= 94.4 | comp= 65.4 packed=50.9% disp=0.133
  dense_D08        fill= 39.1 cog= 53.0 stab= 29.9 place= 80.0 soft=100.0 | comp= 60.4 packed=57.3% disp=0.184
  dense_D10        fill= 33.3 cog= 53.2 stab= 24.7 place=100.0 soft=100.0 | comp= 62.2 packed=48.0% disp=0.172
  dense_D11        fill= 39.7 cog= 52.7 stab= 36.8 place=100.0 soft=100.0 | comp= 65.8 packed=66.0% disp=0.147
  dense_D16        fill= 32.0 cog= 56.1 stab= 38.3 place= 71.4 soft=100.0 | comp= 59.6 packed=46.7% disp=0.211
  dense_D17        fill= 41.4 cog= 53.0 stab= 31.3 place=100.0 soft=100.0 | comp= 65.2 packed=46.7% disp=0.141
  dense_D18        fill= 30.8 cog= 56.6 stab= 36.1 place= 91.7 soft=100.0 | comp= 63.0 packed=49.1% disp=0.194
  dense_D20        fill= 41.4 cog= 54.1 stab= 28.8 place=100.0 soft=100.0 | comp= 64.8 packed=52.7% disp=0.167
  dense_D21        fill= 26.7 cog= 53.8 stab= 38.6 place=100.0 soft= 92.9 | comp= 62.4 packed=42.7% disp=0.183
  dense_D22        fill= 33.7 cog= 54.5 stab= 34.1 place= 96.9 soft= 91.2 | comp= 62.1 packed=48.3% disp=0.186
  dense_D24        fill= 28.8 cog= 55.0 stab= 39.3 place= 66.7 soft= 93.8 | comp= 56.7 packed=46.0% disp=0.136
  dense_D28        fill= 35.0 cog= 55.1 stab= 24.7 place= 50.0 soft=100.0 | comp= 53.0 packed=46.0% disp=0.138
  dense_D29        fill= 38.5 cog= 53.2 stab= 42.9 place= 91.7 soft=100.0 | comp= 65.3 packed=43.6% disp=0.162
  dense_D30        fill= 31.0 cog= 51.3 stab= 39.0 place= 60.0 soft= 97.6 | comp= 55.8 packed=62.0% disp=0.175
  densetest_E01    fill= 37.5 cog= 54.3 stab= 22.6 place=100.0 soft=100.0 | comp= 62.9 packed=40.8% disp=0.188
  densetest_E02    fill= 40.5 cog= 54.6 stab= 27.5 place= 90.0 soft=100.0 | comp= 62.5 packed=47.0% disp=0.113
  densetest_E04    fill= 37.6 cog= 53.7 stab= 39.5 place= 64.3 soft= 87.5 | comp= 56.5 packed=63.0% disp=0.143
  densetest_E05    fill= 41.0 cog= 54.6 stab= 34.2 place=100.0 soft=100.0 | comp= 66.0 packed=55.0% disp=0.139
  densetest_E07    fill= 33.1 cog= 56.7 stab= 42.5 place=100.0 soft= 83.3 | comp= 63.1 packed=47.3% disp=0.118
  densetest_E08    fill= 38.3 cog= 52.4 stab= 29.4 place= 70.0 soft=100.0 | comp= 58.0 packed=47.0% disp=0.148
  densetest_E11    fill= 31.7 cog= 55.4 stab= 40.2 place= 92.3 soft= 93.3 | comp= 62.6 packed=47.3% disp=0.155
  densetest_E12    fill= 29.7 cog= 54.0 stab= 48.3 place=100.0 soft= 80.0 | comp= 62.4 packed=52.7% disp=0.126
  densetest_E14    fill= 21.0 cog= 54.2 stab= 42.1 place=100.0 soft=100.0 | comp= 63.5 packed=40.0% disp=0.303
  densetest_E15    fill= 36.3 cog= 54.1 stab= 37.4 place=100.0 soft=100.0 | comp= 65.5 packed=45.5% disp=0.188
  densetest_E17    fill= 37.1 cog= 55.9 stab= 40.0 place=100.0 soft= 83.3 | comp= 63.3 packed=53.3% disp=0.167
  densetest_E18    fill= 39.2 cog= 54.0 stab= 36.9 place= 75.0 soft= 50.0 | comp= 51.0 packed=58.0% disp=0.139
  densetest_E19    fill= 31.4 cog= 57.0 stab= 42.8 place=100.0 soft= 78.1 | comp= 61.9 packed=47.5% disp=0.142
  densetest_E20    fill= 37.4 cog= 54.5 stab= 23.5 place= 83.3 soft=100.0 | comp= 59.8 packed=45.0% disp=0.208
  densetest_E22    fill= 36.5 cog= 53.8 stab= 42.1 place= 95.0 soft=100.0 | comp= 65.5 packed=66.0% disp=0.139
  densetest_E24    fill= 27.7 cog= 52.5 stab= 31.8 place=100.0 soft= 91.7 | comp= 60.7 packed=58.0% disp=0.146
  densetest_E29    fill= 32.7 cog= 56.3 stab= 40.4 place= 90.0 soft= 62.5 | comp= 56.4 packed=48.3% disp=0.155
  densetest_E30    fill= 43.9 cog= 53.8 stab= 38.1 place=100.0 soft= 50.0 | comp= 57.2 packed=53.3% disp=0.130
  densetest_E31    fill= 29.3 cog= 58.6 stab= 53.4 place= 75.0 soft= 66.7 | comp= 56.6 packed=56.0% disp=0.107
  ktest_L02        fill= 40.0 cog= 55.8 stab= 44.1 place= 62.5 soft= 90.5 | comp= 58.6 packed=77.8% disp=0.117
  ktest_L03        fill= 44.3 cog= 53.7 stab= 48.2 place=100.0 soft= 96.9 | comp= 68.6 packed=92.5% disp=0.115
  ktest_L04        fill= 46.6 cog= 54.1 stab= 43.2 place=100.0 soft=100.0 | comp= 68.8 packed=80.0% disp=0.112
  ktest_L05        fill= 36.9 cog= 54.4 stab= 38.3 place=100.0 soft= 96.7 | comp= 65.3 packed=73.8% disp=0.144
  ktest_L06        fill= 32.0 cog= 53.4 stab= 39.9 place= 70.0 soft= 86.4 | comp= 56.3 packed=70.0% disp=0.164
  ktest_L07        fill= 30.6 cog= 60.0 stab= 49.0 place= 87.5 soft= 87.5 | comp= 62.9 packed=64.4% disp=0.118
  ktest_L08        fill= 34.8 cog= 52.1 stab= 42.1 place=100.0 soft= 90.9 | comp= 64.0 packed=75.6% disp=0.123
  ktest_L09        fill= 37.7 cog= 52.7 stab= 54.9 place= 50.0 soft= 87.5 | comp= 56.6 packed=85.0% disp=0.102
  ktest_L10        fill= 37.1 cog= 53.9 stab= 33.8 place=100.0 soft=100.0 | comp= 65.0 packed=58.0% disp=0.148
  ktest_L11        fill= 40.6 cog= 53.3 stab= 36.4 place= 40.0 soft=100.0 | comp= 54.1 packed=61.1% disp=0.121
  ktest_L12        fill= 36.7 cog= 53.8 stab= 38.3 place=100.0 soft=100.0 | comp= 65.8 packed=63.0% disp=0.151
  ktest_L13        fill= 26.9 cog= 55.8 stab= 37.5 place=100.0 soft= 96.4 | comp= 63.3 packed=52.2% disp=0.266
  ktest_L14        fill= 31.7 cog= 58.5 stab= 34.1 place= 91.7 soft=100.0 | comp= 63.2 packed=68.8% disp=0.235
  ktest_L15        fill= 36.9 cog= 55.3 stab= 32.9 place=100.0 soft= 88.5 | comp= 62.7 packed=81.2% disp=0.197
  ktest_L17        fill= 43.9 cog= 53.4 stab= 36.6 place=100.0 soft= 68.8 | comp= 60.5 packed=72.0% disp=0.157
  ktest_L19        fill= 40.1 cog= 57.1 stab= 35.0 place= 93.8 soft=100.0 | comp= 65.2 packed=83.8% disp=0.156
  ktest_L20        fill= 40.1 cog= 52.9 stab= 30.6 place=100.0 soft=100.0 | comp= 64.7 packed=67.5% disp=0.148
  ktest_L21        fill= 33.2 cog= 54.0 stab= 42.8 place= 50.0 soft= 81.2 | comp= 52.3 packed=64.0% disp=0.109
  ktest_L22        fill= 33.9 cog= 54.7 stab= 46.0 place= 95.0 soft= 92.9 | comp= 64.5 packed=55.0% disp=0.122
  ktest_L23        fill= 31.6 cog= 58.7 stab= 41.5 place=100.0 soft= 88.5 | comp= 64.1 packed=56.0% disp=0.139
  ktest_L24        fill= 36.0 cog= 55.4 stab= 38.7 place=100.0 soft=100.0 | comp= 66.0 packed=64.4% disp=0.143
  ktest_L26        fill= 36.3 cog= 52.6 stab= 23.4 place=100.0 soft=100.0 | comp= 62.5 packed=51.1% disp=0.188
  ktest_L27        fill= 39.1 cog= 53.0 stab= 42.9 place=100.0 soft= 95.8 | comp= 66.2 packed=87.5% disp=0.131
  ktest_L28        fill= 43.3 cog= 51.0 stab= 48.3 place=100.0 soft= 73.3 | comp= 63.2 packed=93.3% disp=0.103
  ktest_L29        fill= 37.9 cog= 54.8 stab= 31.4 place=100.0 soft=100.0 | comp= 64.8 packed=71.1% disp=0.176
  ktest_L30        fill= 33.0 cog= 55.2 stab= 46.7 place= 75.0 soft= 65.0 | comp= 55.0 packed=77.5% disp=0.129
  pool_P02         fill= 31.6 cog= 57.8 stab= 37.0 place=100.0 soft=100.0 | comp= 65.3 packed=71.1% disp=0.189
  pool_P03         fill= 29.7 cog= 57.4 stab= 29.4 place=100.0 soft=100.0 | comp= 63.3 packed=49.0% disp=0.261
  pool_P04         fill= 33.2 cog= 56.1 stab= 38.9 place= 91.7 soft=100.0 | comp= 64.0 packed=52.0% disp=0.156
  pool_P05         fill= 34.4 cog= 54.2 stab= 37.8 place= 50.0 soft=100.0 | comp= 55.3 packed=67.5% disp=0.214
  pool_P09         fill= 30.8 cog= 57.1 stab= 44.5 place=100.0 soft= 92.1 | comp= 64.9 packed=61.1% disp=0.159
  pool_P10         fill= 34.2 cog= 52.3 stab= 23.0 place=100.0 soft=100.0 | comp= 61.9 packed=48.9% disp=0.214
  pool_P14         fill= 39.8 cog= 53.3 stab= 40.1 place= 75.0 soft= 90.0 | comp= 59.6 packed=72.2% disp=0.165
  pool_P16         fill= 43.7 cog= 53.6 stab= 44.3 place=100.0 soft= 86.7 | comp= 65.6 packed=100.0% disp=0.124
  pool_P17         fill= 32.2 cog= 57.5 stab= 49.0 place= 90.0 soft= 83.3 | comp= 62.4 packed=70.0% disp=0.126
  pool_P19         fill= 27.5 cog= 52.8 stab= 30.3 place= 75.0 soft= 92.3 | comp= 55.6 packed=60.0% disp=0.357
  pool_P21         fill= 33.4 cog= 54.2 stab= 39.8 place= 91.7 soft=100.0 | comp= 63.8 packed=60.0% disp=0.180
  pool_P22         fill= 20.3 cog= 60.5 stab= 23.3 place= 75.0 soft= 87.5 | comp= 53.3 packed=37.8% disp=0.229
  pool_P23         fill= 26.6 cog= 55.8 stab= 34.4 place=100.0 soft=100.0 | comp= 63.4 packed=46.7% disp=0.350
  pool_P24         fill= 39.2 cog= 54.2 stab= 39.6 place=100.0 soft= 91.2 | comp= 64.8 packed=65.0% disp=0.136
  pool_P25         fill= 26.1 cog= 52.7 stab= 27.2 place= 92.9 soft= 95.8 | comp= 58.9 packed=47.8% disp=0.263
  pool_P26         fill= 37.6 cog= 52.5 stab= 36.3 place=100.0 soft=100.0 | comp= 65.3 packed=68.9% disp=0.146
  pool_P27         fill= 35.6 cog= 51.0 stab= 24.6 place=100.0 soft=100.0 | comp= 62.2 packed=46.0% disp=0.178
  pool_P28         fill= 37.6 cog= 53.4 stab= 50.4 place= 70.0 soft= 79.2 | comp= 58.1 packed=64.0% disp=0.121
  pool_P29         fill= 46.3 cog= 51.0 stab= 34.7 place=100.0 soft=100.0 | comp= 66.4 packed=58.0% disp=0.103
  pool_P30         fill= 37.6 cog= 55.4 stab= 48.8 place= 75.0 soft= 90.6 | comp= 61.5 packed=77.8% disp=0.124
  pool_P31         fill= 43.8 cog= 54.4 stab= 31.0 place= 50.0 soft= 88.5 | comp= 53.5 packed=80.0% disp=0.163
  shelftest_T02    fill= 34.7 cog= 54.1 stab= 36.6 place= 50.0 soft= 95.0 | comp= 54.1 packed=64.4% disp=0.210
  shelftest_T04    fill= 38.6 cog= 53.2 stab= 29.8 place=100.0 soft=100.0 | comp= 64.3 packed=56.0% disp=0.171
  shelftest_T05    fill= 35.9 cog= 55.1 stab= 30.4 place= 83.3 soft= 80.0 | comp= 57.0 packed=62.2% disp=0.180
  shelftest_T06    fill= 32.4 cog= 55.0 stab= 45.9 place=100.0 soft=100.0 | comp= 66.7 packed=67.5% disp=0.109
  shelftest_T08    fill= 36.3 cog= 58.1 stab= 45.6 place=100.0 soft= 85.7 | comp= 65.1 packed=82.5% disp=0.117
  shelftest_T09    fill= 37.3 cog= 51.2 stab= 46.0 place= 83.3 soft= 90.9 | comp= 61.7 packed=66.7% disp=0.126
  shelftest_T10    fill= 25.6 cog= 52.8 stab= 34.5 place= 50.0 soft= 80.0 | comp= 48.6 packed=44.0% disp=0.240
  shelftest_T12    fill= 29.2 cog= 55.7 stab= 41.5 place=100.0 soft= 93.8 | comp= 64.0 packed=67.5% disp=0.140
  shelftest_T15    fill= 24.2 cog= 51.4 stab= 36.4 place=100.0 soft= 87.5 | comp= 59.9 packed=48.9% disp=0.195
  shelftest_T16    fill= 34.4 cog= 54.7 stab= 47.0 place=100.0 soft= 57.1 | comp= 58.7 packed=77.5% disp=0.122
  shelftest_T19    fill= 37.3 cog= 53.3 stab= 49.0 place= 50.0 soft= 90.0 | comp= 55.9 packed=66.0% disp=0.100
  shelftest_T20    fill= 37.0 cog= 55.3 stab= 41.8 place=100.0 soft= 80.0 | comp= 62.8 packed=65.6% disp=0.111
  shelftest_T21    fill= 30.1 cog= 56.0 stab= 37.4 place= 84.6 soft= 81.2 | comp= 57.9 packed=65.0% disp=0.148
  shelftest_T22    fill= 33.3 cog= 53.7 stab= 35.2 place= 75.0 soft=100.0 | comp= 59.4 packed=50.0% disp=0.110
  shelftest_T23    fill= 18.9 cog= 59.3 stab= 29.4 place=100.0 soft= 91.7 | comp= 59.9 packed=40.0% disp=0.305
  shelftest_T25    fill= 37.3 cog= 54.2 stab= 40.9 place=100.0 soft= 78.6 | comp= 62.2 packed=56.0% disp=0.086
  shelftest_T26    fill= 33.6 cog= 53.7 stab= 46.0 place=100.0 soft= 81.2 | comp= 62.9 packed=60.0% disp=0.106
  shelftest_T29    fill= 33.6 cog= 52.5 stab= 24.9 place=100.0 soft=100.0 | comp= 62.2 packed=50.0% disp=0.192
  shelftest_T31    fill= 24.2 cog= 58.0 stab= 38.9 place= 80.0 soft= 70.0 | comp= 54.2 packed=48.9% disp=0.157
  test_T01         fill= 34.7 cog= 56.3 stab= 45.6 place=100.0 soft= 97.4 | comp= 66.8 packed=80.0% disp=0.167
  test_T02         fill= 28.6 cog= 56.4 stab= 56.3 place= 90.0 soft= 90.8 | comp= 64.4 packed=62.2% disp=0.094
  test_T03         fill= 26.0 cog= 56.0 stab= 46.9 place= 50.0 soft=100.0 | comp= 55.8 packed=62.5% disp=0.204
  test_T04         fill= 33.3 cog= 51.0 stab= 13.2 place= 75.0 soft=100.0 | comp= 54.5 packed=46.7% disp=0.281
  test_T05         fill= 43.3 cog= 52.9 stab= 36.5 place= 75.0 soft= 77.3 | comp= 57.0 packed=72.5% disp=0.102
  test_T06         fill= 17.5 cog= 55.6 stab= 45.4 place=100.0 soft=100.0 | comp= 63.7 packed=40.0% disp=0.162
  test_T10         fill= 37.7 cog= 56.8 stab= 41.4 place= 75.0 soft=100.0 | comp= 62.2 packed=60.0% disp=0.135
  test_T12         fill= 35.2 cog= 55.9 stab= 40.5 place= 70.0 soft= 97.8 | comp= 59.9 packed=57.0% disp=0.137
  test_T13         fill= 38.6 cog= 54.5 stab= 37.5 place= 75.0 soft= 85.0 | comp= 58.1 packed=54.0% disp=0.111
  test_T14         fill= 30.9 cog= 57.6 stab= 64.2 place=100.0 soft= 73.5 | comp= 65.3 packed=65.0% disp=0.093
  test_T19         fill= 37.3 cog= 55.1 stab= 47.0 place=100.0 soft= 93.8 | comp= 66.6 packed=71.2% disp=0.106
  test_T20         fill= 24.9 cog= 56.1 stab= 53.4 place=100.0 soft= 97.2 | comp= 66.3 packed=65.0% disp=0.174
  test_T21         fill= 19.0 cog= 60.8 stab= 33.4 place=100.0 soft=100.0 | comp= 62.6 packed=50.0% disp=0.216
  test_T22         fill= 26.2 cog= 55.8 stab= 60.4 place=100.0 soft= 96.3 | comp= 67.8 packed=55.0% disp=0.094
  test_T23         fill= 36.8 cog= 52.8 stab= 49.1 place= 78.6 soft= 96.2 | comp= 62.7 packed=57.0% disp=0.107
  test_T24         fill= 34.2 cog= 57.5 stab= 60.3 place= 87.5 soft= 96.2 | comp= 67.1 packed=90.0% disp=0.112
  test_T25         fill= 31.8 cog= 54.4 stab= 45.1 place= 75.0 soft= 91.3 | comp= 59.5 packed=62.5% disp=0.175
  test_T27         fill= 40.0 cog= 55.7 stab= 47.6 place=100.0 soft= 70.0 | comp= 62.6 packed=66.7% disp=0.093
  test_T28         fill= 36.1 cog= 50.7 stab= 22.9 place= 92.9 soft=100.0 | comp= 60.5 packed=55.0% disp=0.275
  test_T30         fill= 26.4 cog= 57.9 stab= 62.9 place=100.0 soft=100.0 | comp= 69.4 packed=77.5% disp=0.098
  test_T31         fill= 37.7 cog= 53.4 stab= 46.2 place= 93.8 soft= 95.9 | comp= 65.4 packed=66.0% disp=0.121
  == norm%=45.45 fill=34.37 cog=54.73 stab=39.11 place=88.53 soft=91.08 | COMPOSITE=61.56 packed=60.5%  [3066s]
