pybullet build time: Aug 29 2026 17:03:42
pybullet build time: Aug 29 2026 17:03:42
pybullet build time: Aug 29 2026 17:03:42
### PR_high  overrides=['p:W_PRIO_HIGH=415.8'] patch=none
  dense_D00        fill= 40.5 cog= 54.9 stab= 36.1 place=100.0 soft= 88.9 | comp= 64.1 packed=53.3% disp=0.147
  dense_D01        fill= 35.6 cog= 54.8 stab= 34.4 place=100.0 soft=100.0 | comp= 65.0 packed=52.7% disp=0.159
  dense_D03        fill= 41.9 cog= 54.1 stab= 33.6 place=100.0 soft=100.0 | comp= 65.9 packed=62.0% disp=0.173
  dense_D04        fill= 37.0 cog= 52.3 stab= 46.7 place=100.0 soft= 95.0 | comp= 66.2 packed=52.7% disp=0.122
  dense_D08        fill= 43.3 cog= 52.8 stab= 35.0 place= 90.0 soft=100.0 | comp= 64.2 packed=57.3% disp=0.133
  dense_D10        fill= 33.3 cog= 53.2 stab= 24.7 place=100.0 soft=100.0 | comp= 62.2 packed=48.0% disp=0.172
  dense_D11        fill= 39.7 cog= 52.6 stab= 38.5 place=100.0 soft= 92.9 | comp= 64.7 packed=66.0% disp=0.141
  dense_D16        fill= 40.4 cog= 55.0 stab= 50.2 place= 72.2 soft= 88.5 | comp= 61.3 packed=58.3% disp=0.115
  dense_D17        fill= 46.2 cog= 53.0 stab= 29.4 place=100.0 soft=100.0 | comp= 65.7 packed=53.3% disp=0.130
  dense_D18        fill= 29.2 cog= 54.6 stab= 40.5 place=100.0 soft=100.0 | comp= 64.9 packed=49.1% disp=0.187
  dense_D20        fill= 41.6 cog= 53.5 stab= 29.3 place= 75.0 soft=100.0 | comp= 59.9 packed=52.7% disp=0.164
  dense_D21        fill= 26.7 cog= 53.8 stab= 38.6 place=100.0 soft= 92.9 | comp= 62.4 packed=42.7% disp=0.183
  dense_D22        fill= 33.8 cog= 52.8 stab= 37.0 place=100.0 soft=100.0 | comp= 64.7 packed=53.3% disp=0.207
  dense_D24        fill= 29.7 cog= 54.8 stab= 51.8 place= 66.7 soft= 81.2 | comp= 56.8 packed=50.0% disp=0.094
  dense_D28        fill= 37.3 cog= 54.9 stab= 28.4 place= 66.7 soft=100.0 | comp= 57.4 packed=48.0% disp=0.139
  dense_D29        fill= 40.3 cog= 54.8 stab= 36.0 place= 80.0 soft=100.0 | comp= 62.2 packed=47.3% disp=0.118
  dense_D30        fill= 30.3 cog= 51.6 stab= 51.8 place= 75.0 soft= 93.5 | comp= 60.4 packed=65.0% disp=0.127
  densetest_E01    fill= 37.5 cog= 54.3 stab= 23.0 place=100.0 soft=100.0 | comp= 63.0 packed=40.8% disp=0.187
  densetest_E02    fill= 39.0 cog= 53.5 stab= 26.1 place= 90.0 soft=100.0 | comp= 61.7 packed=44.0% disp=0.130
  densetest_E04    fill= 40.8 cog= 55.4 stab= 39.4 place=100.0 soft= 82.4 | comp= 63.6 packed=65.0% disp=0.149
  densetest_E05    fill= 41.5 cog= 56.4 stab= 45.6 place=100.0 soft=100.0 | comp= 68.7 packed=53.3% disp=0.097
  densetest_E07    fill= 38.6 cog= 55.4 stab= 48.5 place=100.0 soft= 87.5 | comp= 66.0 packed=54.5% disp=0.083
  densetest_E08    fill= 40.3 cog= 54.2 stab= 30.9 place= 91.7 soft=100.0 | comp= 63.4 packed=51.0% disp=0.126
  densetest_E11    fill= 17.2 cog= 56.6 stab= 28.0 place=100.0 soft= 90.9 | comp= 58.6 packed=29.1% disp=0.283
  densetest_E12    fill= 31.7 cog= 53.9 stab= 37.6 place=100.0 soft= 80.0 | comp= 60.6 packed=49.1% disp=0.178
  densetest_E14    fill= 22.0 cog= 57.2 stab= 52.5 place=100.0 soft=100.0 | comp= 66.4 packed=53.3% disp=0.144
  densetest_E15    fill= 40.2 cog= 54.8 stab= 30.5 place=100.0 soft= 92.9 | comp= 63.7 packed=52.7% disp=0.178
  densetest_E17    fill= 31.7 cog= 56.9 stab= 41.4 place=100.0 soft=100.0 | comp= 66.0 packed=46.7% disp=0.202
  densetest_E18    fill= 37.1 cog= 52.6 stab= 33.9 place= 75.0 soft=100.0 | comp= 59.7 packed=54.0% disp=0.151
  densetest_E19    fill= 37.3 cog= 54.9 stab= 43.6 place=100.0 soft= 93.8 | comp= 65.9 packed=53.3% disp=0.108
  densetest_E20    fill= 36.3 cog= 51.7 stab= 27.5 place=100.0 soft=100.0 | comp= 63.1 packed=43.3% disp=0.153
  densetest_E22    fill= 37.7 cog= 54.4 stab= 42.9 place= 94.4 soft= 73.5 | comp= 60.6 packed=69.0% disp=0.125
  densetest_E24    fill= 30.4 cog= 53.3 stab= 42.2 place=100.0 soft= 91.7 | comp= 63.5 packed=58.0% disp=0.161
  densetest_E29    fill= 28.8 cog= 56.3 stab= 43.2 place=100.0 soft= 62.5 | comp= 58.2 packed=45.0% disp=0.146
  densetest_E30    fill= 45.2 cog= 52.8 stab= 29.9 place= 50.0 soft=100.0 | comp= 55.6 packed=53.3% disp=0.162
  densetest_E31    fill= 28.7 cog= 55.1 stab= 46.5 place= 91.7 soft= 77.8 | comp= 60.0 packed=54.0% disp=0.137
  ktest_L02        fill= 36.2 cog= 55.4 stab= 36.8 place=100.0 soft= 94.4 | comp= 64.6 packed=75.6% disp=0.138
  ktest_L03        fill= 44.3 cog= 53.7 stab= 49.1 place=100.0 soft= 96.9 | comp= 68.8 packed=92.5% disp=0.116
  ktest_L04        fill= 49.8 cog= 51.9 stab= 49.1 place=100.0 soft=100.0 | comp= 70.2 packed=86.7% disp=0.092
  ktest_L05        fill= 38.0 cog= 53.6 stab= 34.4 place=100.0 soft= 95.5 | comp= 64.3 packed=76.2% disp=0.165
  ktest_L06        fill= 33.4 cog= 55.1 stab= 41.8 place=100.0 soft= 95.0 | comp= 65.0 packed=67.5% disp=0.213
  ktest_L07        fill= 25.7 cog= 60.2 stab= 61.2 place=100.0 soft= 93.3 | comp= 68.1 packed=51.1% disp=0.056
  ktest_L08        fill= 32.8 cog= 54.0 stab= 46.3 place=100.0 soft= 92.3 | comp= 65.1 packed=73.3% disp=0.110
  ktest_L09        fill= 37.4 cog= 54.1 stab= 50.8 place=100.0 soft= 95.8 | comp= 67.6 packed=80.0% disp=0.081
  ktest_L10        fill= 36.0 cog= 54.9 stab= 43.8 place=100.0 soft=100.0 | comp= 66.9 packed=62.0% disp=0.105
  ktest_L11        fill= 39.6 cog= 52.9 stab= 25.1 place=100.0 soft=100.0 | comp= 63.5 packed=58.9% disp=0.193
  ktest_L12        fill= 28.9 cog= 55.9 stab= 39.1 place=100.0 soft=100.0 | comp= 64.8 packed=55.0% disp=0.215
  ktest_L13        fill= 26.8 cog= 56.2 stab= 40.1 place=100.0 soft= 89.3 | comp= 62.5 packed=63.3% disp=0.161
  ktest_L14        fill= 38.8 cog= 55.2 stab= 39.0 place=100.0 soft= 90.9 | comp= 64.8 packed=76.2% disp=0.135
  ktest_L15        fill= 34.3 cog= 54.4 stab= 24.7 place=100.0 soft= 94.4 | comp= 61.6 packed=75.0% disp=0.283
  ktest_L17        fill= 41.7 cog= 52.8 stab= 43.7 place=100.0 soft=100.0 | comp= 67.6 packed=68.0% disp=0.172
  ktest_L19        fill= 43.1 cog= 54.6 stab= 36.3 place= 93.8 soft= 86.1 | comp= 62.8 packed=83.8% disp=0.144
  ktest_L20        fill= 42.9 cog= 51.4 stab= 34.0 place=100.0 soft=100.0 | comp= 65.7 packed=75.0% disp=0.134
  ktest_L21        fill= 33.7 cog= 54.5 stab= 45.7 place= 83.3 soft= 85.7 | comp= 60.6 packed=54.0% disp=0.167
  ktest_L22        fill= 37.7 cog= 54.2 stab= 46.6 place= 96.9 soft= 95.2 | comp= 66.1 packed=66.0% disp=0.096
  ktest_L23        fill= 31.6 cog= 58.7 stab= 41.5 place=100.0 soft= 88.5 | comp= 64.1 packed=56.0% disp=0.139
  ktest_L24        fill= 38.8 cog= 53.7 stab= 38.3 place=100.0 soft= 85.0 | comp= 63.2 packed=66.7% disp=0.158
  ktest_L26        fill= 34.6 cog= 52.2 stab= 27.5 place=100.0 soft=100.0 | comp= 62.9 packed=44.4% disp=0.156
  ktest_L27        fill= 34.4 cog= 54.6 stab= 44.1 place=100.0 soft= 88.5 | comp= 64.3 packed=75.0% disp=0.140
  ktest_L28        fill= 35.7 cog= 55.0 stab= 42.5 place=100.0 soft= 93.3 | comp= 65.3 packed=82.2% disp=0.169
  ktest_L29        fill= 35.5 cog= 53.2 stab= 34.7 place=100.0 soft=100.0 | comp= 64.7 packed=71.1% disp=0.178
  ktest_L30        fill= 33.8 cog= 53.5 stab= 62.2 place=100.0 soft= 88.5 | comp= 67.6 packed=85.0% disp=0.077
  pool_P02         fill= 34.2 cog= 55.9 stab= 46.7 place=100.0 soft= 88.5 | comp= 65.0 packed=73.3% disp=0.148
  pool_P03         fill= 34.3 cog= 55.2 stab= 33.1 place=100.0 soft=100.0 | comp= 64.5 packed=54.0% disp=0.153
  pool_P04         fill= 33.2 cog= 56.1 stab= 37.9 place= 83.3 soft= 90.0 | comp= 60.1 packed=52.0% disp=0.180
  pool_P05         fill= 33.7 cog= 53.0 stab= 39.7 place= 75.0 soft= 93.8 | comp= 59.0 packed=70.0% disp=0.191
  pool_P09         fill= 32.9 cog= 54.8 stab= 45.1 place= 90.9 soft= 72.5 | comp= 59.2 packed=65.6% disp=0.131
  pool_P10         fill= 35.8 cog= 51.6 stab= 24.4 place=100.0 soft=100.0 | comp= 62.3 packed=48.9% disp=0.232
  pool_P14         fill= 32.4 cog= 54.0 stab= 34.0 place= 85.7 soft= 92.3 | comp= 59.7 packed=62.2% disp=0.190
  pool_P16         fill= 43.7 cog= 52.6 stab= 42.4 place=100.0 soft= 96.7 | comp= 67.1 packed=100.0% disp=0.131
  pool_P17         fill= 27.4 cog= 55.0 stab= 31.9 place= 87.5 soft=100.0 | comp= 60.4 packed=55.0% disp=0.160
  pool_P19         fill= 37.0 cog= 54.1 stab= 40.1 place= 94.4 soft= 97.6 | comp= 64.7 packed=78.8% disp=0.193
  pool_P21         fill= 34.6 cog= 53.6 stab= 37.5 place= 95.8 soft= 95.8 | comp= 63.5 packed=61.1% disp=0.160
  pool_P22         fill= 35.0 cog= 57.6 stab= 46.3 place= 66.7 soft= 87.5 | comp= 58.6 packed=66.7% disp=0.143
  pool_P23         fill= 26.6 cog= 55.8 stab= 31.6 place=100.0 soft=100.0 | comp= 62.8 packed=46.7% disp=0.361
  pool_P24         fill= 38.2 cog= 54.4 stab= 36.1 place=100.0 soft= 94.1 | comp= 64.6 packed=68.0% disp=0.157
  pool_P25         fill= 17.5 cog= 55.8 stab= 19.9 place= 92.9 soft=100.0 | comp= 57.2 packed=30.0% disp=0.449
  pool_P26         fill= 36.8 cog= 54.3 stab= 29.3 place=100.0 soft=100.0 | comp= 64.1 packed=64.4% disp=0.183
  pool_P27         fill= 34.2 cog= 51.9 stab= 26.0 place=100.0 soft=100.0 | comp= 62.4 packed=44.0% disp=0.238
  pool_P28         fill= 40.8 cog= 53.5 stab= 43.7 place=100.0 soft=100.0 | comp= 67.6 packed=66.0% disp=0.131
  pool_P29         fill= 46.3 cog= 51.0 stab= 34.7 place=100.0 soft=100.0 | comp= 66.4 packed=58.0% disp=0.103
  pool_P30         fill= 37.6 cog= 55.4 stab= 47.4 place= 75.0 soft= 90.6 | comp= 61.2 packed=77.8% disp=0.127
  pool_P31         fill= 43.5 cog= 53.6 stab= 29.1 place= 71.4 soft= 80.8 | comp= 55.7 packed=82.5% disp=0.150
  shelftest_T02    fill= 33.9 cog= 54.2 stab= 37.5 place=100.0 soft= 95.0 | comp= 64.1 packed=62.2% disp=0.163
  shelftest_T04    fill= 35.4 cog= 54.0 stab= 27.0 place=100.0 soft=100.0 | comp= 63.3 packed=52.0% disp=0.183
  shelftest_T05    fill= 32.7 cog= 55.7 stab= 38.7 place=100.0 soft= 83.3 | comp= 62.1 packed=57.8% disp=0.174
  shelftest_T06    fill= 33.0 cog= 54.3 stab= 49.5 place=100.0 soft= 96.2 | comp= 66.6 packed=77.5% disp=0.083
  shelftest_T08    fill= 34.8 cog= 53.7 stab= 38.1 place=100.0 soft=100.0 | comp= 65.3 packed=67.5% disp=0.133
  shelftest_T09    fill= 38.1 cog= 53.6 stab= 46.5 place=100.0 soft=100.0 | comp= 67.6 packed=64.4% disp=0.112
  shelftest_T10    fill= 24.0 cog= 57.1 stab= 43.1 place=100.0 soft=100.0 | comp= 64.8 packed=50.0% disp=0.141
  shelftest_T12    fill= 17.1 cog= 56.9 stab= 39.9 place=100.0 soft=100.0 | comp= 62.8 packed=62.5% disp=0.144
  shelftest_T15    fill= 33.5 cog= 54.4 stab= 49.6 place= 83.3 soft= 77.3 | comp= 59.6 packed=71.1% disp=0.085
  shelftest_T16    fill= 31.3 cog= 54.6 stab= 44.4 place= 50.0 soft= 71.4 | comp= 50.4 packed=80.0% disp=0.138
  shelftest_T19    fill= 37.5 cog= 53.1 stab= 52.3 place=100.0 soft= 77.8 | comp= 64.1 packed=62.0% disp=0.103
  shelftest_T20    fill= 35.1 cog= 54.0 stab= 40.7 place=100.0 soft= 90.0 | comp= 64.0 packed=66.7% disp=0.104
  shelftest_T21    fill= 29.8 cog= 56.2 stab= 36.5 place= 79.2 soft=100.0 | comp= 60.3 packed=61.2% disp=0.200
  shelftest_T22    fill= 34.1 cog= 54.0 stab= 30.0 place= 91.7 soft=100.0 | comp= 62.0 packed=52.0% disp=0.153
  shelftest_T23    fill= 15.2 cog= 58.7 stab= 24.7 place=100.0 soft= 80.0 | comp= 55.7 packed=32.0% disp=0.281
  shelftest_T25    fill= 31.7 cog= 54.6 stab= 43.3 place=100.0 soft= 83.3 | comp= 62.6 packed=50.0% disp=0.162
  shelftest_T26    fill= 32.8 cog= 52.1 stab= 55.2 place= 75.0 soft= 81.2 | comp= 59.3 packed=62.2% disp=0.068
  shelftest_T29    fill= 33.6 cog= 52.5 stab= 24.9 place=100.0 soft=100.0 | comp= 62.2 packed=50.0% disp=0.192
  shelftest_T31    fill= 26.6 cog= 55.3 stab= 41.9 place= 90.0 soft= 80.0 | comp= 58.8 packed=51.1% disp=0.164
  test_T01         fill= 32.5 cog= 57.4 stab= 48.5 place= 50.0 soft= 92.9 | comp= 56.3 packed=80.0% disp=0.150
  test_T02         fill= 14.4 cog= 53.7 stab= 52.2 place=100.0 soft= 86.7 | comp= 61.4 packed=37.8% disp=0.166
  test_T03         fill= 26.0 cog= 56.4 stab= 52.5 place=100.0 soft=100.0 | comp= 67.0 packed=62.5% disp=0.144
  test_T04         fill= 36.9 cog= 53.3 stab= 33.6 place= 80.0 soft= 91.7 | comp= 59.1 packed=60.0% disp=0.165
  test_T05         fill= 44.2 cog= 53.7 stab= 43.8 place=100.0 soft= 95.8 | comp= 67.5 packed=77.5% disp=0.092
  test_T06         fill= 17.5 cog= 55.6 stab= 45.4 place=100.0 soft=100.0 | comp= 63.7 packed=40.0% disp=0.162
  test_T10         fill= 34.3 cog= 55.8 stab= 38.7 place=100.0 soft= 95.5 | comp= 64.9 packed=58.0% disp=0.199
  test_T12         fill= 29.4 cog= 55.1 stab= 25.2 place=100.0 soft=100.0 | comp= 61.9 packed=40.0% disp=0.331
  test_T13         fill= 43.3 cog= 52.8 stab= 37.8 place= 85.0 soft= 95.0 | comp= 62.8 packed=52.0% disp=0.115
  test_T14         fill= 30.9 cog= 57.6 stab= 64.2 place=100.0 soft= 73.5 | comp= 65.3 packed=65.0% disp=0.093
  test_T19         fill= 36.8 cog= 54.0 stab= 45.5 place=100.0 soft=100.0 | comp= 67.2 packed=68.8% disp=0.095
  test_T20         fill= 11.3 cog= 56.7 stab= 52.6 place=100.0 soft=100.0 | comp= 64.1 packed=27.5% disp=0.221
  test_T21         fill= 20.8 cog= 58.6 stab= 36.8 place=100.0 soft=100.0 | comp= 63.2 packed=45.0% disp=0.252
  test_T22         fill= 31.4 cog= 58.3 stab= 55.5 place= 84.6 soft=100.0 | comp= 66.0 packed=59.0% disp=0.093
  test_T23         fill= 28.4 cog= 54.6 stab= 34.3 place= 85.7 soft=100.0 | comp= 60.6 packed=43.0% disp=0.204
  test_T24         fill= 38.5 cog= 55.7 stab= 62.0 place= 87.5 soft= 98.1 | comp= 68.4 packed=92.5% disp=0.091
  test_T25         fill= 33.6 cog= 54.2 stab= 39.7 place= 66.7 soft= 87.0 | comp= 56.2 packed=68.8% disp=0.132
  test_T27         fill= 40.0 cog= 55.7 stab= 49.2 place=100.0 soft= 70.0 | comp= 63.0 packed=66.7% disp=0.091
  test_T28         fill= 36.7 cog= 53.5 stab= 33.8 place=100.0 soft=100.0 | comp= 64.8 packed=58.8% disp=0.149
  test_T30         fill= 19.9 cog= 59.1 stab= 68.3 place=100.0 soft=100.0 | comp= 69.5 packed=65.0% disp=0.080
  test_T31         fill=  7.7 cog= 50.1 stab= 26.4 place=100.0 soft=100.0 | comp= 56.8 packed=13.0% disp=0.413
  == norm%=44.83 fill=33.94 cog=54.55 stab=39.84 place=93.66 soft=93.46 | COMPOSITE=63.09 packed=59.7%  [3052s]
