pybullet build time: Aug 29 2026 17:03:42
pybullet build time: Aug 29 2026 17:03:42
pybullet build time: Aug 29 2026 17:03:42
pybullet build time: Aug 29 2026 17:03:42
pybullet build time: Aug 29 2026 17:03:42
pybullet build time: Aug 29 2026 17:03:42
pybullet build time: Aug 29 2026 17:03:42
### S1V_div44  overrides=[] patch=none
  div_ktest_L01    fill= 36.9 cog= 51.8 stab= 23.3 place=100.0 soft=100.0 | comp= 62.4 packed=53.3% disp=0.208
  div_ktest_L08    fill= 41.6 cog= 49.9 stab= 38.5 place= 75.0 soft=100.0 | comp= 61.0 packed=66.7% disp=0.127
  div_ktest_L11    fill= 31.8 cog= 49.6 stab= 32.2 place= 62.5 soft=100.0 | comp= 55.2 packed=54.4% disp=0.223
  div_ktest_L15    fill= 33.7 cog= 50.6 stab= 31.9 place=100.0 soft=100.0 | comp= 63.2 packed=62.5% disp=0.200
  div_ktest_L16    fill= 32.6 cog= 52.6 stab= 30.0 place=100.0 soft= 50.0 | comp= 53.0 packed=51.1% disp=0.229
  div_ktest_L17    fill= 38.0 cog= 51.5 stab= 35.8 place= 88.9 soft= 83.3 | comp= 59.5 packed=52.0% disp=0.148
  div_ktest_L18    fill= 40.0 cog= 51.1 stab= 25.8 place=100.0 soft=100.0 | comp= 63.4 packed=53.3% disp=0.146
  div_ktest_L19    fill= 37.0 cog= 52.9 stab= 33.8 place= 68.8 soft= 91.7 | comp= 56.8 packed=65.0% disp=0.161
  div_ktest_L20    fill= 30.9 cog= 52.9 stab= 30.0 place=100.0 soft=100.0 | comp= 62.8 packed=52.5% disp=0.198
  div_ktest_L25    fill= 37.6 cog= 51.3 stab= 30.8 place=100.0 soft= 70.0 | comp= 57.9 packed=67.5% disp=0.154
  div_ktest_L26    fill= 27.5 cog= 53.2 stab= 40.4 place= 50.0 soft=100.0 | comp= 54.2 packed=51.1% disp=0.150
  div_ktest_L27    fill= 38.8 cog= 51.8 stab= 25.2 place= 60.0 soft=100.0 | comp= 55.2 packed=60.0% disp=0.157
  div_ktest_L28    fill= 38.5 cog= 53.3 stab= 33.7 place= 94.4 soft= 75.0 | comp= 59.0 packed=60.0% disp=0.109
  div_ktest_L30    fill= 34.7 cog= 52.9 stab= 38.2 place=100.0 soft=100.0 | comp= 65.2 packed=57.5% disp=0.153
  div_pool_P07     fill= 36.1 cog= 52.6 stab= 33.1 place=100.0 soft=100.0 | comp= 64.4 packed=54.4% disp=0.154
  div_pool_P10     fill= 29.1 cog= 52.1 stab= 26.5 place= 92.9 soft=100.0 | comp= 60.1 packed=48.9% disp=0.145
  div_pool_P16     fill= 37.0 cog= 50.0 stab= 33.2 place= 75.0 soft=100.0 | comp= 59.0 packed=57.5% disp=0.116
  div_pool_P18     fill= 27.5 cog= 52.0 stab= 33.6 place=100.0 soft= 75.0 | comp= 57.6 packed=55.0% disp=0.185
  div_pool_P27     fill= 31.7 cog= 51.5 stab= 39.3 place=100.0 soft=100.0 | comp= 64.5 packed=50.0% disp=0.140
  div_pool_P29     fill= 27.2 cog= 54.7 stab= 36.6 place=100.0 soft=100.0 | comp= 63.7 packed=52.0% disp=0.199
  div_pool_P31     fill= 38.0 cog= 51.8 stab= 29.6 place= 66.7 soft= 83.3 | comp= 53.9 packed=58.8% disp=0.146
  div_shelftest_T00 fill= 34.1 cog= 51.2 stab= 38.9 place=100.0 soft=100.0 | comp= 64.9 packed=60.0% disp=0.168
  div_shelftest_T01 fill= 28.4 cog= 53.9 stab= 23.2 place=100.0 soft=100.0 | comp= 61.1 packed=38.0% disp=0.232
  div_shelftest_T03 fill= 29.1 cog= 50.8 stab= 38.5 place=100.0 soft=100.0 | comp= 63.7 packed=51.0% disp=0.146
  div_shelftest_T04 fill= 27.7 cog= 52.2 stab= 32.2 place= 92.9 soft=100.0 | comp= 61.0 packed=44.0% disp=0.240
  div_shelftest_T08 fill= 29.9 cog= 53.5 stab= 32.7 place=100.0 soft= 50.0 | comp= 53.2 packed=62.5% disp=0.188
  div_shelftest_T12 fill= 29.8 cog= 54.3 stab= 35.7 place= 85.7 soft= 83.3 | comp= 57.8 packed=60.0% disp=0.125
  div_shelftest_T20 fill= 33.9 cog= 52.6 stab= 37.7 place= 81.2 soft=100.0 | comp= 61.1 packed=55.6% disp=0.125
  div_shelftest_T22 fill= 30.4 cog= 52.0 stab= 41.8 place= 78.6 soft=100.0 | comp= 60.6 packed=58.0% disp=0.144
  div_shelftest_T24 fill= 28.9 cog= 52.5 stab= 34.9 place=100.0 soft=100.0 | comp= 63.2 packed=52.5% disp=0.213
  div_shelftest_T27 fill= 25.8 cog= 55.0 stab= 30.6 place=100.0 soft=100.0 | comp= 62.3 packed=42.0% disp=0.212
  div_shelftest_T29 fill= 37.3 cog= 50.4 stab= 29.0 place= 87.5 soft=100.0 | comp= 60.8 packed=54.0% disp=0.142
  div_test_T00     fill= 33.2 cog= 52.0 stab= 26.4 place=100.0 soft=100.0 | comp= 62.3 packed=43.0% disp=0.152
  div_test_T04     fill= 31.2 cog= 52.1 stab= 37.2 place= 66.7 soft= 83.3 | comp= 54.1 packed=53.3% disp=0.198
  div_test_T05     fill= 38.0 cog= 54.0 stab= 37.6 place=100.0 soft=100.0 | comp= 65.9 packed=65.0% disp=0.130
  div_test_T10     fill= 42.4 cog= 50.1 stab= 42.3 place= 75.0 soft=100.0 | comp= 62.0 packed=50.0% disp=0.087
  div_test_T11     fill= 35.1 cog= 48.6 stab= 27.6 place=100.0 soft=100.0 | comp= 62.3 packed=46.0% disp=0.215
  div_test_T12     fill= 31.3 cog= 54.2 stab= 28.3 place= 60.0 soft= 90.9 | comp= 52.9 packed=46.0% disp=0.159
  div_test_T13     fill= 36.8 cog= 52.3 stab= 30.8 place= 66.7 soft=100.0 | comp= 57.3 packed=46.0% disp=0.135
  div_test_T14     fill= 19.8 cog= 58.5 stab= 41.7 place= 75.0 soft= 77.3 | comp= 54.4 packed=52.5% disp=0.195
  div_test_T15     fill= 39.8 cog= 48.6 stab= 27.8 place=100.0 soft=100.0 | comp= 63.3 packed=41.0% disp=0.126
  div_test_T25     fill= 35.7 cog= 54.5 stab= 36.9 place= 85.7 soft= 95.5 | comp= 61.7 packed=62.5% disp=0.163
  div_test_T27     fill= 32.6 cog= 51.0 stab= 37.8 place= 50.0 soft=100.0 | comp= 54.3 packed=46.7% disp=0.135
  div_test_T28     fill= 31.2 cog= 54.4 stab= 32.6 place= 66.7 soft=100.0 | comp= 57.0 packed=50.0% disp=0.156
  == norm%=35.92 fill=33.38 cog=52.24 stab=33.27 place=86.49 soft=93.38 | COMPOSITE=59.75 packed=53.7%  [1193s]
