pybullet build time: Aug 29 2026 17:03:42
pybullet build time: Aug 29 2026 17:03:42
pybullet build time: Aug 29 2026 17:03:42
pybullet build time: Aug 29 2026 17:03:42
### S2_200_dense  overrides=['p:W_SLIVER=200'] patch=none
  D00              fill= 39.4 cog= 54.5 stab= 39.3 place=100.0 soft= 94.4 | comp= 65.5 packed=53.3% disp=0.136
  D01              fill= 34.1 cog= 56.6 stab= 38.1 place=100.0 soft=100.0 | comp= 65.7 packed=50.9% disp=0.127
  D02              fill= 35.6 cog= 54.5 stab= 36.6 place=100.0 soft= 94.1 | comp= 64.2 packed=61.0% disp=0.146
  D03              fill= 41.7 cog= 53.0 stab= 39.6 place=100.0 soft= 87.5 | comp= 64.4 packed=64.0% disp=0.143
  D04              fill= 36.3 cog= 52.5 stab= 46.2 place=100.0 soft= 88.9 | comp= 64.8 packed=52.7% disp=0.107
  D05              fill= 40.4 cog= 55.6 stab= 26.9 place=100.0 soft=100.0 | comp= 64.6 packed=48.3% disp=0.179
  D06              fill= 40.2 cog= 53.3 stab= 39.4 place=100.0 soft= 90.0 | comp= 64.6 packed=56.0% disp=0.104
  D07              fill= 42.4 cog= 53.3 stab= 29.1 place=100.0 soft=100.0 | comp= 65.0 packed=62.0% disp=0.141
  D08              fill= 42.8 cog= 53.0 stab= 28.7 place=100.0 soft=100.0 | comp= 64.9 packed=57.3% disp=0.150
  D09              fill= 24.4 cog= 56.8 stab= 35.0 place=100.0 soft= 83.3 | comp= 59.9 packed=40.0% disp=0.209
  D10              fill= 36.9 cog= 51.9 stab= 28.1 place=100.0 soft=100.0 | comp= 63.4 packed=52.0% disp=0.188
  D11              fill= 47.6 cog= 51.4 stab= 40.5 place=100.0 soft=100.0 | comp= 67.9 packed=68.0% disp=0.120
  D12              fill= 28.2 cog= 58.0 stab= 34.1 place=100.0 soft=100.0 | comp= 64.1 packed=50.0% disp=0.173
  D13              fill= 21.6 cog= 54.4 stab= 27.0 place=100.0 soft= 91.7 | comp= 58.9 packed=36.0% disp=0.349
  D14              fill= 42.4 cog= 53.5 stab= 35.1 place=100.0 soft=100.0 | comp= 66.2 packed=61.8% disp=0.116
  D15              fill= 36.7 cog= 52.5 stab= 39.8 place=100.0 soft= 92.3 | comp= 64.2 packed=66.0% disp=0.203
  D16              fill= 35.9 cog= 55.9 stab= 38.6 place= 64.3 soft= 90.9 | comp= 57.1 packed=51.7% disp=0.172
  D17              fill= 41.4 cog= 53.0 stab= 33.8 place=100.0 soft=100.0 | comp= 65.7 packed=46.7% disp=0.142
  D18              fill= 33.4 cog= 53.6 stab= 44.7 place=100.0 soft=100.0 | comp= 66.3 packed=50.9% disp=0.172
  D19              fill= 37.1 cog= 53.6 stab= 28.0 place=100.0 soft=100.0 | comp= 63.8 packed=47.3% disp=0.150
  D20              fill= 40.2 cog= 54.0 stab= 33.6 place=100.0 soft=100.0 | comp= 65.6 packed=54.5% disp=0.131
  D21              fill= 37.3 cog= 52.1 stab= 37.9 place= 50.0 soft= 94.1 | comp= 54.3 packed=54.5% disp=0.156
  D22              fill= 40.5 cog= 54.0 stab= 39.3 place=100.0 soft= 95.5 | comp= 65.8 packed=55.8% disp=0.129
  D23              fill= 38.4 cog= 55.4 stab= 37.0 place=100.0 soft= 95.0 | comp= 65.1 packed=62.0% disp=0.138
  D24              fill= 33.6 cog= 57.6 stab= 43.2 place= 66.7 soft= 87.5 | comp= 57.7 packed=52.0% disp=0.134
  D25              fill= 37.4 cog= 55.0 stab= 37.2 place=100.0 soft= 50.0 | comp= 55.9 packed=53.3% disp=0.146
  D26              fill= 37.4 cog= 52.6 stab= 47.3 place=100.0 soft= 97.7 | comp= 67.0 packed=58.2% disp=0.109
  D27              fill= 38.3 cog= 51.7 stab= 56.2 place=100.0 soft= 86.7 | comp= 66.6 packed=60.0% disp=0.070
  D28              fill= 33.2 cog= 53.9 stab= 27.4 place= 66.7 soft=100.0 | comp= 56.2 packed=42.0% disp=0.157
  D29              fill= 40.3 cog= 54.7 stab= 36.5 place=100.0 soft=100.0 | comp= 66.3 packed=47.3% disp=0.145
  D30              fill= 29.8 cog= 54.7 stab= 41.1 place= 80.0 soft= 86.8 | comp= 58.5 packed=60.0% disp=0.177
  D31              fill= 30.4 cog= 53.9 stab= 39.5 place=100.0 soft= 87.5 | comp= 62.3 packed=43.3% disp=0.136
  == norm%=42.64 fill=36.73 cog=54.08 stab=37.02 place=94.61 soft=93.56 | COMPOSITE=63.20 packed=53.7%  [691s]
