pybullet build time: Aug 29 2026 17:03:42
pybullet build time: Aug 29 2026 17:03:42
pybullet build time: Aug 29 2026 17:03:42
pybullet build time: Aug 29 2026 17:03:42
pybullet build time: Aug 29 2026 17:03:42
pybullet build time: Aug 29 2026 17:03:42
pybullet build time: Aug 29 2026 17:03:42
pybullet build time: Aug 29 2026 17:03:42
pybullet build time: Aug 29 2026 17:03:42
pybullet build time: Aug 29 2026 17:03:42
pybullet build time: Aug 29 2026 17:03:42
pybullet build time: Aug 29 2026 17:03:42
pybullet build time: Aug 29 2026 17:03:42
pybullet build time: Aug 29 2026 17:03:42
### S_cov13  overrides=['p:SOFT_COVER_MULT=1.3'] patch=none
  P00              fill= 34.9 cog= 59.1 stab= 44.1 place=100.0 soft= 91.7 | comp= 65.9 packed=72.5% disp=0.113
  P01              fill= 33.9 cog= 56.9 stab= 41.8 place=100.0 soft= 95.0 | comp= 65.5 packed=61.0% disp=0.145
  P02              fill= 33.6 cog= 57.3 stab= 40.9 place=100.0 soft= 93.8 | comp= 65.1 packed=71.1% disp=0.179
  P03              fill= 37.6 cog= 54.1 stab= 36.1 place= 90.0 soft= 82.1 | comp= 60.0 packed=61.0% disp=0.139
  P04              fill= 33.2 cog= 56.1 stab= 37.9 place= 83.3 soft= 90.0 | comp= 60.1 packed=52.0% disp=0.180
  P05              fill= 33.7 cog= 53.0 stab= 39.7 place= 75.0 soft= 93.8 | comp= 59.0 packed=70.0% disp=0.191
  P06              fill= 34.4 cog= 53.1 stab= 39.7 place=100.0 soft= 83.3 | comp= 62.1 packed=72.5% disp=0.168
  P07              fill= 42.1 cog= 54.4 stab= 32.2 place=100.0 soft=100.0 | comp= 65.7 packed=60.0% disp=0.139
  P08              fill= 37.9 cog= 54.2 stab= 27.5 place=100.0 soft= 87.5 | comp= 61.4 packed=64.4% disp=0.148
  P09              fill= 33.9 cog= 55.2 stab= 41.2 place= 65.0 soft= 85.0 | comp= 56.1 packed=63.3% disp=0.144
  P10              fill= 34.2 cog= 52.3 stab= 23.0 place=100.0 soft=100.0 | comp= 61.9 packed=48.9% disp=0.214
  P11              fill= 29.0 cog= 53.3 stab= 39.2 place=100.0 soft= 91.7 | comp= 62.6 packed=57.5% disp=0.190
  P12              fill= 39.0 cog= 52.3 stab= 42.5 place=100.0 soft= 95.2 | comp= 65.8 packed=74.4% disp=0.169
  P13              fill= 35.9 cog= 52.3 stab= 39.0 place=100.0 soft= 86.1 | comp= 62.7 packed=66.0% disp=0.149
  P14              fill= 36.7 cog= 51.9 stab= 37.8 place= 75.0 soft=100.0 | comp= 60.3 packed=67.8% disp=0.145
  P15              fill= 31.7 cog= 55.6 stab= 38.5 place=100.0 soft=100.0 | comp= 65.1 packed=48.0% disp=0.147
  P16              fill= 31.4 cog= 58.0 stab= 30.8 place=100.0 soft=100.0 | comp= 64.0 packed=75.0% disp=0.286
  P17              fill= 27.4 cog= 54.9 stab= 33.5 place= 87.5 soft=100.0 | comp= 60.7 packed=55.0% disp=0.156
  P18              fill= 37.0 cog= 50.2 stab= 27.0 place=100.0 soft=100.0 | comp= 62.8 packed=67.5% disp=0.237
  P19              fill= 38.0 cog= 54.2 stab= 41.9 place= 94.4 soft= 97.6 | comp= 65.2 packed=77.5% disp=0.135
  P20              fill= 34.6 cog= 57.8 stab= 37.0 place=100.0 soft=100.0 | comp= 65.9 packed=65.0% disp=0.147
  P21              fill= 29.1 cog= 56.2 stab= 36.4 place=100.0 soft=100.0 | comp= 64.3 packed=56.7% disp=0.186
  P22              fill= 29.8 cog= 59.0 stab= 41.6 place=100.0 soft=100.0 | comp= 66.1 packed=62.2% disp=0.162
  P23              fill= 34.4 cog= 56.2 stab= 52.6 place= 50.0 soft= 90.0 | comp= 56.6 packed=64.4% disp=0.179
  P24              fill= 30.5 cog= 54.3 stab= 46.5 place= 87.5 soft= 93.8 | comp= 62.5 packed=60.0% disp=0.145
  P25              fill= 34.1 cog= 57.0 stab= 45.3 place= 68.8 soft= 91.7 | comp= 59.4 packed=64.4% disp=0.123
  P26              fill= 41.1 cog= 52.1 stab= 48.0 place= 80.0 soft= 91.7 | comp= 62.6 packed=73.3% disp=0.112
  P27              fill= 35.6 cog= 51.0 stab= 28.6 place=100.0 soft=100.0 | comp= 63.0 packed=46.0% disp=0.183
  P28              fill= 45.2 cog= 55.2 stab= 48.8 place= 80.0 soft= 84.6 | comp= 62.8 packed=70.0% disp=0.105
  P29              fill= 46.6 cog= 51.3 stab= 33.5 place=100.0 soft=100.0 | comp= 66.3 packed=60.0% disp=0.117
  P30              fill= 30.9 cog= 60.8 stab= 49.9 place= 87.5 soft=100.0 | comp= 65.8 packed=66.7% disp=0.104
  P31              fill= 42.9 cog= 53.7 stab= 35.5 place= 80.0 soft= 82.4 | comp= 58.9 packed=85.0% disp=0.167
  == norm%=48.64 fill=35.32 cog=54.78 stab=38.69 place=90.75 soft=93.96 | COMPOSITE=62.70 packed=64.4%  [227s]
