pybullet build time: Aug 29 2026 17:03:42
pybullet build time: Aug 29 2026 17:03:42
pybullet build time: Aug 29 2026 17:03:42
pybullet build time: Aug 29 2026 17:03:42
pybullet build time: Aug 29 2026 17:03:42
pybullet build time: Aug 29 2026 17:03:42
pybullet build time: Aug 29 2026 17:03:42
pybullet build time: Aug 29 2026 17:03:42
pybullet build time: Aug 29 2026 17:03:42
pybullet build time: Aug 29 2026 17:03:42
pybullet build time: Aug 29 2026 17:03:42
pybullet build time: Aug 29 2026 17:03:42
pybullet build time: Aug 29 2026 17:03:42
pybullet build time: Aug 29 2026 17:03:42
### S_z70  overrides=['p:SOFT_MAX_BOTTOM_FRAC=0.70'] patch=none
  P00              fill= 35.1 cog= 58.8 stab= 45.5 place=100.0 soft= 91.7 | comp= 66.2 packed=82.5% disp=0.110
  P01              fill= 38.4 cog= 55.7 stab= 45.8 place=100.0 soft= 90.9 | comp= 66.2 packed=65.0% disp=0.112
  P02              fill= 35.2 cog= 56.7 stab= 37.8 place=100.0 soft= 81.2 | comp= 62.2 packed=73.3% disp=0.198
  P03              fill= 33.6 cog= 55.7 stab= 35.8 place=100.0 soft= 88.5 | comp= 62.7 packed=57.0% disp=0.136
  P04              fill= 33.2 cog= 56.1 stab= 37.9 place= 83.3 soft= 90.0 | comp= 60.1 packed=52.0% disp=0.180
  P05              fill= 26.4 cog= 56.1 stab= 27.1 place=100.0 soft= 80.0 | comp= 57.9 packed=57.5% disp=0.265
  P06              fill= 34.9 cog= 55.9 stab= 49.7 place=100.0 soft=100.0 | comp= 68.1 packed=72.5% disp=0.102
  P07              fill= 42.1 cog= 54.4 stab= 32.2 place=100.0 soft=100.0 | comp= 65.7 packed=60.0% disp=0.139
  P08              fill= 37.9 cog= 54.2 stab= 27.5 place=100.0 soft= 87.5 | comp= 61.4 packed=64.4% disp=0.148
  P09              fill= 28.0 cog= 57.5 stab= 45.5 place= 94.4 soft= 94.7 | comp= 64.0 packed=61.1% disp=0.140
  P10              fill= 34.2 cog= 52.3 stab= 23.0 place=100.0 soft=100.0 | comp= 61.9 packed=48.9% disp=0.214
  P11              fill= 30.5 cog= 58.2 stab= 49.5 place=100.0 soft= 75.0 | comp= 62.6 packed=57.5% disp=0.064
  P12              fill= 33.5 cog= 55.0 stab= 40.7 place=100.0 soft= 79.4 | comp= 61.7 packed=64.4% disp=0.172
  P13              fill= 36.7 cog= 54.7 stab= 42.7 place=100.0 soft= 94.4 | comp= 65.7 packed=66.0% disp=0.127
  P14              fill= 35.5 cog= 54.1 stab= 29.1 place= 93.8 soft= 88.5 | comp= 60.2 packed=63.3% disp=0.214
  P15              fill= 33.0 cog= 55.7 stab= 35.3 place=100.0 soft= 83.3 | comp= 61.5 packed=50.0% disp=0.191
  P16              fill= 32.7 cog= 60.0 stab= 39.0 place=100.0 soft=100.0 | comp= 66.3 packed=70.0% disp=0.198
  P17              fill= 27.4 cog= 55.0 stab= 31.9 place= 87.5 soft=100.0 | comp= 60.4 packed=55.0% disp=0.160
  P18              fill= 37.0 cog= 50.2 stab= 27.0 place=100.0 soft=100.0 | comp= 62.8 packed=67.5% disp=0.237
  P19              fill= 34.4 cog= 54.4 stab= 36.4 place= 94.4 soft= 75.0 | comp= 58.9 packed=76.2% disp=0.187
  P20              fill= 34.6 cog= 58.0 stab= 35.4 place=100.0 soft=100.0 | comp= 65.6 packed=65.0% disp=0.141
  P21              fill= 33.6 cog= 54.7 stab= 36.5 place= 95.8 soft= 87.5 | comp= 61.6 packed=62.2% disp=0.141
  P22              fill= 32.2 cog= 56.5 stab= 38.8 place= 50.0 soft= 81.2 | comp= 51.7 packed=66.7% disp=0.179
  P23              fill= 34.3 cog= 56.6 stab= 45.3 place=100.0 soft= 75.0 | comp= 62.2 packed=66.7% disp=0.104
  P24              fill= 29.6 cog= 58.6 stab= 40.1 place=100.0 soft= 87.5 | comp= 63.1 packed=52.0% disp=0.177
  P25              fill= 17.5 cog= 60.3 stab= 22.6 place=100.0 soft=100.0 | comp= 60.1 packed=35.6% disp=0.406
  P26              fill= 36.3 cog= 55.5 stab= 41.7 place= 87.5 soft= 91.7 | comp= 62.5 packed=66.7% disp=0.123
  P27              fill= 34.2 cog= 51.9 stab= 26.0 place=100.0 soft=100.0 | comp= 62.4 packed=44.0% disp=0.238
  P28              fill= 43.1 cog= 56.9 stab= 45.1 place= 80.0 soft= 62.5 | comp= 57.5 packed=68.0% disp=0.117
  P29              fill= 45.8 cog= 52.7 stab= 33.5 place=100.0 soft= 75.0 | comp= 61.4 packed=58.0% disp=0.095
  P30              fill= 32.0 cog= 61.2 stab= 49.4 place= 87.5 soft=100.0 | comp= 66.0 packed=66.7% disp=0.100
  P31              fill= 43.0 cog= 56.7 stab= 39.3 place=100.0 soft= 88.9 | comp= 65.6 packed=87.5% disp=0.132
  == norm%=47.14 fill=34.25 cog=55.95 stab=37.27 place=95.45 soft=89.05 | COMPOSITE=62.39 packed=62.6%  [241s]
