pybullet build time: Aug 29 2026 17:03:42
pybullet build time: Aug 29 2026 17:03:42
pybullet build time: Aug 29 2026 17:03:42
pybullet build time: Aug 29 2026 17:03:42
pybullet build time: Aug 29 2026 17:03:42
### SS_basek1  overrides=['a:OFFLINE_SMALL_SEEDS=1'] patch=none
  ktest_L01        fill= 46.9 cog= 53.3 stab= 39.7 place=100.0 soft= 86.4 | comp= 65.3 packed=82.2% disp=0.122
  ktest_L08        fill= 31.0 cog= 52.2 stab= 28.2 place= 91.7 soft= 90.0 | comp= 58.6 packed=66.7% disp=0.307
  ktest_L11        fill= 38.8 cog= 53.6 stab= 28.7 place= 80.0 soft=100.0 | comp= 60.2 packed=61.1% disp=0.157
  ktest_L15        fill= 42.2 cog= 52.7 stab= 35.7 place=100.0 soft= 95.5 | comp= 65.2 packed=83.8% disp=0.161
  ktest_L16        fill= 45.8 cog= 52.0 stab= 39.2 place=100.0 soft= 83.3 | comp= 64.1 packed=71.1% disp=0.129
  ktest_L17        fill= 44.0 cog= 51.5 stab= 41.8 place= 95.5 soft= 93.8 | comp= 65.3 packed=80.0% disp=0.135
  ktest_L18        fill= 41.3 cog= 53.9 stab= 40.6 place=100.0 soft= 90.0 | comp= 65.2 packed=84.4% disp=0.120
  ktest_L19        fill= 35.4 cog= 53.3 stab= 28.9 place= 92.9 soft=100.0 | comp= 62.1 packed=68.8% disp=0.213
  ktest_L20        fill= 35.2 cog= 52.8 stab= 22.8 place= 75.0 soft=100.0 | comp= 57.2 packed=56.2% disp=0.211
  ktest_L25        fill= 40.9 cog= 50.7 stab= 37.0 place=100.0 soft= 96.4 | comp= 65.0 packed=85.0% disp=0.147
  ktest_L26        fill= 30.1 cog= 55.1 stab= 40.5 place= 87.5 soft=100.0 | comp= 62.6 packed=57.8% disp=0.107
  ktest_L27        fill= 42.2 cog= 50.6 stab= 42.3 place=100.0 soft=100.0 | comp= 67.0 packed=85.0% disp=0.149
  ktest_L28        fill= 37.2 cog= 52.9 stab= 20.6 place= 85.0 soft=100.0 | comp= 59.1 packed=64.4% disp=0.219
  ktest_L30        fill= 36.5 cog= 55.1 stab= 36.7 place=100.0 soft=100.0 | comp= 65.7 packed=75.0% disp=0.139
  pool_P07         fill= 36.4 cog= 54.4 stab= 32.0 place=100.0 soft=100.0 | comp= 64.5 packed=64.4% disp=0.186
  pool_P10         fill= 29.5 cog= 53.1 stab= 36.6 place= 64.3 soft= 90.0 | comp= 54.7 packed=64.4% disp=0.165
  pool_P16         fill= 32.4 cog= 56.4 stab= 31.2 place= 83.3 soft=100.0 | comp= 60.7 packed=70.0% disp=0.225
  pool_P18         fill= 36.2 cog= 52.9 stab= 39.3 place=100.0 soft=100.0 | comp= 65.7 packed=67.5% disp=0.122
  pool_P27         fill= 33.3 cog= 50.6 stab= 44.8 place= 80.0 soft=100.0 | comp= 61.7 packed=58.0% disp=0.149
  pool_P29         fill= 40.8 cog= 51.8 stab= 28.2 place= 75.0 soft=100.0 | comp= 59.2 packed=54.0% disp=0.150
  pool_P31         fill= 44.4 cog= 52.7 stab= 43.0 place=100.0 soft=100.0 | comp= 68.0 packed=91.2% disp=0.119
  shelftest_T00    fill= 28.9 cog= 53.3 stab= 41.3 place=100.0 soft=100.0 | comp= 64.7 packed=51.1% disp=0.136
  shelftest_T01    fill= 36.3 cog= 52.5 stab= 37.5 place=100.0 soft=100.0 | comp= 65.3 packed=60.0% disp=0.136
  shelftest_T03    fill= 33.7 cog= 54.3 stab= 26.6 place=100.0 soft=100.0 | comp= 62.9 packed=55.0% disp=0.219
  shelftest_T04    fill= 29.9 cog= 52.2 stab= 34.4 place=100.0 soft= 50.0 | comp= 53.3 packed=58.0% disp=0.177
  shelftest_T08    fill= 35.6 cog= 51.3 stab= 43.3 place= 50.0 soft=100.0 | comp= 56.0 packed=77.5% disp=0.118
  shelftest_T12    fill= 22.0 cog= 57.9 stab= 13.0 place=100.0 soft=100.0 | comp= 58.6 packed=40.0% disp=0.444
  shelftest_T20    fill= 33.3 cog= 56.5 stab= 37.1 place= 83.3 soft= 87.5 | comp= 59.6 packed=66.7% disp=0.137
  shelftest_T22    fill= 34.0 cog= 53.9 stab= 43.1 place= 70.0 soft= 83.3 | comp= 56.9 packed=60.0% disp=0.116
  shelftest_T24    fill= 32.5 cog= 55.2 stab= 41.8 place=100.0 soft=100.0 | comp= 65.9 packed=75.0% disp=0.145
  shelftest_T27    fill= 30.1 cog= 56.9 stab= 38.5 place=100.0 soft=100.0 | comp= 65.1 packed=56.0% disp=0.161
  shelftest_T29    fill= 34.4 cog= 53.6 stab= 41.7 place= 64.3 soft=100.0 | comp= 58.8 packed=68.0% disp=0.132
  test_T00         fill= 38.3 cog= 53.9 stab= 24.0 place=100.0 soft=100.0 | comp= 63.3 packed=49.0% disp=0.209
  test_T04         fill= 40.4 cog= 54.6 stab= 37.1 place= 75.0 soft=100.0 | comp= 61.4 packed=73.3% disp=0.155
  test_T05         fill= 32.8 cog= 55.3 stab= 24.0 place=100.0 soft=100.0 | comp= 62.4 packed=57.5% disp=0.183
  test_T10         fill= 30.2 cog= 59.8 stab= 49.8 place= 83.3 soft=100.0 | comp= 64.6 packed=64.0% disp=0.127
  test_T11         fill= 48.1 cog= 51.6 stab= 37.7 place=100.0 soft=100.0 | comp= 67.5 packed=66.0% disp=0.112
  test_T12         fill= 29.2 cog= 56.4 stab= 34.5 place= 70.0 soft=100.0 | comp= 58.0 packed=56.0% disp=0.306
  test_T13         fill= 35.6 cog= 52.9 stab= 26.9 place= 85.0 soft= 83.3 | comp= 56.7 packed=47.0% disp=0.155
  test_T14         fill= 24.3 cog= 55.0 stab= 56.4 place= 83.3 soft= 80.6 | comp= 59.9 packed=70.0% disp=0.105
  test_T15         fill= 37.5 cog= 53.3 stab= 35.5 place=100.0 soft= 87.5 | comp= 62.8 packed=58.0% disp=0.199
  test_T25         fill= 26.5 cog= 52.7 stab= 22.8 place=100.0 soft=100.0 | comp= 60.4 packed=50.0% disp=0.409
  test_T27         fill= 34.6 cog= 53.1 stab= 38.7 place= 83.3 soft=100.0 | comp= 62.0 packed=60.0% disp=0.184
  test_T28         fill= 34.2 cog= 56.7 stab= 40.9 place= 90.0 soft= 97.1 | comp= 63.8 packed=68.8% disp=0.123
  == norm%=49.38 fill=35.52 cog=53.74 stab=35.55 place=89.72 soft=95.33 | COMPOSITE=61.97 packed=65.4%  [1784s]
