pybullet build time: Aug 29 2026 17:03:42
pybullet build time: Aug 29 2026 17:03:42
pybullet build time: Aug 29 2026 17:03:42
pybullet build time: Aug 29 2026 17:03:42
pybullet build time: Aug 29 2026 17:03:42
### SS_opt44  overrides=['a:OFFLINE_SMALL_SEEDS=1'] patch=none
  ktest_L01        fill= 35.2 cog= 55.8 stab= 32.8 place=100.0 soft=100.0 | comp= 64.8 packed=66.7% disp=0.159
  ktest_L08        fill= 34.8 cog= 52.1 stab= 47.4 place=100.0 soft= 90.9 | comp= 65.0 packed=75.6% disp=0.106
  ktest_L11        fill= 40.2 cog= 53.0 stab= 34.8 place= 87.5 soft=100.0 | comp= 63.1 packed=58.9% disp=0.151
  ktest_L15        fill= 38.4 cog= 52.7 stab= 33.8 place= 58.3 soft= 95.0 | comp= 55.6 packed=80.0% disp=0.148
  ktest_L16        fill= 31.3 cog= 56.1 stab= 19.5 place=100.0 soft=100.0 | comp= 61.4 packed=46.7% disp=0.333
  ktest_L17        fill= 37.2 cog= 54.6 stab= 39.2 place=100.0 soft= 83.3 | comp= 62.9 packed=62.0% disp=0.159
  ktest_L18        fill= 33.7 cog= 56.5 stab= 28.8 place=100.0 soft=100.0 | comp= 63.8 packed=60.0% disp=0.213
  ktest_L19        fill= 39.4 cog= 55.9 stab= 30.2 place= 91.7 soft= 92.3 | comp= 61.9 packed=81.2% disp=0.180
  ktest_L20        fill= 38.1 cog= 52.9 stab= 27.5 place=100.0 soft=100.0 | comp= 63.7 packed=63.8% disp=0.167
  ktest_L25        fill= 42.0 cog= 53.3 stab= 32.7 place=100.0 soft= 95.8 | comp= 64.8 packed=77.5% disp=0.160
  ktest_L26        fill= 34.0 cog= 53.6 stab= 38.4 place=100.0 soft= 83.3 | comp= 61.9 packed=62.2% disp=0.146
  ktest_L27        fill= 34.5 cog= 55.3 stab= 46.9 place=100.0 soft=100.0 | comp= 67.3 packed=80.0% disp=0.182
  ktest_L28        fill= 35.2 cog= 57.6 stab= 44.5 place= 75.0 soft=100.0 | comp= 62.5 packed=77.8% disp=0.138
  ktest_L30        fill= 26.7 cog= 55.6 stab= 25.8 place=100.0 soft=100.0 | comp= 61.6 packed=55.0% disp=0.486
  pool_P07         fill= 34.0 cog= 57.4 stab= 30.4 place=100.0 soft=100.0 | comp= 64.3 packed=61.1% disp=0.175
  pool_P10         fill= 34.1 cog= 52.5 stab= 39.5 place= 50.0 soft= 78.6 | comp= 50.9 packed=62.2% disp=0.203
  pool_P16         fill= 18.0 cog= 57.8 stab= 15.3 place=100.0 soft=100.0 | comp= 58.2 packed=40.0% disp=0.574
  pool_P18         fill= 36.2 cog= 52.9 stab= 39.3 place=100.0 soft=100.0 | comp= 65.7 packed=67.5% disp=0.122
  pool_P27         fill= 31.1 cog= 53.8 stab= 27.6 place=100.0 soft=100.0 | comp= 62.5 packed=54.0% disp=0.204
  pool_P29         fill= 46.9 cog= 50.4 stab= 38.8 place=100.0 soft= 87.5 | comp= 64.7 packed=60.0% disp=0.103
  pool_P31         fill= 45.4 cog= 54.7 stab= 36.8 place=100.0 soft= 90.5 | comp= 65.5 packed=90.0% disp=0.136
  shelftest_T00    fill= 30.5 cog= 54.4 stab= 48.2 place=100.0 soft= 85.7 | comp= 63.8 packed=57.8% disp=0.150
  shelftest_T01    fill= 31.8 cog= 55.6 stab= 29.6 place=100.0 soft=100.0 | comp= 63.4 packed=52.0% disp=0.220
  shelftest_T03    fill= 35.3 cog= 56.2 stab= 37.5 place=100.0 soft=100.0 | comp= 65.8 packed=57.0% disp=0.123
  shelftest_T04    fill= 31.9 cog= 51.8 stab= 38.9 place=100.0 soft= 83.3 | comp= 61.2 packed=62.0% disp=0.140
  shelftest_T08    fill= 32.4 cog= 54.7 stab= 48.7 place=100.0 soft= 85.7 | comp= 64.3 packed=75.0% disp=0.156
  shelftest_T12    fill= 36.7 cog= 53.1 stab= 48.0 place=100.0 soft= 78.6 | comp= 63.3 packed=72.5% disp=0.088
  shelftest_T20    fill= 32.6 cog= 55.7 stab= 30.8 place=100.0 soft= 83.3 | comp= 60.5 packed=62.2% disp=0.211
  shelftest_T22    fill= 34.0 cog= 53.9 stab= 43.1 place= 70.0 soft= 83.3 | comp= 56.9 packed=60.0% disp=0.116
  shelftest_T24    fill= 37.5 cog= 55.9 stab= 50.3 place=100.0 soft= 70.8 | comp= 62.9 packed=72.5% disp=0.087
  shelftest_T27    fill= 30.2 cog= 57.9 stab= 42.5 place=100.0 soft=100.0 | comp= 66.1 packed=58.0% disp=0.155
  shelftest_T29    fill= 30.8 cog= 55.5 stab= 46.2 place=100.0 soft= 92.9 | comp= 65.1 packed=58.0% disp=0.129
  test_T00         fill= 38.3 cog= 53.9 stab= 24.0 place=100.0 soft=100.0 | comp= 63.3 packed=49.0% disp=0.209
  test_T04         fill= 40.4 cog= 54.6 stab= 37.1 place= 75.0 soft=100.0 | comp= 61.4 packed=73.3% disp=0.155
  test_T05         fill= 36.9 cog= 56.7 stab= 42.9 place=100.0 soft=100.0 | comp= 67.3 packed=77.5% disp=0.106
  test_T10         fill= 30.2 cog= 59.8 stab= 49.8 place= 83.3 soft=100.0 | comp= 64.6 packed=64.0% disp=0.127
  test_T11         fill= 28.7 cog= 57.8 stab= 34.0 place=100.0 soft=100.0 | comp= 64.1 packed=56.0% disp=0.308
  test_T12         fill= 36.5 cog= 56.4 stab= 43.7 place= 91.7 soft=100.0 | comp= 65.7 packed=74.0% disp=0.153
  test_T13         fill= 36.8 cog= 54.5 stab= 36.2 place= 77.8 soft=100.0 | comp= 61.1 packed=52.0% disp=0.136
  test_T14         fill= 34.0 cog= 57.6 stab= 54.6 place=100.0 soft= 86.4 | comp= 66.5 packed=80.0% disp=0.119
  test_T15         fill= 37.1 cog= 52.4 stab= 25.6 place=100.0 soft= 94.4 | comp= 61.9 packed=49.0% disp=0.293
  test_T25         fill= 24.9 cog= 52.1 stab= 17.5 place=100.0 soft=100.0 | comp= 58.9 packed=50.0% disp=0.536
  test_T27         fill= 37.2 cog= 56.7 stab= 41.6 place=100.0 soft= 91.7 | comp= 65.4 packed=66.7% disp=0.127
  test_T28         fill= 34.2 cog= 56.7 stab= 40.9 place= 90.0 soft= 97.1 | comp= 63.8 packed=68.8% disp=0.123
  == norm%=48.18 fill=34.66 cog=54.97 stab=36.86 place=94.32 soft=93.87 | COMPOSITE=62.94 packed=64.3%  [2130s]
