pybullet build time: Aug 29 2026 17:03:42
pybullet build time: Aug 29 2026 17:03:42
pybullet build time: Aug 29 2026 17:03:42
pybullet build time: Aug 29 2026 17:03:42
pybullet build time: Aug 29 2026 17:03:42
pybullet build time: Aug 29 2026 17:03:42
pybullet build time: Aug 29 2026 17:03:42
pybullet build time: Aug 29 2026 17:03:42
pybullet build time: Aug 29 2026 17:03:42
pybullet build time: Aug 29 2026 17:03:42
pybullet build time: Aug 29 2026 17:03:42
pybullet build time: Aug 29 2026 17:03:42
12 scenes x 8 orders, judge=seq

scene     rho rollout  rho physics
O00              0.64         0.17
O01              0.90         1.00
O02             -0.45         0.21
O03              0.24        -0.12
O04              0.14         0.29
O05             -0.05        -0.67
O06              0.36         0.55
O07              0.64         0.83
O08              0.86         0.81
O09              0.81         0.24
O10              0.33         0.10
O11             -0.38        -0.45

mean rho: rollout +0.337   physics +0.246

mean true composite of the order returned:
  random order                       59.24
  rollout argmax (today)             61.28
  physics judge over rollout top 3   60.66  (-0.62)
  oracle over rollout top 3          63.60  (+2.32)
