pybullet build time: Aug 29 2026 17:03:42
pybullet build time: Aug 29 2026 17:03:42
pybullet build time: Aug 29 2026 17:03:42
### SV_1500  overrides=['p:W_SLIVER=1500'] patch=none
  D00              fill= 35.5 cog= 55.3 stab= 35.3 place=100.0 soft=100.0 | comp= 65.2 packed=50.0% disp=0.179
  D01              fill= 33.5 cog= 55.8 stab= 46.8 place=100.0 soft= 86.7 | comp= 64.6 packed=51.8% disp=0.110
  D02              fill= 31.4 cog= 56.3 stab= 40.9 place=100.0 soft=100.0 | comp= 65.7 packed=57.0% disp=0.190
  D03              fill= 34.4 cog= 54.6 stab= 33.8 place=100.0 soft=100.0 | comp= 64.5 packed=56.0% disp=0.167
  D04              fill= 34.2 cog= 50.3 stab= 46.3 place=100.0 soft=100.0 | comp= 66.2 packed=50.9% disp=0.085
  D05              fill= 45.7 cog= 54.1 stab= 28.9 place=100.0 soft=100.0 | comp= 65.7 packed=53.3% disp=0.133
  D06              fill= 41.0 cog= 53.5 stab= 41.3 place=100.0 soft=100.0 | comp= 67.2 packed=56.0% disp=0.132
  D07              fill= 39.2 cog= 53.5 stab= 32.8 place=100.0 soft=100.0 | comp= 65.1 packed=58.0% disp=0.132
  D08              fill= 38.1 cog= 53.7 stab= 27.8 place=100.0 soft=100.0 | comp= 63.9 packed=54.5% disp=0.169
  D09              fill= 31.6 cog= 56.1 stab= 48.0 place=100.0 soft= 85.0 | comp= 64.1 packed=52.7% disp=0.146
  D10              fill= 37.4 cog= 51.7 stab= 29.0 place=100.0 soft=100.0 | comp= 63.6 packed=52.0% disp=0.207
  D11              fill= 42.8 cog= 52.6 stab= 30.7 place=100.0 soft= 60.0 | comp= 57.2 packed=62.0% disp=0.239
  D12              fill= 37.1 cog= 53.5 stab= 43.2 place=100.0 soft= 97.7 | comp= 66.3 packed=57.3% disp=0.143
  D13              fill= 30.3 cog= 53.8 stab= 42.9 place=100.0 soft= 92.3 | comp= 63.9 packed=52.0% disp=0.126
  D14              fill= 40.4 cog= 53.5 stab= 41.4 place=100.0 soft=100.0 | comp= 67.1 packed=60.0% disp=0.116
  D15              fill= 39.1 cog= 52.9 stab= 41.4 place=100.0 soft=100.0 | comp= 66.7 packed=66.0% disp=0.172
  D16              fill= 36.4 cog= 55.9 stab= 51.1 place= 71.4 soft=100.0 | comp= 63.0 packed=51.7% disp=0.115
  D17              fill= 41.4 cog= 53.0 stab= 33.6 place=100.0 soft=100.0 | comp= 65.6 packed=46.7% disp=0.143
  D18              fill= 31.8 cog= 54.6 stab= 49.1 place= 78.6 soft= 85.7 | comp= 59.9 packed=52.7% disp=0.116
  D19              fill= 38.4 cog= 52.9 stab= 33.5 place=100.0 soft=100.0 | comp= 64.9 packed=49.1% disp=0.120
  D20              fill= 38.3 cog= 54.0 stab= 29.8 place=100.0 soft=100.0 | comp= 64.4 packed=50.0% disp=0.136
  D21              fill= 32.0 cog= 52.9 stab= 30.6 place= 75.0 soft= 96.7 | comp= 57.4 packed=48.2% disp=0.243
  D22              fill= 41.0 cog= 54.2 stab= 35.7 place=100.0 soft= 97.7 | comp= 65.7 packed=55.8% disp=0.161
  D23              fill= 36.9 cog= 54.8 stab= 36.7 place=100.0 soft= 90.9 | comp= 63.9 packed=63.0% disp=0.155
  D24              fill= 27.7 cog= 53.7 stab= 50.2 place= 83.3 soft= 75.0 | comp= 58.0 packed=48.0% disp=0.137
  D25              fill= 35.6 cog= 55.7 stab= 39.0 place=100.0 soft=100.0 | comp= 66.1 packed=45.0% disp=0.194
  D26              fill= 38.2 cog= 53.5 stab= 46.0 place=100.0 soft= 90.9 | comp= 65.7 packed=57.3% disp=0.113
  D27              fill= 38.3 cog= 52.9 stab= 48.2 place=100.0 soft= 76.7 | comp= 63.2 packed=61.8% disp=0.104
  D28              fill= 37.9 cog= 54.3 stab= 27.7 place= 50.0 soft=100.0 | comp= 54.0 packed=54.0% disp=0.142
  D29              fill= 40.3 cog= 54.7 stab= 36.5 place=100.0 soft=100.0 | comp= 66.3 packed=47.3% disp=0.145
  D30              fill= 31.3 cog= 52.2 stab= 48.5 place= 60.0 soft= 92.1 | comp= 56.8 packed=59.0% disp=0.143
  D31              fill= 29.7 cog= 54.9 stab= 41.2 place=100.0 soft= 90.0 | comp= 63.2 packed=45.0% disp=0.125
  == norm%=42.33 fill=36.47 cog=53.92 stab=39.00 place=94.32 soft=94.29 | COMPOSITE=63.60 packed=53.9%  [830s]
