pybullet build time: Aug 29 2026 17:03:42
pybullet build time: Aug 29 2026 17:03:42
pybullet build time: Aug 29 2026 17:03:42
### SV_400  overrides=['p:W_SLIVER=400'] patch=none
  D00              fill= 39.4 cog= 54.5 stab= 41.3 place=100.0 soft= 94.4 | comp= 65.9 packed=53.3% disp=0.115
  D01              fill= 26.5 cog= 58.5 stab= 38.7 place=100.0 soft=100.0 | comp= 64.7 packed=45.5% disp=0.179
  D02              fill= 39.2 cog= 54.6 stab= 42.8 place=100.0 soft=100.0 | comp= 67.3 packed=67.0% disp=0.120
  D03              fill= 35.0 cog= 54.8 stab= 39.9 place=100.0 soft=100.0 | comp= 65.9 packed=58.0% disp=0.143
  D04              fill= 37.4 cog= 52.0 stab= 43.9 place=100.0 soft= 95.0 | comp= 65.7 packed=56.4% disp=0.122
  D05              fill= 45.7 cog= 54.1 stab= 33.0 place=100.0 soft=100.0 | comp= 66.6 packed=53.3% disp=0.137
  D06              fill= 41.0 cog= 53.0 stab= 42.2 place=100.0 soft= 85.7 | comp= 64.4 packed=58.0% disp=0.104
  D07              fill= 48.9 cog= 52.2 stab= 41.9 place=100.0 soft= 83.3 | comp= 65.3 packed=72.0% disp=0.107
  D08              fill= 42.3 cog= 53.3 stab= 35.2 place=100.0 soft=100.0 | comp= 66.2 packed=60.0% disp=0.136
  D09              fill= 32.3 cog= 54.6 stab= 52.3 place=100.0 soft= 85.0 | comp= 64.8 packed=52.7% disp=0.091
  D10              fill= 36.9 cog= 51.9 stab= 28.1 place=100.0 soft=100.0 | comp= 63.4 packed=52.0% disp=0.188
  D11              fill= 48.9 cog= 51.6 stab= 35.7 place=100.0 soft=100.0 | comp= 67.2 packed=70.0% disp=0.120
  D12              fill= 36.2 cog= 51.9 stab= 41.1 place=100.0 soft= 95.7 | comp= 65.0 packed=59.1% disp=0.115
  D13              fill= 33.7 cog= 53.9 stab= 37.0 place=100.0 soft= 92.3 | comp= 63.4 packed=53.0% disp=0.183
  D14              fill= 42.6 cog= 53.8 stab= 37.1 place=100.0 soft=100.0 | comp= 66.7 packed=61.8% disp=0.118
  D15              fill= 45.9 cog= 51.1 stab= 46.5 place=100.0 soft= 84.6 | comp= 65.6 packed=74.0% disp=0.120
  D16              fill= 35.9 cog= 55.9 stab= 38.6 place= 64.3 soft= 90.9 | comp= 57.1 packed=51.7% disp=0.172
  D17              fill= 41.7 cog= 52.6 stab= 28.9 place=100.0 soft=100.0 | comp= 64.6 packed=48.3% disp=0.153
  D18              fill= 35.4 cog= 53.3 stab= 36.6 place= 92.9 soft= 78.6 | comp= 59.4 packed=52.7% disp=0.142
  D19              fill= 38.4 cog= 52.5 stab= 32.2 place=100.0 soft=100.0 | comp= 64.6 packed=49.1% disp=0.134
  D20              fill= 38.5 cog= 54.5 stab= 32.9 place=100.0 soft=100.0 | comp= 65.2 packed=50.0% disp=0.107
  D21              fill= 35.5 cog= 52.5 stab= 42.7 place= 50.0 soft= 91.2 | comp= 54.4 packed=53.6% disp=0.151
  D22              fill= 40.3 cog= 53.3 stab= 36.1 place= 93.3 soft= 94.4 | comp= 63.5 packed=52.5% disp=0.169
  D23              fill= 35.3 cog= 54.8 stab= 37.7 place=100.0 soft= 90.0 | comp= 63.6 packed=60.0% disp=0.117
  D24              fill= 27.4 cog= 56.9 stab= 45.2 place= 83.3 soft= 81.2 | comp= 58.8 packed=48.0% disp=0.142
  D25              fill= 40.1 cog= 55.3 stab= 36.2 place=100.0 soft= 66.7 | comp= 59.7 packed=51.7% disp=0.144
  D26              fill= 38.7 cog= 53.1 stab= 45.9 place=100.0 soft=100.0 | comp= 67.5 packed=59.1% disp=0.118
  D27              fill= 38.4 cog= 50.8 stab= 52.6 place=100.0 soft= 89.3 | comp= 66.2 packed=60.0% disp=0.079
  D28              fill= 33.2 cog= 53.9 stab= 27.4 place= 66.7 soft=100.0 | comp= 56.2 packed=42.0% disp=0.157
  D29              fill= 40.3 cog= 54.7 stab= 36.5 place=100.0 soft=100.0 | comp= 66.3 packed=47.3% disp=0.145
  D30              fill= 32.5 cog= 53.5 stab= 43.4 place= 66.7 soft= 91.3 | comp= 57.5 packed=65.0% disp=0.138
  D31              fill= 29.3 cog= 53.1 stab= 38.5 place=100.0 soft= 75.0 | comp= 59.2 packed=43.3% disp=0.171
  == norm%=44.10 fill=37.90 cog=53.63 stab=39.00 place=94.29 soft=92.65 | COMPOSITE=63.49 packed=55.6%  [837s]
