pybullet build time: Aug 29 2026 17:03:42
pybullet build time: Aug 29 2026 17:03:42
pybullet build time: Aug 29 2026 17:03:42
pybullet build time: Aug 29 2026 17:03:42
pybullet build time: Aug 29 2026 17:03:42
pybullet build time: Aug 29 2026 17:03:42
### UB_basek1  overrides=[] patch=none
  ktest_L01        fill= 37.0 cog= 51.9 stab= 32.2 place=100.0 soft=100.0 | comp= 64.2 packed=67.8% disp=0.139
  ktest_L08        fill= 38.4 cog= 52.9 stab= 43.3 place= 86.4 soft=100.0 | comp= 64.2 packed=62.2% disp=0.101
  ktest_L11        fill= 41.6 cog= 52.6 stab= 34.0 place= 90.0 soft= 75.0 | comp= 58.6 packed=63.3% disp=0.123
  ktest_L15        fill= 41.5 cog= 53.3 stab= 39.1 place=100.0 soft=100.0 | comp= 66.8 packed=86.2% disp=0.150
  ktest_L16        fill= 43.5 cog= 52.6 stab= 38.4 place=100.0 soft=100.0 | comp= 66.9 packed=71.1% disp=0.120
  ktest_L17        fill= 32.4 cog= 58.6 stab= 29.6 place= 90.0 soft= 75.0 | comp= 57.1 packed=58.0% disp=0.263
  ktest_L18        fill= 44.0 cog= 52.8 stab= 38.1 place=100.0 soft=100.0 | comp= 67.0 packed=77.8% disp=0.116
  ktest_L19        fill= 42.0 cog= 50.6 stab= 40.6 place= 62.5 soft=100.0 | comp= 59.1 packed=80.0% disp=0.112
  ktest_L20        fill= 35.9 cog= 52.0 stab= 25.6 place= 75.0 soft=100.0 | comp= 57.7 packed=57.5% disp=0.194
  ktest_L25        fill= 39.8 cog= 51.3 stab= 33.4 place=100.0 soft=100.0 | comp= 64.9 packed=78.8% disp=0.151
  ktest_L26        fill= 41.8 cog= 50.8 stab= 35.6 place= 70.0 soft=100.0 | comp= 59.7 packed=60.0% disp=0.105
  ktest_L27        fill= 42.2 cog= 50.5 stab= 41.6 place=100.0 soft=100.0 | comp= 66.9 packed=85.0% disp=0.137
  ktest_L28        fill= 38.4 cog= 53.7 stab= 33.4 place=100.0 soft=100.0 | comp= 65.1 packed=64.4% disp=0.137
  ktest_L30        fill= 43.2 cog= 55.3 stab= 31.8 place=100.0 soft=100.0 | comp= 66.1 packed=82.5% disp=0.159
  pool_P07         fill= 39.6 cog= 51.3 stab= 31.8 place=100.0 soft=100.0 | comp= 64.5 packed=60.0% disp=0.134
  pool_P10         fill= 35.6 cog= 53.8 stab= 26.9 place= 90.0 soft=100.0 | comp= 61.3 packed=51.1% disp=0.193
  pool_P16         fill= 41.7 cog= 51.9 stab= 44.8 place=100.0 soft= 96.7 | comp= 67.0 packed=100.0% disp=0.130
  pool_P18         fill= 36.2 cog= 52.9 stab= 39.3 place=100.0 soft=100.0 | comp= 65.7 packed=67.5% disp=0.122
  pool_P27         fill= 40.7 cog= 53.4 stab= 43.9 place= 75.0 soft= 80.0 | comp= 58.6 packed=62.0% disp=0.095
  pool_P29         fill= 40.8 cog= 51.8 stab= 28.2 place= 75.0 soft=100.0 | comp= 59.2 packed=54.0% disp=0.150
  pool_P31         fill= 40.1 cog= 51.4 stab= 30.6 place=100.0 soft=100.0 | comp= 64.4 packed=76.2% disp=0.188
  shelftest_T00    fill= 37.0 cog= 52.6 stab= 40.6 place=100.0 soft=100.0 | comp= 66.0 packed=62.2% disp=0.133
  shelftest_T01    fill= 36.3 cog= 52.5 stab= 37.5 place=100.0 soft=100.0 | comp= 65.3 packed=60.0% disp=0.136
  shelftest_T03    fill= 36.5 cog= 52.6 stab= 25.3 place=100.0 soft=100.0 | comp= 62.9 packed=52.0% disp=0.161
  shelftest_T04    fill= 40.9 cog= 51.3 stab= 38.6 place= 80.0 soft= 83.3 | comp= 58.8 packed=62.0% disp=0.120
  shelftest_T08    fill= 36.3 cog= 53.0 stab= 31.3 place= 70.0 soft= 75.0 | comp= 53.1 packed=72.5% disp=0.164
  shelftest_T12    fill= 22.0 cog= 57.9 stab= 13.0 place=100.0 soft=100.0 | comp= 58.6 packed=40.0% disp=0.444
  shelftest_T20    fill= 32.7 cog= 53.9 stab= 34.0 place= 93.8 soft=100.0 | comp= 62.9 packed=61.1% disp=0.190
  shelftest_T22    fill= 32.7 cog= 53.5 stab= 32.5 place=100.0 soft=100.0 | comp= 63.7 packed=54.0% disp=0.170
  shelftest_T24    fill= 35.0 cog= 52.3 stab= 33.4 place=100.0 soft=100.0 | comp= 64.1 packed=70.0% disp=0.148
  shelftest_T27    fill= 35.9 cog= 50.9 stab= 29.4 place=100.0 soft= 75.0 | comp= 58.2 packed=50.0% disp=0.176
  shelftest_T29    fill= 32.3 cog= 54.6 stab= 24.5 place=100.0 soft= 83.3 | comp= 58.9 packed=46.0% disp=0.199
  test_T00         fill= 38.3 cog= 53.9 stab= 24.0 place=100.0 soft=100.0 | comp= 63.3 packed=49.0% disp=0.209
  test_T04         fill= 43.6 cog= 53.6 stab= 45.6 place=100.0 soft=100.0 | comp= 68.6 packed=68.9% disp=0.109
  test_T05         fill= 42.7 cog= 53.4 stab= 51.2 place= 83.3 soft=100.0 | comp= 66.1 packed=75.0% disp=0.116
  test_T10         fill= 28.9 cog= 55.2 stab= 35.8 place=100.0 soft=100.0 | comp= 64.0 packed=56.0% disp=0.190
  test_T11         fill= 48.1 cog= 51.6 stab= 37.7 place=100.0 soft=100.0 | comp= 67.5 packed=66.0% disp=0.112
  test_T12         fill= 30.6 cog= 55.4 stab= 39.0 place= 83.3 soft= 84.6 | comp= 58.6 packed=61.0% disp=0.188
  test_T13         fill= 35.6 cog= 52.9 stab= 26.9 place= 85.0 soft= 83.3 | comp= 56.7 packed=47.0% disp=0.155
  test_T14         fill= 32.4 cog= 58.0 stab= 60.5 place=100.0 soft= 85.7 | comp= 67.3 packed=77.5% disp=0.120
  test_T15         fill= 39.9 cog= 55.1 stab= 42.4 place=100.0 soft= 95.7 | comp= 66.6 packed=65.0% disp=0.113
  test_T25         fill= 36.6 cog= 54.3 stab= 36.1 place= 90.0 soft= 87.5 | comp= 60.9 packed=65.0% disp=0.212
  test_T27         fill= 33.3 cog= 53.2 stab= 39.6 place= 83.3 soft=100.0 | comp= 61.9 packed=60.0% disp=0.183
  test_T28         fill= 40.4 cog= 53.8 stab= 45.7 place= 86.4 soft= 96.0 | comp= 64.4 packed=78.8% disp=0.116
  == norm%=52.69 fill=37.84 cog=53.21 stab=35.61 place=92.48 soft=94.91 | COMPOSITE=62.81 packed=65.1%  [1403s]
