pybullet build time: Aug 29 2026 17:03:42
pybullet build time: Aug 29 2026 17:03:42
pybullet build time: Aug 29 2026 17:03:42
pybullet build time: Aug 29 2026 17:03:42
pybullet build time: Aug 29 2026 17:03:42
pybullet build time: Aug 29 2026 17:03:42
### UB_choice  overrides=[] patch=none
  ktest_L01        fill= 37.0 cog= 54.9 stab= 35.1 place=100.0 soft=100.0 | comp= 65.4 packed=65.6% disp=0.138
  ktest_L08        fill= 34.8 cog= 52.1 stab= 47.4 place=100.0 soft= 90.9 | comp= 65.0 packed=75.6% disp=0.106
  ktest_L11        fill= 32.0 cog= 52.2 stab= 41.6 place= 80.0 soft= 97.5 | comp= 60.7 packed=56.7% disp=0.138
  ktest_L15        fill= 29.8 cog= 54.5 stab= 37.8 place=100.0 soft= 97.5 | comp= 63.9 packed=62.5% disp=0.174
  ktest_L16        fill= 38.7 cog= 55.9 stab= 54.2 place=100.0 soft=100.0 | comp= 69.8 packed=66.7% disp=0.044
  ktest_L17        fill= 38.9 cog= 55.3 stab= 33.3 place=100.0 soft=100.0 | comp= 65.5 packed=68.0% disp=0.183
  ktest_L18        fill= 33.0 cog= 55.9 stab= 42.8 place=100.0 soft= 77.3 | comp= 61.8 packed=66.7% disp=0.174
  ktest_L19        fill= 40.5 cog= 52.7 stab= 34.1 place=100.0 soft=100.0 | comp= 65.4 packed=76.2% disp=0.180
  ktest_L20        fill= 33.8 cog= 55.4 stab= 35.9 place=100.0 soft=100.0 | comp= 65.0 packed=62.5% disp=0.119
  ktest_L25        fill= 35.5 cog= 54.0 stab= 36.4 place=100.0 soft= 90.0 | comp= 63.2 packed=73.8% disp=0.165
  ktest_L26        fill= 36.0 cog= 52.5 stab= 33.8 place=100.0 soft=100.0 | comp= 64.5 packed=55.6% disp=0.139
  ktest_L27        fill= 36.8 cog= 54.0 stab= 46.5 place=100.0 soft=100.0 | comp= 67.5 packed=82.5% disp=0.139
  ktest_L28        fill= 33.0 cog= 55.1 stab= 45.0 place=100.0 soft= 80.8 | comp= 62.8 packed=71.1% disp=0.131
  ktest_L30        fill= 32.0 cog= 53.1 stab= 42.7 place=100.0 soft= 78.6 | comp= 61.3 packed=72.5% disp=0.120
  pool_P07         fill= 35.7 cog= 55.8 stab= 32.8 place=100.0 soft=100.0 | comp= 64.9 packed=52.2% disp=0.123
  pool_P10         fill= 33.0 cog= 55.7 stab= 46.0 place=100.0 soft= 94.4 | comp= 65.8 packed=57.8% disp=0.094
  pool_P16         fill= 32.3 cog= 51.2 stab= 44.2 place=100.0 soft= 92.3 | comp= 64.0 packed=70.0% disp=0.179
  pool_P18         fill= 35.4 cog= 54.0 stab= 59.3 place=100.0 soft=100.0 | comp= 69.7 packed=72.5% disp=0.050
  pool_P27         fill= 33.8 cog= 54.6 stab= 49.2 place=100.0 soft=100.0 | comp= 67.5 packed=52.0% disp=0.069
  pool_P29         fill= 27.8 cog= 52.7 stab= 30.1 place=100.0 soft=100.0 | comp= 62.1 packed=44.0% disp=0.153
  pool_P31         fill= 33.5 cog= 56.0 stab= 48.8 place= 78.6 soft= 88.5 | comp= 61.1 packed=70.0% disp=0.117
  shelftest_T00    fill= 36.9 cog= 52.5 stab= 61.8 place=100.0 soft= 94.1 | comp= 69.1 packed=73.3% disp=0.067
  shelftest_T01    fill= 34.9 cog= 50.9 stab= 59.3 place=100.0 soft= 83.3 | comp= 65.7 packed=66.0% disp=0.069
  shelftest_T03    fill= 33.7 cog= 54.8 stab= 45.5 place=100.0 soft= 92.9 | comp= 65.4 packed=54.0% disp=0.093
  shelftest_T04    fill= 35.4 cog= 54.9 stab= 45.1 place=100.0 soft= 92.9 | comp= 65.6 packed=58.0% disp=0.141
  shelftest_T08    fill= 33.9 cog= 52.8 stab= 45.9 place=100.0 soft= 92.9 | comp= 65.1 packed=72.5% disp=0.108
  shelftest_T12    fill= 24.5 cog= 55.0 stab= 37.3 place=100.0 soft= 93.8 | comp= 62.1 packed=52.5% disp=0.182
  shelftest_T20    fill= 33.3 cog= 52.5 stab= 44.0 place=100.0 soft= 92.0 | comp= 64.4 packed=66.7% disp=0.108
  shelftest_T22    fill= 36.8 cog= 48.3 stab= 49.0 place=100.0 soft= 91.7 | comp= 65.1 packed=64.0% disp=0.124
  shelftest_T24    fill= 33.6 cog= 52.6 stab= 52.4 place=100.0 soft= 91.7 | comp= 66.0 packed=75.0% disp=0.084
  shelftest_T27    fill= 31.0 cog= 56.6 stab= 49.3 place=100.0 soft= 90.9 | comp= 65.6 packed=52.0% disp=0.109
  shelftest_T29    fill= 34.8 cog= 54.1 stab= 50.7 place=100.0 soft= 95.8 | comp= 67.1 packed=58.0% disp=0.113
  test_T00         fill= 30.8 cog= 53.3 stab= 51.4 place=100.0 soft= 90.6 | comp= 65.2 packed=49.0% disp=0.114
  test_T04         fill= 38.1 cog= 53.6 stab= 51.4 place=100.0 soft=100.0 | comp= 68.6 packed=75.6% disp=0.091
  test_T05         fill= 43.5 cog= 53.0 stab= 44.6 place=100.0 soft= 92.1 | comp= 66.7 packed=87.5% disp=0.112
  test_T10         fill= 17.9 cog= 56.6 stab= 64.0 place=100.0 soft=100.0 | comp= 67.7 packed=42.0% disp=0.151
  test_T11         fill= 37.2 cog= 55.0 stab= 52.2 place=100.0 soft= 84.8 | comp= 65.8 packed=76.0% disp=0.113
  test_T12         fill=  9.0 cog= 48.3 stab= 57.4 place=100.0 soft=100.0 | comp= 62.9 packed=27.0% disp=0.204
  test_T13         fill= 33.1 cog= 52.6 stab= 55.0 place= 83.3 soft= 93.1 | comp= 63.4 packed=55.0% disp=0.078
  test_T14         fill= 31.8 cog= 50.6 stab= 65.0 place= 87.5 soft= 96.6 | comp= 66.3 packed=85.0% disp=0.126
  test_T15         fill= 11.5 cog= 47.8 stab= 55.3 place=100.0 soft=100.0 | comp= 62.9 packed=26.0% disp=0.188
  test_T25         fill= 29.8 cog= 57.3 stab= 60.4 place= 87.5 soft= 97.4 | comp= 66.5 packed=71.2% disp=0.069
  test_T27         fill= 28.1 cog= 52.9 stab= 73.8 place= 50.0 soft= 96.0 | comp= 60.2 packed=66.7% disp=0.051
  test_T28         fill= 15.8 cog= 59.3 stab= 68.0 place=100.0 soft=100.0 | comp= 68.6 packed=51.2% disp=0.120
  == norm%=45.01 fill=32.25 cog=53.71 stab=48.08 place=96.98 soft=94.32 | COMPOSITE=65.06 packed=63.1%  [932s]
