pybullet build time: Aug 29 2026 17:03:42
pybullet build time: Aug 29 2026 17:03:42
pybullet build time: Aug 29 2026 17:03:42
pybullet build time: Aug 29 2026 17:03:42
pybullet build time: Aug 29 2026 17:03:42
### ZV_dense  overrides=[] patch=none
  D00              fill= 39.4 cog= 54.5 stab= 41.3 place=100.0 soft= 94.4 | comp= 65.9 packed=53.3% disp=0.115
  D01              fill= 34.5 cog= 54.6 stab= 43.6 place=100.0 soft= 90.6 | comp= 64.7 packed=53.6% disp=0.123
  D02              fill= 40.4 cog= 54.2 stab= 46.1 place=100.0 soft= 92.5 | comp= 66.7 packed=69.0% disp=0.104
  D03              fill= 37.7 cog= 54.3 stab= 31.3 place=100.0 soft= 87.5 | comp= 62.2 packed=56.0% disp=0.143
  D04              fill= 37.4 cog= 52.0 stab= 43.9 place=100.0 soft= 95.0 | comp= 65.7 packed=56.4% disp=0.122
  D05              fill= 45.7 cog= 54.1 stab= 33.0 place=100.0 soft=100.0 | comp= 66.6 packed=53.3% disp=0.137
  D06              fill= 42.3 cog= 52.1 stab= 50.4 place=100.0 soft=100.0 | comp= 69.0 packed=60.0% disp=0.093
  D07              fill= 46.3 cog= 52.0 stab= 35.1 place=100.0 soft=100.0 | comp= 66.7 packed=70.0% disp=0.131
  D08              fill= 40.3 cog= 53.6 stab= 32.3 place=100.0 soft=100.0 | comp= 65.2 packed=57.3% disp=0.155
  D09              fill= 32.3 cog= 54.6 stab= 52.3 place=100.0 soft= 85.0 | comp= 64.8 packed=52.7% disp=0.091
  D10              fill= 36.9 cog= 51.9 stab= 28.1 place=100.0 soft=100.0 | comp= 63.4 packed=52.0% disp=0.188
  D11              fill= 47.6 cog= 51.4 stab= 36.4 place=100.0 soft=100.0 | comp= 67.1 packed=68.0% disp=0.121
  D12              fill= 36.2 cog= 51.9 stab= 41.1 place=100.0 soft= 95.7 | comp= 65.0 packed=59.1% disp=0.115
  D13              fill= 33.7 cog= 53.9 stab= 37.0 place=100.0 soft= 92.3 | comp= 63.4 packed=53.0% disp=0.183
  D14              fill= 42.6 cog= 53.8 stab= 37.1 place=100.0 soft=100.0 | comp= 66.7 packed=61.8% disp=0.118
  D15              fill= 45.9 cog= 51.1 stab= 46.5 place=100.0 soft= 84.6 | comp= 65.6 packed=74.0% disp=0.120
  D16              fill= 35.9 cog= 55.9 stab= 34.8 place= 64.3 soft= 90.9 | comp= 56.4 packed=51.7% disp=0.194
  D17              fill= 41.4 cog= 53.0 stab= 29.8 place=100.0 soft=100.0 | comp= 64.9 packed=46.7% disp=0.140
  D18              fill= 35.4 cog= 53.3 stab= 36.6 place= 92.9 soft= 78.6 | comp= 59.4 packed=52.7% disp=0.142
  D19              fill= 37.1 cog= 53.6 stab= 27.2 place=100.0 soft=100.0 | comp= 63.6 packed=47.3% disp=0.148
  D20              fill= 38.5 cog= 54.5 stab= 32.9 place=100.0 soft=100.0 | comp= 65.2 packed=50.0% disp=0.107
  D21              fill= 35.5 cog= 53.0 stab= 39.6 place= 50.0 soft= 91.2 | comp= 53.9 packed=53.6% disp=0.155
  D22              fill= 38.8 cog= 53.5 stab= 35.9 place= 88.9 soft= 92.9 | comp= 62.0 packed=49.2% disp=0.207
  D23              fill= 35.3 cog= 54.8 stab= 37.7 place=100.0 soft= 90.0 | comp= 63.6 packed=60.0% disp=0.117
  D24              fill= 27.4 cog= 56.9 stab= 45.2 place= 83.3 soft= 81.2 | comp= 58.8 packed=48.0% disp=0.142
  D25              fill= 36.9 cog= 54.5 stab= 40.1 place=100.0 soft= 70.0 | comp= 60.3 packed=53.3% disp=0.127
  D26              fill= 38.5 cog= 52.8 stab= 51.6 place=100.0 soft= 93.2 | comp= 67.2 packed=60.0% disp=0.099
  D27              fill= 38.3 cog= 51.7 stab= 56.2 place=100.0 soft= 86.7 | comp= 66.6 packed=60.0% disp=0.070
  D28              fill= 34.0 cog= 55.4 stab= 27.6 place= 50.0 soft=100.0 | comp= 53.4 packed=48.0% disp=0.184
  D29              fill= 40.3 cog= 54.7 stab= 36.5 place=100.0 soft=100.0 | comp= 66.3 packed=47.3% disp=0.145
  D30              fill= 32.5 cog= 53.5 stab= 43.4 place= 66.7 soft= 91.3 | comp= 57.5 packed=65.0% disp=0.138
  D31              fill= 29.3 cog= 53.1 stab= 38.5 place=100.0 soft= 75.0 | comp= 59.2 packed=43.3% disp=0.171
  == norm%=44.16 fill=37.95 cog=53.57 stab=39.03 place=93.63 soft=92.46 | COMPOSITE=63.33 packed=55.8%  [493s]
